Component: ARM Compiler 5.06 update 6 (build 750) Tool: armlink [4d35ed]

==============================================================================

Section Cross References

    system_stm32f4xx.o(.text) refers to system_stm32f4xx.o(.data) for SystemCoreClock
    stm32f4x7_eth.o(.text) refers to timer.o(.text) for sleep
    stm32f4x7_eth.o(.text) refers to stm32f4x7_eth.o(.data) for DMARxDescToGet
    stm32f4x7_eth.o(.text) refers to stm32f4x7_eth.o(.bss) for RX_Frame_Descriptor
    stm32f4xx_adc.o(.text) refers to stm32f4xx_rcc.o(.text) for RCC_APB2PeriphResetCmd
    stm32f4xx_can.o(.text) refers to stm32f4xx_rcc.o(.text) for RCC_APB1PeriphResetCmd
    stm32f4xx_dac.o(.text) refers to stm32f4xx_rcc.o(.text) for RCC_APB1PeriphResetCmd
    stm32f4xx_fsmc.o(.text) refers to stm32f4xx_fsmc.o(.constdata) for FSMC_DefaultTimingStruct
    stm32f4xx_gpio.o(.text) refers to stm32f4xx_rcc.o(.text) for RCC_AHB1PeriphResetCmd
    stm32f4xx_i2c.o(.text) refers to stm32f4xx_rcc.o(.text) for RCC_APB1PeriphResetCmd
    stm32f4xx_pwr.o(.text) refers to stm32f4xx_rcc.o(.text) for RCC_APB1PeriphResetCmd
    stm32f4xx_rcc.o(.text) refers to stm32f4xx_rcc.o(.data) for APBAHBPrescTable
    stm32f4xx_rng.o(.text) refers to stm32f4xx_rcc.o(.text) for RCC_AHB2PeriphResetCmd
    stm32f4xx_sdio.o(.text) refers to stm32f4xx_rcc.o(.text) for RCC_APB2PeriphResetCmd
    stm32f4xx_spi.o(.text) refers to stm32f4xx_rcc.o(.text) for RCC_APB2PeriphResetCmd
    stm32f4xx_syscfg.o(.text) refers to stm32f4xx_rcc.o(.text) for RCC_APB2PeriphResetCmd
    stm32f4xx_tim.o(.text) refers to stm32f4xx_rcc.o(.text) for RCC_APB2PeriphResetCmd
    stm32f4xx_usart.o(.text) refers to stm32f4xx_rcc.o(.text) for RCC_APB2PeriphResetCmd
    stm32f4xx_wwdg.o(.text) refers to stm32f4xx_rcc.o(.text) for RCC_APB1PeriphResetCmd
    startup_stm32f4xx.o(RESET) refers to startup_stm32f4xx.o(STACK) for __initial_sp
    startup_stm32f4xx.o(RESET) refers to startup_stm32f4xx.o(.text) for Reset_Handler
    startup_stm32f4xx.o(RESET) refers to stm32f4xx_it.o(.text) for NMI_Handler
    startup_stm32f4xx.o(RESET) refers to stm32f4xx_it.o(.emb_text) for HardFault_Handler
    startup_stm32f4xx.o(RESET) refers to os_cpu_a.o(.text) for PendSV_Handler
    startup_stm32f4xx.o(RESET) refers to os_cpu_c.o(.text) for SysTick_Handler
    startup_stm32f4xx.o(RESET) refers to audio_low_level.o(.text) for DMA1_Stream6_IRQHandler
    startup_stm32f4xx.o(RESET) refers to hard_timer.o(.text) for TIM2_IRQHandler
    startup_stm32f4xx.o(RESET) refers to w25p80.o(.text) for SPI1_IRQHandler
    startup_stm32f4xx.o(RESET) refers to usart.o(.text) for USART1_IRQHandler
    startup_stm32f4xx.o(RESET) refers to sdcard.o(.text) for SDIO_IRQHandler
    startup_stm32f4xx.o(RESET) refers to camera.o(.text) for DMA2_Stream1_IRQHandler
    startup_stm32f4xx.o(RESET) refers to lan8720.o(.text) for ETH_IRQHandler
    startup_stm32f4xx.o(RESET) refers to usb_hcd_int.o(.text) for OTG_HS_IRQHandler
    startup_stm32f4xx.o(RESET) refers to net_cemera.o(.text) for DCMI_IRQHandler
    startup_stm32f4xx.o(.text) refers to system_stm32f4xx.o(.text) for SystemInit
    startup_stm32f4xx.o(.text) refers to entry.o(.ARM.Collect$$$$00000000) for __main
    os_core.o(.text) refers to os_cpu_a.o(.text) for OS_CPU_SR_Save
    os_core.o(.text) refers to os_core.o(.data) for OSIntNesting
    os_core.o(.text) refers to os_core.o(.constdata) for OSUnMapTbl
    os_core.o(.text) refers to os_core.o(.bss) for OSTCBPrioTbl
    os_core.o(.text) refers to os_task.o(.text) for OSTaskStkChk
    os_core.o(.text) refers to os_time.o(.text) for OSTimeDly
    os_core.o(.text) refers to os_cpu_c.o(.text) for OSTaskStatHook
    os_core.o(.text) refers to os_flag.o(.text) for OS_FlagInit
    os_core.o(.text) refers to os_q.o(.text) for OS_QInit
    os_core.o(.text) refers to os_tmr.o(.text) for OSTmr_Init
    os_flag.o(.text) refers to os_cpu_a.o(.text) for OS_CPU_SR_Save
    os_flag.o(.text) refers to os_core.o(.text) for OS_Sched
    os_flag.o(.text) refers to os_core.o(.data) for OSIntNesting
    os_flag.o(.text) refers to os_core.o(.bss) for OSFlagTbl
    os_mbox.o(.text) refers to os_cpu_a.o(.text) for OS_CPU_SR_Save
    os_mbox.o(.text) refers to os_core.o(.text) for OS_EventWaitListInit
    os_mbox.o(.text) refers to os_core.o(.data) for OSIntNesting
    os_mutex.o(.text) refers to os_cpu_a.o(.text) for OS_CPU_SR_Save
    os_mutex.o(.text) refers to os_core.o(.text) for OS_EventWaitListInit
    os_mutex.o(.text) refers to os_core.o(.data) for OSIntNesting
    os_mutex.o(.text) refers to os_core.o(.bss) for OSTCBPrioTbl
    os_q.o(.text) refers to os_cpu_a.o(.text) for OS_CPU_SR_Save
    os_q.o(.text) refers to os_core.o(.text) for OS_EventWaitListInit
    os_q.o(.text) refers to os_core.o(.data) for OSIntNesting
    os_q.o(.text) refers to os_core.o(.bss) for OSQTbl
    os_sem.o(.text) refers to os_cpu_a.o(.text) for OS_CPU_SR_Save
    os_sem.o(.text) refers to os_core.o(.text) for OS_EventWaitListInit
[...]
    0x0800198c   0x0800198c   0x00000190   Code   RO          358    .text               stm32f4xx_dcmi.o
    0x08001b1c   0x08001b1c   0x000003a8   Code   RO          378    .text               stm32f4xx_dma.o
    0x08001ec4   0x08001ec4   0x0000011c   Code   RO          398    .text               stm32f4xx_exti.o
    0x08001fe0   0x08001fe0   0x00000698   Code   RO          438    .text               stm32f4xx_fsmc.o
    0x08002678   0x08002678   0x0000025c   Code   RO          461    .text               stm32f4xx_gpio.o
    0x080028d4   0x080028d4   0x0000065c   Code   RO          541    .text               stm32f4xx_rcc.o
    0x08002f30   0x08002f30   0x000000a0   Code   RO          563    .text               stm32f4xx_rng.o
    0x08002fd0   0x08002fd0   0x000001dc   Code   RO          603    .text               stm32f4xx_sdio.o
    0x080031ac   0x080031ac   0x000003f8   Code   RO          623    .text               stm32f4xx_spi.o
    0x080035a4   0x080035a4   0x0000008c   Code   RO          643    .text               stm32f4xx_syscfg.o
    0x08003630   0x08003630   0x00000ca2   Code   RO          663    .text               stm32f4xx_tim.o
    0x080042d2   0x080042d2   0x00000002   PAD
    0x080042d4   0x080042d4   0x0000041a   Code   RO          683    .text               stm32f4xx_usart.o
    0x080046ee   0x080046ee   0x00000002   PAD
    0x080046f0   0x080046f0   0x00000024   Code   RO          724    .text               startup_stm32f4xx.o
    0x08004714   0x08004714   0x00000ca8   Code   RO          728    .text               os_core.o
    0x080053bc   0x080053bc   0x000007fc   Code   RO          761    .text               os_flag.o
    0x08005bb8   0x08005bb8   0x000005e8   Code   RO          807    .text               os_q.o
    0x080061a0   0x080061a0   0x000003a8   Code   RO          819    .text               os_sem.o
    0x08006548   0x08006548   0x00000848   Code   RO          831    .text               os_task.o
    0x08006d90   0x08006d90   0x00000198   Code   RO          872    .text               os_time.o
    0x08006f28   0x08006f28   0x00000718   Code   RO          884    .text               os_tmr.o
    0x08007640   0x08007640   0x0000019c   Code   RO          909    .text               os_cpu_c.o
    0x080077dc   0x080077dc   0x000000b8   Code   RO         1219    .text               os_cpu_a.o
    0x08007894   0x08007894   0x00000118   Code   RO         1222    .text               atomic.o
    0x080079ac   0x080079ac   0x00001274   Code   RO         1236    .text               memory.o
    0x08008c20   0x08008c20   0x000004a0   Code   RO         1303    .text               task.o
    0x080090c0   0x080090c0   0x00000450   Code   RO         1320    .text               memory2.o
    0x08009510   0x08009510   0x00000414   Code   RO         1356    .text               msg_q.o
    0x08009924   0x08009924   0x0000016c   Code   RO         1372    .text               mutex.o
    0x08009a90   0x08009a90   0x000001d4   Code   RO         1384    .text               sem.o
    0x08009c64   0x08009c64   0x00000470   Code   RO         1396    .text               timer.o
    0x0800a0d4   0x0800a0d4   0x00000254   Code   RO         1408    .text               wait.o
    0x0800a328   0x0800a328   0x00000e74   Code   RO         1420    .text               api_lib.o
    0x0800b19c   0x0800b19c   0x00001a30   Code   RO         1484    .text               api_msg.o
    0x0800cbcc   0x0800cbcc   0x0000041c   Code   RO         1623    .text               netbuf.o
    0x0800cfe8   0x0800cfe8   0x00000308   Code   RO         1643    .text               netdb.o
    0x0800d2f0   0x0800d2f0   0x000020c8   Code   RO         1679    .text               sockets.o
    0x0800f3b8   0x0800f3b8   0x000003f8   Code   RO         1733    .text               tcpip.o
    0x0800f7b0   0x0800f7b0   0x000005a0   Code   RO         1772    .text               sys_arch.o
    0x0800fd50   0x0800fd50   0x00001d72   Code   RO         1811    .text               dhcp.o
    0x08011ac2   0x08011ac2   0x00000002   PAD
    0x08011ac4   0x08011ac4   0x0000082c   Code   RO         1854    .text               dns.o
    0x080122f0   0x080122f0   0x00000028   Code   RO         1871    .text               init.o
    0x08012318   0x08012318   0x00000388   Code   RO         1942    .text               netif.o
    0x080126a0   0x080126a0   0x000012c8   Code   RO         1967    .text               pbuf.o
    0x08013968   0x08013968   0x00000254   Code   RO         1995    .text               raw.o
    0x08013bbc   0x08013bbc   0x00000014   Code   RO         2010    .text               stats.o
    0x08013bd0   0x08013bd0   0x00000024   Code   RO         2028    .text               sys.o
    0x08013bf4   0x08013bf4   0x0000165c   Code   RO         2040    .text               tcp.o
    0x08015250   0x08015250   0x0000210c   Code   RO         2067    .text               tcp_in.o
    0x0801735c   0x0801735c   0x00001418   Code   RO         2093    .text               tcp_out.o
    0x08018774   0x08018774   0x00000428   Code   RO         2107    .text               _timers.o
    0x08018b9c   0x08018b9c   0x00000770   Code   RO         2152    .text               udp.o
    0x0801930c   0x0801930c   0x000004ec   Code   RO         2188    .text               icmp.o
    0x080197f8   0x080197f8   0x0000090c   Code   RO         2200    .text               igmp.o
    0x0801a104   0x0801a104   0x000002d4   Code   RO         2224    .text               inet_chksum.o
    0x0801a3d8   0x0801a3d8   0x00000690   Code   RO         2236    .text               ip.o
    0x0801aa68   0x0801aa68   0x00000348   Code   RO         2285    .text               ip_addr.o
    0x0801adb0   0x0801adb0   0x00000bb0   Code   RO         2308    .text               ip_frag.o
    0x0801b960   0x0801b960   0x000003dc   Code   RO         2323    .text               ethernetif.o
    0x0801bd3c   0x0801bd3c   0x00001020   Code   RO         2372    .text               etharp.o
    0x0801cd5c   0x0801cd5c   0x00000488   Code   RO         2418    .text               eth_ethernetif.o
    0x0801d1e4   0x0801d1e4   0x00000870   Code   RO         2448    .text               dhcpserver.o
    0x0801da54   0x0801da54   0x000018b0   Code   RO         2484    .text               moal_main.o
    0x0801f304   0x0801f304   0x00000ca8   Code   RO         2571    .text               moal_cfg80211.o
    0x0801ffac   0x0801ffac   0x00001f3c   Code   RO         2714    .text               moal_ioctl.o
    0x08021ee8   0x08021ee8   0x00000798   Code   RO         2776    .text               moal_sdio_mmc.o
    0x08022680   0x08022680   0x00000810   Code   RO         2945    .text               moal_shim.o
    0x08022e90   0x08022e90   0x0000113c   Code   RO         3000    .text               moal_sta_cfg80211.o
    0x08023fcc   0x08023fcc   0x00000670   Code   RO         3020    .text               moal_uap_cfg80211.o
    0x0802463c   0x0802463c   0x000015b8   Code   RO         3035    .text               moal_uap.o
    0x08025bf4   0x08025bf4   0x000000a0   Code   RO         3059    .text               moal_uap_priv.o
    0x08025c94   0x08025c94   0x0000053c   Code   RO         3074    .text               bits.o
    0x080261d0   0x080261d0   0x000009ca   Code   RO         3143    .text               mlan_11d.o
    0x08026b9a   0x08026b9a   0x00000002   PAD
    0x08026b9c   0x08026b9c   0x000015c0   Code   RO         3205    .text               mlan_11h.o
    0x0802815c   0x0802815c   0x0000108c   Code   RO         3230    .text               mlan_11n.o
    0x080291e8   0x080291e8   0x00000518   Code   RO         3262    .text               mlan_11n_aggr.o
    0x08029700   0x08029700   0x000008ea   Code   RO         3291    .text               mlan_11n_rxreorder.o
    0x08029fea   0x08029fea   0x00000002   PAD
    0x08029fec   0x08029fec   0x00000860   Code   RO         3313    .text               mlan_cfp.o
    0x0802a84c   0x0802a84c   0x00001904   Code   RO         3366    .text               mlan_cmdevt.o
    0x0802c150   0x0802c150   0x00000a7c   Code   RO         3394    .text               mlan_init.o
    0x0802cbcc   0x0802cbcc   0x00001434   Code   RO         3426    .text               mlan_join.o
    0x0802e000   0x0802e000   0x000000f4   Code   RO         3454    .text               mlan_meas.o
    0x0802e0f4   0x0802e0f4   0x00001714   Code   RO         3471    .text               mlan_misc.o
    0x0802f808   0x0802f808   0x000026ac   Code   RO         3497    .text               mlan_scan.o
    0x08031eb4   0x08031eb4   0x0000098c   Code   RO         3528    .text               mlan_sdio.o
    0x08032840   0x08032840   0x000008b6   Code   RO         3555    .text               mlan_shim.o
    0x080330f6   0x080330f6   0x00000002   PAD
    0x080330f8   0x080330f8   0x00000f88   Code   RO         3582    .text               mlan_sta_cmd.o
    0x08034080   0x08034080   0x00000c64   Code   RO         3594    .text               mlan_sta_cmdresp.o
    0x08034ce4   0x08034ce4   0x0000059a   Code   RO         3606    .text               mlan_sta_event.o
    0x0803527e   0x0803527e   0x00000002   PAD
    0x08035280   0x08035280   0x00002b8c   Code   RO         3618    .text               mlan_sta_ioctl.o
    0x08037e0c   0x08037e0c   0x0000023c   Code   RO         3638    .text               mlan_sta_rx.o
    0x08038048   0x08038048   0x00000234   Code   RO         3654    .text               mlan_sta_tx.o
    0x0803827c   0x0803827c   0x000003b0   Code   RO         3673    .text               mlan_txrx.o
    0x0803862c   0x0803862c   0x000021a8   Code   RO         3692    .text               mlan_uap_cmdevent.o
    0x0803a7d4   0x0803a7d4   0x00000ad4   Code   RO         3704    .text               mlan_uap_ioctl.o
    0x0803b2a8   0x0803b2a8   0x0000052c   Code   RO         3718    .text               mlan_uap_txrx.o
    0x0803b7d4   0x0803b7d4   0x00001984   Code   RO         3730    .text               mlan_wmm.o
    0x0803d158   0x0803d158   0x00001180   Code   RO         3760    .text               skbuff.o
    0x0803e2d8   0x0803e2d8   0x00000f00   Code   RO         3782    .text               usr_cfg.o
    0x0803f1d8   0x0803f1d8   0x000001e0   Code   RO         3961    .text               bit.o
    0x0803f3b8   0x0803f3b8   0x000005fc   Code   RO         4031    .text               frame.o
    0x0803f9b4   0x0803f9b4   0x000025a8   Code   RO         4063    .text               layer3.o
    0x08041f5c   0x08041f5c   0x00000880   Code   RO         4082    .text               layer12.o
    0x080427dc   0x080427dc   0x000008e4   Code   RO         4096    .text               mad_timer.o
    0x080430c0   0x080430c0   0x00000870   Code   RO         4116    .text               madlld.o
    0x08043930   0x08043930   0x000003e8   Code   RO         4245    .text               stream.o
    0x08043d18   0x08043d18   0x00001478   Code   RO         4257    .text               synth.o
    0x08045190   0x08045190   0x00000d58   Code   RO         4302    .text               cb_search.o
    0x08045ee8   0x08045ee8   0x000012c4   Code   RO         4452    .text               filters.o
    0x080471ac   0x080471ac   0x0000014c   Code   RO         4619    .text               lpc.o
    0x080472f8   0x080472f8   0x00000884   Code   RO         4634    .text               lsp.o
    0x08047b7c   0x08047b7c   0x00000f8c   Code   RO         4660    .text               ltp.o
    0x08048b08   0x08048b08   0x00003348   Code   RO         4777    .text               nb_celp.o
    0x0804be50   0x0804be50   0x000006ac   Code   RO         4830    .text               quant_lsp.o
    0x0804c4fc   0x0804c4fc   0x00000314   Code   RO         4905    .text               speex.o
    0x0804c810   0x0804c810   0x0000017a   Code   RO         4917    .text               speex_callbacks.o
    0x0804c98a   0x0804c98a   0x00000002   PAD
    0x0804c98c   0x0804c98c   0x0000109c   Code   RO         4977    .text               vbr.o
    0x0804da28   0x0804da28   0x0000018e   Code   RO         4995    .text               vq.o
    0x0804dbb6   0x0804dbb6   0x00000002   PAD
    0x0804dbb8   0x0804dbb8   0x000012d0   Code   RO         5018    .text               audio_low_level.o
    0x0804ee88   0x0804ee88   0x0000010c   Code   RO         5049    .text               camera.o
    0x0804ef94   0x0804ef94   0x0000023c   Code   RO         5077    .text               dht11.o
    0x0804f1d0   0x0804f1d0   0x00000458   Code   RO         5100    .text               driver_misc.o
    0x0804f628   0x0804f628   0x000000e4   Code   RO         5128    .text               hard_timer.o
    0x0804f70c   0x0804f70c   0x000003e0   Code   RO         5165    .text               lan8720.o
    0x0804faec   0x0804faec   0x00000254   Code   RO         5266    .text               sccb.o
    0x0804fd40   0x0804fd40   0x00001464   Code   RO         5286    .text               sdcard.o
    0x080511a4   0x080511a4   0x00000428   Code   RO         5315    .text               key.o
    0x080515cc   0x080515cc   0x00000650   Code   RO         5343    .text               usart.o
    0x08051c1c   0x08051c1c   0x0000072c   Code   RO         5375    .text               w25p80.o
    0x08052348   0x08052348   0x00000d24   Code   RO         5400    .text               ov2640.o
    0x0805306c   0x0805306c   0x000001f8   Code   RO         5430    .text               stm32f4xx_it.o
    0x08053264   0x08053264   0x00000830   Code   RO         5456    .text               24l01.o
    0x08053a94   0x08053a94   0x00004da6   Code   RO         5501    .text               mq2.o
    0x0805883a   0x0805883a   0x00000002   PAD
    0x0805883c   0x0805883c   0x00000274   Code   RO         5555    .text               dcmi.o
    0x08058ab0   0x08058ab0   0x00000628   Code   RO         5579    .text               net_cemera.o
    0x080590d8   0x080590d8   0x000000fc   Code   RO         5622    .text               usb_bsp.o
    0x080591d4   0x080591d4   0x00000944   Code   RO         5648    .text               usbh_usr.o
    0x08059b18   0x08059b18   0x0000092c   Code   RO         5702    .text               usbh_core.o
    0x0805a444   0x0805a444   0x000001b6   Code   RO         5731    .text               usbh_hcs.o
    0x0805a5fa   0x0805a5fa   0x00000002   PAD
    0x0805a5fc   0x0805a5fc   0x00000588   Code   RO         5751    .text               usbh_ioreq.o
    0x0805ab84   0x0805ab84   0x00001170   Code   RO         5772    .text               usbh_stdreq.o
    0x0805bcf4   0x0805bcf4   0x00000ff0   Code   RO         5793    .text               usb_core.o
    0x0805cce4   0x0805cce4   0x000001f0   Code   RO         5820    .text               usb_hcd.o
    0x0805ced4   0x0805ced4   0x000010b8   Code   RO         5840    .text               usb_hcd_int.o
    0x0805df8c   0x0805df8c   0x0000024c   Code   RO         5865    .text               usbh_msc_core.o
    0x0805e1d8   0x0805e1d8   0x000002e4   Code   RO         5887    .text               usbh_msc_bot.o
    0x0805e4bc   0x0805e4bc   0x000005ac   Code   RO         5919    .text               usbh_msc_scsi.o
    0x0805ea68   0x0805ea68   0x00000154   Code   RO         5947    .text               usbh_msc_fatfs.o
    0x0805ebbc   0x0805ebbc   0x000000ea   Code   RO         5970    .text               diskio.o
    0x0805eca6   0x0805eca6   0x00000002   PAD
    0x0805eca8   0x0805eca8   0x000026e6   Code   RO         5991    .text               ff.o
    0x0806138e   0x0806138e   0x00000002   PAD
    0x08061390   0x08061390   0x000000a8   Code   RO         6045    .text               ccsbcs.o
    0x08061438   0x08061438   0x0000006c   Code   RO         6104    .text               syscall.o
    0x080614a4   0x080614a4   0x000005f0   Code   RO         6119    .text               web_cfg.o
    0x08061a94   0x08061a94   0x0000061c   Code   RO         6197    .text               sys_misc.o
    0x080620b0   0x080620b0   0x00000334   Code   RO         6236    .text               main.o
    0x080623e4   0x080623e4   0x00000f04   Code   RO         6260    .text               wifi.o
    0x080632e8   0x080632e8   0x00000d30   Code   RO         6296    .text               test_wifi.o
    0x08064018   0x08064018   0x00001350   Code   RO         6365    .text               test_tcpip.o
    0x08065368   0x08065368   0x00000b2c   Code   RO         6434    .text               audio.o
    0x08065e94   0x08065e94   0x00001200   Code   RO         6493    .text               tcpapp.o
    0x08067094   0x08067094   0x000005f4   Code   RO         6595    .text               work.o
    0x08067688   0x08067688   0x00001544   Code   RO         6701    .text               test_fs.o
    0x08068bcc   0x08068bcc   0x00000ee0   Code   RO         7066    .text               aes.o
    0x08069aac   0x08069aac   0x0000049a   Code   RO         7101    .text               asn1parse.o
    0x08069f46   0x08069f46   0x00000002   PAD
    0x08069f48   0x08069f48   0x0000028c   Code   RO         7128    .text               base64.o
    0x0806a1d4   0x0806a1d4   0x00002584   Code   RO         7145    .text               bignum.o
    0x0806c758   0x0806c758   0x00000568   Code   RO         7194    .text               cipher.o
    0x0806ccc0   0x0806ccc0   0x00000098   Code   RO         7218    .text               cipher_wrap.o
    0x0806cd58   0x0806cd58   0x0000040c   Code   RO         7382    .text               md.o
    0x0806d164   0x0806d164   0x000001aa   Code   RO         7403    .text               md_wrap.o
    0x0806d30e   0x0806d30e   0x00000002   PAD
    0x0806d310   0x0806d310   0x00000afc   Code   RO         7442    .text               md5.o
    0x0806de0c   0x0806de0c   0x00000458   Code   RO         7465    .text               net.o
    0x0806e264   0x0806e264   0x000003ec   Code   RO         7521    .text               oid.o
    0x0806e650   0x0806e650   0x00000484   Code   RO         7545    .text               pem.o
    0x0806ead4   0x0806ead4   0x000002fc   Code   RO         7566    .text               pk.o
    0x0806edd0   0x0806edd0   0x00000188   Code   RO         7585    .text               pk_wrap.o
    0x0806ef58   0x0806ef58   0x00000608   Code   RO         7627    .text               pkparse.o
    0x0806f560   0x0806f560   0x00000f34   Code   RO         7666    .text               rsa.o
    0x08070494   0x08070494   0x00001b2c   Code   RO         7684    .text               sha1_1.o
    0x08071fc0   0x08071fc0   0x000010c0   Code   RO         7701    .text               sha256.o
    0x08073080   0x08073080   0x000000f0   Code   RO         7730    .text               ssl_ciphersuites.o
    0x08073170   0x08073170   0x00000b74   Code   RO         7750    .text               ssl_cli.o
    0x08073ce4   0x08073ce4   0x00002696   Code   RO         7789    .text               ssl_tls.o
    0x0807637a   0x0807637a   0x00000072   Code   RO         7815    .text               threading.o
    0x080763ec   0x080763ec   0x00000790   Code   RO         7850    .text               x509.o
    0x08076b7c   0x08076b7c   0x00001ff8   Code   RO         7880    .text               x509_crt.o
    0x08078b74   0x08078b74   0x00000060   Code   RO         8184    .text               aliyun_iot_platform_memory.o
    0x08078bd4   0x08078bd4   0x000006cc   Code   RO         8196    .text               aliyun_iot_platform_network.o
    0x080792a0   0x080792a0   0x00000118   Code   RO         8216    .text               aliyun_iot_platform_pthread.o
    0x080793b8   0x080793b8   0x00000008   Code   RO         8266    .text               aliyun_iot_platform_timer.o
    0x080793c0   0x080793c0   0x00000fe0   Code   RO         8278    .text               aliyun_iot_network_ssl.o
    0x0807a3a0   0x0807a3a0   0x0000000c   Code   RO         8366    .text               aliyun_iot_ca.o
    0x0807a3ac   0x0807a3ac   0x000003c4   Code   RO         8396    .text               aliyun_iot_common_base64.o
    0x0807a770   0x0807a770   0x00002028   Code   RO         8448    .text               aliyun_iot_common_httpclient.o
    0x0807c798   0x0807c798   0x0000003c   Code   RO         8519    .text               aliyun_iot_common_log.o
    0x0807c7d4   0x0807c7d4   0x00000ab0   Code   RO         8555    .text               aliyun_iot_common_net.o
    0x0807d284   0x0807d284   0x000000d0   Code   RO         8585    .text               aliyun_iot_common_timer.o
    0x0807d354   0x0807d354   0x000017b0   Code   RO         8638    .text               baidu_ai_face.o
    0x0807eb04   0x0807eb04   0x0000111c   Code   RO         8834    .text               baidu_ai_voice.o
    0x0807fc20   0x0807fc20   0x00000754   Code   RO         8888    .text               web_server.o
    0x08080374   0x08080374   0x00000060   Code   RO         8928    .text               jpeg_pic.o
    0x080803d4   0x080803d4   0x00000044   Code   RO         9074    .text               fontupd.o
    0x08080418   0x08080418   0x00000300   Code   RO         9101    .text               text.o
    0x08080718   0x08080718   0x00000118   Code   RO         9125    .text               interface.o
    0x08080830   0x08080830   0x00000062   Code   RO         9217    .text               mc_w.l(uldiv.o)
    0x08080892   0x08080892   0x00000002   PAD
    0x08080894   0x08080894   0x00000008   Code   RO         9219    .text               mc_w.l(ctype_o.o)
    0x0808089c   0x0808089c   0x00000012   Code   RO         9241    .text               mc_w.l(isspace_o.o)
    0x080808ae   0x080808ae   0x0000000c   Code   RO         9247    .text               mc_w.l(tolower.o)
    0x080808ba   0x080808ba   0x00000002   PAD
    0x080808bc   0x080808bc   0x00000024   Code   RO         9249    .text               mc_w.l(rand.o)
    0x080808e0   0x080808e0   0x00000042   Code   RO         9256    .text               mc_w.l(memmove.o)
    0x08080922   0x08080922   0x00000024   Code   RO         9262    .text               mc_w.l(memseta.o)
    0x08080946   0x08080946   0x00000018   Code   RO         9264    .text               mc_w.l(strcat.o)
    0x0808095e   0x0808095e   0x00000024   Code   RO         9266    .text               mc_w.l(strstr.o)
    0x08080982   0x08080982   0x00000018   Code   RO         9268    .text               mc_w.l(strncpy.o)
    0x0808099a   0x0808099a   0x00000014   Code   RO         9270    .text               mc_w.l(strchr.o)
    0x080809ae   0x080809ae   0x0000000e   Code   RO         9272    .text               mc_w.l(strlen.o)
    0x080809bc   0x080809bc   0x0000001c   Code   RO         9274    .text               mc_w.l(strcmp.o)
    0x080809d8   0x080809d8   0x0000001a   Code   RO         9276    .text               mc_w.l(memcmp.o)
    0x080809f2   0x080809f2   0x00000012   Code   RO         9278    .text               mc_w.l(strcpy.o)
    0x08080a04   0x08080a04   0x0000001e   Code   RO         9280    .text               mc_w.l(strncmp.o)
    0x08080a22   0x08080a22   0x00000002   PAD
    0x08080a24   0x08080a24   0x000000e4   Code   RO         9288    .text               mc_w.l(strerror.o)
    0x08080b08   0x08080b08   0x00000038   Code   RO         9559    .text               mc_w.l(__0sscanf.o)
    0x08080b40   0x08080b40   0x0000014c   Code   RO         9561    .text               mc_w.l(_scanf_int.o)
    0x08080c8c   0x08080c8c   0x000000e0   Code   RO         9563    .text               mc_w.l(_scanf_str.o)
    0x08080d6c   0x08080d6c   0x0000001a   Code   RO         9565    .text               mc_w.l(atoi.o)
    0x08080d86   0x08080d86   0x0000014e   Code   RO         9567    .text               mf_w.l(dadd.o)
    0x08080ed4   0x08080ed4   0x000000e4   Code   RO         9569    .text               mf_w.l(dmul.o)
    0x08080fb8   0x08080fb8   0x000000de   Code   RO         9571    .text               mf_w.l(ddiv.o)
    0x08081096   0x08081096   0x00000022   Code   RO         9573    .text               mf_w.l(dflti.o)
    0x080810b8   0x080810b8   0x0000001a   Code   RO         9575    .text               mf_w.l(dfltui.o)
    0x080810d2   0x080810d2   0x0000003e   Code   RO         9577    .text               mf_w.l(dfixi.o)
    0x08081110   0x08081110   0x00000032   Code   RO         9579    .text               mf_w.l(dfixui.o)
    0x08081142   0x08081142   0x00000026   Code   RO         9581    .text               mf_w.l(f2d.o)
    0x08081168   0x08081168   0x00000030   Code   RO         9583    .text               mf_w.l(cdcmple.o)
    0x08081198   0x08081198   0x00000030   Code   RO         9585    .text               mf_w.l(cdrcmple.o)
    0x080811c8   0x080811c8   0x00000038   Code   RO         9587    .text               mf_w.l(d2f.o)
    0x08081200   0x08081200   0x0000002c   Code   RO         9648    .text               mc_w.l(uidiv.o)
    0x0808122c   0x0808122c   0x0000001e   Code   RO         9650    .text               mc_w.l(llshl.o)
    0x0808124a   0x0808124a   0x00000020   Code   RO         9652    .text               mc_w.l(llushr.o)
    0x0808126a   0x0808126a   0x00000024   Code   RO         9654    .text               mc_w.l(llsshr.o)
    0x0808128e   0x0808128e   0x0000001c   Code   RO         9663    .text               mc_w.l(_chval.o)
    0x080812aa   0x080812aa   0x00000002   PAD
    0x080812ac   0x080812ac   0x00000028   Code   RO         9665    .text               mc_w.l(scanf_char.o)
    0x080812d4   0x080812d4   0x00000040   Code   RO         9667    .text               mc_w.l(_sgetc.o)
    0x08081314   0x08081314   0x00000070   Code   RO         9669    .text               mc_w.l(strtol.o)
    0x08081384   0x08081384   0x00000000   Code   RO         9671    .text               mc_w.l(iusefp.o)
    0x08081384   0x08081384   0x0000006e   Code   RO         9672    .text               mf_w.l(fepilogue.o)
    0x080813f2   0x080813f2   0x000000ba   Code   RO         9674    .text               mf_w.l(depilogue.o)
    0x080814ac   0x080814ac   0x0000002e   Code   RO         9678    .text               mf_w.l(dscalb.o)
    0x080814da   0x080814da   0x00000030   Code   RO         9680    .text               mf_w.l(dfixul.o)
    0x0808150a   0x0808150a   0x00000002   PAD
    0x0808150c   0x0808150c   0x00000024   Code   RO         9682    .text               mc_w.l(init.o)
    0x08081530   0x08081530   0x0000032c   Code   RO         9686    .text               mc_w.l(_scanf.o)
    0x0808185c   0x0808185c   0x0000009e   Code   RO         9688    .text               mc_w.l(_strtoul.o)
    0x080818fa   0x080818fa   0x000000a2   Code   RO         9690    .text               mf_w.l(dsqrt.o)
    0x0808199c   0x0808199c   0x00000056   Code   RO         9703    .text               mc_w.l(__dczerorl2.o)
    0x080819f2   0x080819f2   0x00000002   PAD
    0x080819f4   0x080819f4   0x0000001c   Code   RO         9530    i.__0fprintf        mc_w.l(printfa.o)
    0x08081a10   0x08081a10   0x00000020   Code   RO         9531    i.__0printf         mc_w.l(printfa.o)
    0x08081a30   0x08081a30   0x00000030   Code   RO         9532    i.__0snprintf       mc_w.l(printfa.o)
    0x08081a60   0x08081a60   0x00000028   Code   RO         9533    i.__0sprintf        mc_w.l(printfa.o)
    0x08081a88   0x08081a88   0x00000030   Code   RO         9606    i.__ARM_fpclassify  m_wm.l(fpclassify.o)
    0x08081ab8   0x08081ab8   0x00000008   Code   RO         9656    i.__aeabi_errno_addr  mc_w.l(errno.o)
    0x08081ac0   0x08081ac0   0x00000014   Code   RO         9158    i.__hardfp_fabs     m_wm.l(fabs.o)
    0x08081ad4   0x08081ad4   0x00000004   PAD
    0x08081ad8   0x08081ad8   0x00000118   Code   RO         9164    i.__hardfp_floor    m_wm.l(floor.o)
    0x08081bf0   0x08081bf0   0x000003c4   Code   RO         9170    i.__hardfp_log      m_wm.l(log.o)
    0x08081fb4   0x08081fb4   0x00000004   PAD
    0x08081fb8   0x08081fb8   0x00000c50   Code   RO         9184    i.__hardfp_pow      m_wm.l(pow.o)
    0x08082c08   0x08082c08   0x000000f8   Code   RO         9608    i.__kernel_poly     m_wm.l(poly.o)
    0x08082d00   0x08082d00   0x00000030   Code   RO         9592    i.__mathlib_dbl_divzero  m_wm.l(dunder.o)
    0x08082d30   0x08082d30   0x00000014   Code   RO         9593    i.__mathlib_dbl_infnan  m_wm.l(dunder.o)
    0x08082d44   0x08082d44   0x00000014   Code   RO         9594    i.__mathlib_dbl_infnan2  m_wm.l(dunder.o)
    0x08082d58   0x08082d58   0x00000020   Code   RO         9595    i.__mathlib_dbl_invalid  m_wm.l(dunder.o)
    0x08082d78   0x08082d78   0x00000020   Code   RO         9596    i.__mathlib_dbl_overflow  m_wm.l(dunder.o)
    0x08082d98   0x08082d98   0x00000020   Code   RO         9598    i.__mathlib_dbl_underflow  m_wm.l(dunder.o)
    0x08082db8   0x08082db8   0x0000000e   Code   RO         9697    i.__scatterload_copy  mc_w.l(handlers.o)
    0x08082dc6   0x08082dc6   0x00000002   Code   RO         9698    i.__scatterload_null  mc_w.l(handlers.o)
    0x08082dc8   0x08082dc8   0x0000000e   Code   RO         9699    i.__scatterload_zeroinit  mc_w.l(handlers.o)
    0x08082dd6   0x08082dd6   0x00000002   PAD
    0x08082dd8   0x08082dd8   0x0000000c   Code   RO         9658    i.__set_errno       mc_w.l(errno.o)
    0x08082de4   0x08082de4   0x00000184   Code   RO         9538    i._fp_digits        mc_w.l(printfa.o)
    0x08082f68   0x08082f68   0x000006dc   Code   RO         9539    i._printf_core      mc_w.l(printfa.o)
    0x08083644   0x08083644   0x00000024   Code   RO         9540    i._printf_post_padding  mc_w.l(printfa.o)
    0x08083668   0x08083668   0x0000002e   Code   RO         9541    i._printf_pre_padding  mc_w.l(printfa.o)
    0x08083696   0x08083696   0x00000016   Code   RO         9542    i._snputc           mc_w.l(printfa.o)
    0x080836ac   0x080836ac   0x0000000a   Code   RO         9543    i._sputc            mc_w.l(printfa.o)
    0x080836b6   0x080836b6   0x00000018   Code   RO         9160    i.fabs              m_wm.l(fabs.o)
    0x080836ce   0x080836ce   0x0000006e   Code   RO         9624    i.sqrt              m_wm.l(sqrt.o)
    0x0808373c   0x0808373c   0x0000001c   Data   RO          439    .constdata          stm32f4xx_fsmc.o
    0x08083758   0x08083758   0x00000100   Data   RO          730    .constdata          os_core.o
    0x08083858   0x08083858   0x0000004a   Data   RO         1237    .constdata          memory.o
    0x080838a2   0x080838a2   0x00000011   Data   RO         1304    .constdata          task.o
    0x080838b3   0x080838b3   0x00000007   Data   RO         1358    .constdata          msg_q.o
    0x080838ba   0x080838ba   0x0000000d   Data   RO         1421    .constdata          api_lib.o
    0x080838c7   0x080838c7   0x00000020   Data   RO         1485    .constdata          api_msg.o
    0x080838e7   0x080838e7   0x0000000b   Data   RO         1624    .constdata          netbuf.o
    0x080838f2   0x080838f2   0x00000011   Data   RO         1645    .constdata          netdb.o
    0x08083903   0x08083903   0x00000001   PAD
    0x08083904   0x08083904   0x00000040   Data   RO         1681    .constdata          sockets.o
    0x08083944   0x08083944   0x0000005a   Data   RO         1734    .constdata          tcpip.o
    0x0808399e   0x0808399e   0x00000002   PAD
    0x080839a0   0x080839a0   0x0000001f   Data   RO         1774    .constdata          sys_arch.o
    0x080839bf   0x080839bf   0x00000001   PAD
    0x080839c0   0x080839c0   0x00000004   Data   RO         1793    .constdata          def.o
    0x080839c4   0x080839c4   0x0000000b   Data   RO         1813    .constdata          dhcp.o
    0x080839cf   0x080839cf   0x00000009   Data   RO         1856    .constdata          dns.o
    0x080839d8   0x080839d8   0x00000020   Data   RO         1915    .constdata          memp.o
    0x080839f8   0x080839f8   0x0000000b   Data   RO         1968    .constdata          pbuf.o
    0x08083a03   0x08083a03   0x00000008   Data   RO         1996    .constdata          raw.o
    0x08083a0b   0x08083a0b   0x00000001   PAD
    0x08083a0c   0x08083a0c   0x0000007f   Data   RO         2041    .constdata          tcp.o
    0x08083a8b   0x08083a8b   0x00000013   Data   RO         2094    .constdata          tcp_out.o
    0x08083a9e   0x08083a9e   0x00000012   Data   RO         2108    .constdata          _timers.o
    0x08083ab0   0x08083ab0   0x00000008   Data   RO         2153    .constdata          udp.o
    0x08083ab8   0x08083ab8   0x00000012   Data   RO         2201    .constdata          igmp.o
    0x08083aca   0x08083aca   0x00000002   PAD
    0x08083acc   0x08083acc   0x00000008   Data   RO         2287    .constdata          ip_addr.o
    0x08083ad4   0x08083ad4   0x0000003c   Data   RO         2309    .constdata          ip_frag.o
    0x08083b10   0x08083b10   0x0000001e   Data   RO         2324    .constdata          ethernetif.o
    0x08083b2e   0x08083b2e   0x0000000c   Data   RO         2374    .constdata          etharp.o
    0x08083b3a   0x08083b3a   0x00000023   Data   RO         2419    .constdata          eth_ethernetif.o
    0x08083b5d   0x08083b5d   0x00000012   Data   RO         2450    .constdata          dhcpserver.o
    0x08083b6f   0x08083b6f   0x00000001   PAD
    0x08083b70   0x08083b70   0x0003d07b   Data   RO         2485    .constdata          moal_main.o
    0x080c0beb   0x080c0beb   0x00000001   PAD
    0x080c0bec   0x080c0bec   0x00000004   Data   RO         2492    .constdata          moal_main.o
    0x080c0bf0   0x080c0bf0   0x000000a8   Data   RO         2572    .constdata          moal_cfg80211.o
    0x080c0c98   0x080c0c98   0x000001f8   Data   RO         2573    .constdata          moal_cfg80211.o
    0x080c0e90   0x080c0e90   0x0000045c   Data   RO         2574    .constdata          moal_cfg80211.o
    0x080c12ec   0x080c12ec   0x00000028   Data   RO         2575    .constdata          moal_cfg80211.o
    0x080c1314   0x080c1314   0x0000004a   Data   RO         2576    .constdata          moal_cfg80211.o
    0x080c135e   0x080c135e   0x0000006f   Data   RO         2715    .constdata          moal_ioctl.o
    0x080c13cd   0x080c13cd   0x00000028   Data   RO         2777    .constdata          moal_sdio_mmc.o
    0x080c13f5   0x080c13f5   0x00000003   PAD
    0x080c13f8   0x080c13f8   0x00000084   Data   RO         2947    .constdata          moal_shim.o
    0x080c147c   0x080c147c   0x0000002b   Data   RO         2948    .constdata          moal_shim.o
    0x080c14a7   0x080c14a7   0x00000001   PAD
    0x080c14a8   0x080c14a8   0x0000008f   Data   RO         3001    .constdata          moal_sta_cfg80211.o
    0x080c1537   0x080c1537   0x00000001   PAD
    0x080c1538   0x080c1538   0x000000a3   Data   RO         3021    .constdata          moal_uap_cfg80211.o
    0x080c15db   0x080c15db   0x00000014   Data   RO         3036    .constdata          moal_uap.o
    0x080c15ef   0x080c15ef   0x0000000c   Data   RO         3075    .constdata          bits.o
    0x080c15fb   0x080c15fb   0x00000001   PAD
    0x080c15fc   0x080c15fc   0x0000024c   Data   RO         3144    .constdata          mlan_11d.o
    0x080c1848   0x080c1848   0x00000010   Data   RO         3206    .constdata          mlan_11h.o
    0x080c1858   0x080c1858   0x00000008   Data   RO         3263    .constdata          mlan_11n_aggr.o
    0x080c1860   0x080c1860   0x000002f5   Data   RO         3314    .constdata          mlan_cfp.o
    0x080c1b55   0x080c1b55   0x00000003   PAD
    0x080c1b58   0x080c1b58   0x00000084   Data   RO         3315    .constdata          mlan_cfp.o
    0x080c1bdc   0x080c1bdc   0x0000009c   Data   RO         3316    .constdata          mlan_cfp.o
    0x080c1c78   0x080c1c78   0x0000009c   Data   RO         3317    .constdata          mlan_cfp.o
    0x080c1d14   0x080c1d14   0x0000009c   Data   RO         3318    .constdata          mlan_cfp.o
    0x080c1db0   0x080c1db0   0x0000000c   Data   RO         3319    .constdata          mlan_cfp.o
    0x080c1dbc   0x080c1dbc   0x0000009c   Data   RO         3320    .constdata          mlan_cfp.o
    0x080c1e58   0x080c1e58   0x0000009c   Data   RO         3321    .constdata          mlan_cfp.o
    0x080c1ef4   0x080c1ef4   0x000000a8   Data   RO         3322    .constdata          mlan_cfp.o
    0x080c1f9c   0x080c1f9c   0x00000120   Data   RO         3323    .constdata          mlan_cfp.o
    0x080c20bc   0x080c20bc   0x000000fc   Data   RO         3324    .constdata          mlan_cfp.o
    0x080c21b8   0x080c21b8   0x000000e4   Data   RO         3325    .constdata          mlan_cfp.o
    0x080c229c   0x080c229c   0x000000e4   Data   RO         3326    .constdata          mlan_cfp.o
    0x080c2380   0x080c2380   0x0000003c   Data   RO         3327    .constdata          mlan_cfp.o
    0x080c23bc   0x080c23bc   0x0000000c   Data   RO         3328    .constdata          mlan_cfp.o
    0x080c23c8   0x080c23c8   0x000000e4   Data   RO         3329    .constdata          mlan_cfp.o
    0x080c24ac   0x080c24ac   0x00000030   Data   RO         3330    .constdata          mlan_cfp.o
    0x080c24dc   0x080c24dc   0x00000030   Data   RO         3331    .constdata          mlan_cfp.o
    0x080c250c   0x080c250c   0x00000060   Data   RO         3332    .constdata          mlan_cfp.o
    0x080c256c   0x080c256c   0x00000084   Data   RO         3333    .constdata          mlan_cfp.o
    0x080c25f0   0x080c25f0   0x0000003c   Data   RO         3334    .constdata          mlan_cfp.o
    0x080c262c   0x080c262c   0x00000084   Data   RO         3335    .constdata          mlan_cfp.o
    0x080c26b0   0x080c26b0   0x0000003c   Data   RO         3336    .constdata          mlan_cfp.o
    0x080c26ec   0x080c26ec   0x00000030   Data   RO         3337    .constdata          mlan_cfp.o
    0x080c271c   0x080c271c   0x00000030   Data   RO         3338    .constdata          mlan_cfp.o
    0x080c274c   0x080c274c   0x00000030   Data   RO         3339    .constdata          mlan_cfp.o
    0x080c277c   0x080c277c   0x00000084   Data   RO         3340    .constdata          mlan_cfp.o
    0x080c2800   0x080c2800   0x0000003c   Data   RO         3341    .constdata          mlan_cfp.o
    0x080c283c   0x080c283c   0x0000006c   Data   RO         3342    .constdata          mlan_cfp.o
    0x080c28a8   0x080c28a8   0x00000012   Data   RO         3343    .constdata          mlan_cfp.o
    0x080c28ba   0x080c28ba   0x00000002   Data   RO         3344    .constdata          mlan_cfp.o
    0x080c28bc   0x080c28bc   0x0000000a   Data   RO         3345    .constdata          mlan_cfp.o
    0x080c28c6   0x080c28c6   0x0000002c   Data   RO         3367    .constdata          mlan_cmdevt.o
    0x080c28f2   0x080c28f2   0x00000021   Data   RO         3395    .constdata          mlan_init.o
    0x080c2913   0x080c2913   0x00000051   Data   RO         3427    .constdata          mlan_join.o
    0x080c2964   0x080c2964   0x00000016   Data   RO         3529    .constdata          mlan_sdio.o
    0x080c297a   0x080c297a   0x00000002   PAD
    0x080c297c   0x080c297c   0x00000020   Data   RO         3556    .constdata          mlan_shim.o
    0x080c299c   0x080c299c   0x00000020   Data   RO         3557    .constdata          mlan_shim.o
    0x080c29bc   0x080c29bc   0x0000003f   Data   RO         3619    .constdata          mlan_sta_ioctl.o
    0x080c29fb   0x080c29fb   0x00000015   Data   RO         3705    .constdata          mlan_uap_ioctl.o
    0x080c2a10   0x080c2a10   0x0000001d   Data   RO         3731    .constdata          mlan_wmm.o
    0x080c2a2d   0x080c2a2d   0x00000076   Data   RO         3761    .constdata          skbuff.o
    0x080c2aa3   0x080c2aa3   0x000000b8   Data   RO         3784    .constdata          usr_cfg.o
    0x080c2b5b   0x080c2b5b   0x00000001   PAD
    0x080c2b5c   0x080c2b5c   0x00000200   Data   RO         3962    .constdata          bit.o
    0x080c2d5c   0x080c2d5c   0x00000144   Data   RO         4032    .constdata          frame.o
    0x080c2ea0   0x080c2ea0   0x00001228   Data   RO         4051    .constdata          huffman.o
    0x080c40c8   0x080c40c8   0x000086b2   Data   RO         4064    .constdata          layer3.o
    0x080cc77a   0x080cc77a   0x00000002   PAD
    0x080cc77c   0x080cc77c   0x0000034d   Data   RO         4083    .constdata          layer12.o
    0x080ccac9   0x080ccac9   0x00000003   PAD
    0x080ccacc   0x080ccacc   0x00000008   Data   RO         4097    .constdata          mad_timer.o
    0x080ccad4   0x080ccad4   0x00000031   Data   RO         4118    .constdata          madlld.o
    0x080ccb05   0x080ccb05   0x00000003   PAD
    0x080ccb08   0x080ccb08   0x00000880   Data   RO         4258    .constdata          synth.o
    0x080cd388   0x080cd388   0x00000084   Data   RO         4303    .constdata          cb_search.o
    0x080cd40c   0x080cd40c   0x00000140   Data   RO         4369    .constdata          exc_5_64_table.o
    0x080cd54c   0x080cd54c   0x00000500   Data   RO         4376    .constdata          exc_5_256_table.o
    0x080cda4c   0x080cda4c   0x00000400   Data   RO         4383    .constdata          exc_8_128_table.o
    0x080cde4c   0x080cde4c   0x000000a0   Data   RO         4390    .constdata          exc_10_16_table.o
    0x080cdeec   0x080cdeec   0x00000140   Data   RO         4397    .constdata          exc_10_32_table.o
    0x080ce02c   0x080ce02c   0x00000280   Data   RO         4404    .constdata          exc_20_32_table.o
    0x080ce2ac   0x080ce2ac   0x000000ca   Data   RO         4453    .constdata          filters.o
    0x080ce376   0x080ce376   0x00000200   Data   RO         4473    .constdata          gain_table.o
    0x080ce576   0x080ce576   0x00000080   Data   RO         4480    .constdata          gain_table_lbr.o
    0x080ce5f6   0x080ce5f6   0x00000400   Data   RO         4501    .constdata          high_lsp_tables.o
    0x080ce9f6   0x080ce9f6   0x00000016   Data   RO         4635    .constdata          lsp.o
    0x080cea0c   0x080cea0c   0x00000780   Data   RO         4653    .constdata          lsp_tables_nb.o
    0x080cf18c   0x080cf18c   0x00000052   Data   RO         4661    .constdata          ltp.o
    0x080cf1de   0x080cf1de   0x00000002   PAD
    0x080cf1e0   0x080cf1e0   0x00000328   Data   RO         4704    .constdata          modes.o
    0x080cf508   0x080cf508   0x000000f8   Data   RO         4778    .constdata          nb_celp.o
    0x080cf600   0x080cf600   0x000002c0   Data   RO         4978    .constdata          vbr.o
    0x080cf8c0   0x080cf8c0   0x000001a6   Data   RO         5007    .constdata          window.o
    0x080cfa66   0x080cfa66   0x00000081   Data   RO         5020    .constdata          audio_low_level.o
    0x080cfae7   0x080cfae7   0x0000000f   Data   RO         5166    .constdata          lan8720.o
    0x080cfaf6   0x080cfaf6   0x00000016   Data   RO         5288    .constdata          sdcard.o
    0x080cfb0c   0x080cfb0c   0x0000001b   Data   RO         5377    .constdata          w25p80.o
    0x080cfb27   0x080cfb27   0x00000001   PAD
    0x080cfb28   0x080cfb28   0x000015b0   Data   RO         5401    .constdata          ov2640.o
    0x080d10d8   0x080d10d8   0x00000033   Data   RO         5458    .constdata          24l01.o
    0x080d110b   0x080d110b   0x000017c0   Data   RO         5503    .constdata          mq2.o
    0x080d28cb   0x080d28cb   0x00000025   Data   RO         5581    .constdata          net_cemera.o
    0x080d28f0   0x080d28f0   0x0000001f   Data   RO         5650    .constdata          usbh_usr.o
    0x080d290f   0x080d290f   0x00000012   Data   RO         5752    .constdata          usbh_ioreq.o
    0x080d2921   0x080d2921   0x00000045   Data   RO         5773    .constdata          usbh_stdreq.o
    0x080d2966   0x080d2966   0x00000015   Data   RO         5794    .constdata          usb_core.o
    0x080d297b   0x080d297b   0x00000041   Data   RO         5841    .constdata          usb_hcd_int.o
    0x080d29bc   0x080d29bc   0x00000009   Data   RO         5866    .constdata          usbh_msc_core.o
    0x080d29c5   0x080d29c5   0x0000000e   Data   RO         5889    .constdata          usbh_msc_bot.o
    0x080d29d3   0x080d29d3   0x00000020   Data   RO         5921    .constdata          usbh_msc_scsi.o
    0x080d29f3   0x080d29f3   0x0000008d   Data   RO         5992    .constdata          ff.o
    0x080d2a80   0x080d2a80   0x000008b8   Data   RO         6046    .constdata          ccsbcs.o
    0x080d3338   0x080d3338   0x0000001b   Data   RO         6105    .constdata          syscall.o
    0x080d3353   0x080d3353   0x00000037   Data   RO         6121    .constdata          web_cfg.o
    0x080d338a   0x080d338a   0x000000b3   Data   RO         6261    .constdata          wifi.o
    0x080d343d   0x080d343d   0x0000008e   Data   RO         6297    .constdata          test_wifi.o
    0x080d34cb   0x080d34cb   0x000000c8   Data   RO         6367    .constdata          test_tcpip.o
    0x080d3593   0x080d3593   0x00000056   Data   RO         6436    .constdata          audio.o
    0x080d35e9   0x080d35e9   0x00000089   Data   RO         6495    .constdata          tcpapp.o
    0x080d3672   0x080d3672   0x00000063   Data   RO         6703    .constdata          test_fs.o
    0x080d36d5   0x080d36d5   0x00000003   PAD
    0x080d36d8   0x080d36d8   0x00002228   Data   RO         7067    .constdata          aes.o
    0x080d5900   0x080d5900   0x000000c0   Data   RO         7129    .constdata          base64.o
    0x080d59c0   0x080d59c0   0x000000fc   Data   RO         7220    .constdata          cipher_wrap.o
    0x080d5abc   0x080d5abc   0x00000014   Data   RO         7383    .constdata          md.o
    0x080d5ad0   0x080d5ad0   0x000000c0   Data   RO         7404    .constdata          md_wrap.o
    0x080d5b90   0x080d5b90   0x00000040   Data   RO         7443    .constdata          md5.o
    0x080d5bd0   0x080d5bd0   0x0000003e   Data   RO         7466    .constdata          net.o
    0x080d5c0e   0x080d5c0e   0x00000002   PAD
    0x080d5c10   0x080d5c10   0x000004f8   Data   RO         7522    .constdata          oid.o
    0x080d6108   0x080d6108   0x00000030   Data   RO         7586    .constdata          pk_wrap.o
    0x080d6138   0x080d6138   0x00000040   Data   RO         7685    .constdata          sha1_1.o
    0x080d6178   0x080d6178   0x00000140   Data   RO         7702    .constdata          sha256.o
    0x080d62b8   0x080d62b8   0x0000032c   Data   RO         7732    .constdata          ssl_ciphersuites.o
    0x080d65e4   0x080d65e4   0x000000ee   Data   RO         7881    .constdata          x509_crt.o
    0x080d66d2   0x080d66d2   0x0000004d   Data   RO         8197    .constdata          aliyun_iot_platform_network.o
    0x080d671f   0x080d671f   0x000000a2   Data   RO         8279    .constdata          aliyun_iot_network_ssl.o
    0x080d67c1   0x080d67c1   0x0000003e   Data   RO         8398    .constdata          aliyun_iot_common_base64.o
    0x080d67ff   0x080d67ff   0x00000170   Data   RO         8449    .constdata          aliyun_iot_common_httpclient.o
    0x080d696f   0x080d696f   0x000000ca   Data   RO         8556    .constdata          aliyun_iot_common_net.o
    0x080d6a39   0x080d6a39   0x000000d2   Data   RO         8640    .constdata          baidu_ai_face.o
    0x080d6b0b   0x080d6b0b   0x00000100   Data   RO         8835    .constdata          baidu_ai_voice.o
    0x080d6c0b   0x080d6c0b   0x0000085b   Data   RO         8890    .constdata          web_server.o
    0x080d7466   0x080d7466   0x00096010   Data   RO         8929    .constdata          jpeg_pic.o
    0x0816d476   0x0816d476   0x00000002   PAD
    0x0816d478   0x0816d478   0x00000038   Data   RO         9173    .constdata          m_wm.l(log.o)
    0x0816d4b0   0x0816d4b0   0x00000088   Data   RO         9187    .constdata          m_wm.l(pow.o)
    0x0816d538   0x0816d538   0x00000081   Data   RO         9220    .constdata          mc_w.l(ctype_o.o)
    0x0816d5b9   0x0816d5b9   0x00000003   PAD
    0x0816d5bc   0x0816d5bc   0x00000004   Data   RO         9221    .constdata          mc_w.l(ctype_o.o)
    0x0816d5c0   0x0816d5c0   0x00000008   Data   RO         9610    .constdata          m_wm.l(qnan.o)
    0x0816d5c8   0x0816d5c8   0x00000138   Data   RO         1321    .conststring        memory2.o
    0x0816d700   0x0816d700   0x0000008c   Data   RO         1814    .conststring        dhcp.o
    0x0816d78c   0x0816d78c   0x00000044   Data   RO         1857    .conststring        dns.o
    0x0816d7d0   0x0816d7d0   0x00000075   Data   RO         2042    .conststring        tcp.o
    0x0816d845   0x0816d845   0x00000003   PAD
    0x0816d848   0x0816d848   0x00000055   Data   RO         2095    .conststring        tcp_out.o
    0x0816d89d   0x0816d89d   0x00000003   PAD
    0x0816d8a0   0x0816d8a0   0x00000044   Data   RO         2375    .conststring        etharp.o
    0x0816d8e4   0x0816d8e4   0x000000a5   Data   RO         3762    .conststring        skbuff.o
    0x0816d989   0x0816d989   0x00000003   PAD
    0x0816d98c   0x0816d98c   0x00000057   Data   RO         4065    .conststring        layer3.o
    0x0816d9e3   0x0816d9e3   0x00000001   PAD
    0x0816d9e4   0x0816d9e4   0x0000005a   Data   RO         4119    .conststring        madlld.o
    0x0816da3e   0x0816da3e   0x00000002   PAD
    0x0816da40   0x0816da40   0x0000000b   Data   RO         4705    .conststring        modes.o
    0x0816da4b   0x0816da4b   0x00000001   PAD
    0x0816da4c   0x0816da4c   0x00000049   Data   RO         5704    .conststring        usbh_core.o
    0x0816da95   0x0816da95   0x00000003   PAD
    0x0816da98   0x0816da98   0x0000000e   Data   RO         6158    .conststring        debug.o
    0x0816daa6   0x0816daa6   0x00000002   PAD
    0x0816daa8   0x0816daa8   0x00000063   Data   RO         6237    .conststring        main.o
    0x0816db0b   0x0816db0b   0x00000001   PAD
    0x0816db0c   0x0816db0c   0x00000021   Data   RO         6298    .conststring        test_wifi.o
    0x0816db2d   0x0816db2d   0x00000003   PAD
    0x0816db30   0x0816db30   0x00000048   Data   RO         7221    .conststring        cipher_wrap.o
    0x0816db78   0x0816db78   0x0000001b   Data   RO         7405    .conststring        md_wrap.o
    0x0816db93   0x0816db93   0x00000001   PAD
    0x0816db94   0x0816db94   0x00000a07   Data   RO         7523    .conststring        oid.o
    0x0816e59b   0x0816e59b   0x00000001   PAD
    0x0816e59c   0x0816e59c   0x00000081   Data   RO         7733    .conststring        ssl_ciphersuites.o
    0x0816e61d   0x0816e61d   0x00000003   PAD
    0x0816e620   0x0816e620   0x00000406   Data   RO         7882    .conststring        x509_crt.o
    0x0816ea26   0x0816ea26   0x00000002   PAD
    0x0816ea28   0x0816ea28   0x00000045   Data   RO         8198    .conststring        aliyun_iot_platform_network.o
    0x0816ea6d   0x0816ea6d   0x00000003   PAD
    0x0816ea70   0x0816ea70   0x0000027b   Data   RO         8280    .conststring        aliyun_iot_network_ssl.o
    0x0816eceb   0x0816eceb   0x00000001   PAD
    0x0816ecec   0x0816ecec   0x00000501   Data   RO         8367    .conststring        aliyun_iot_ca.o
    0x0816f1ed   0x0816f1ed   0x00000003   PAD
    0x0816f1f0   0x0816f1f0   0x00000086   Data   RO         8450    .conststring        aliyun_iot_common_httpclient.o
    0x0816f276   0x0816f276   0x00000002   PAD
    0x0816f278   0x0816f278   0x00000071   Data   RO         8641    .conststring        baidu_ai_face.o
    0x0816f2e9   0x0816f2e9   0x00000003   PAD
    0x0816f2ec   0x0816f2ec   0x00000045   Data   RO         8836    .conststring        baidu_ai_voice.o
    0x0816f331   0x0816f331   0x00000003   PAD
    0x0816f334   0x0816f334   0x00000026   Data   RO         1238    .conststrlit        memory.o
    0x0816f35a   0x0816f35a   0x00000002   PAD
    0x0816f35c   0x0816f35c   0x00000025   Data   RO         2325    .conststrlit        ethernetif.o
    0x0816f381   0x0816f381   0x00000003   PAD
    0x0816f384   0x0816f384   0x0000000f   Data   RO         3428    .conststrlit        mlan_join.o
    0x0816f393   0x0816f393   0x00000001   PAD
    0x0816f394   0x0816f394   0x00000010   Data   RO         3498    .conststrlit        mlan_scan.o
    0x0816f3a4   0x0816f3a4   0x0000001d   Data   RO         3530    .conststrlit        mlan_sdio.o
    0x0816f3c1   0x0816f3c1   0x00000003   PAD
    0x0816f3c4   0x0816f3c4   0x00000083   Data   RO         5021    .conststrlit        audio_low_level.o
    0x0816f447   0x0816f447   0x00000001   PAD
    0x0816f448   0x0816f448   0x000000c8   Data   RO         5651    .conststrlit        usbh_usr.o
    0x0816f510   0x0816f510   0x00000022   Data   RO         5842    .conststrlit        usb_hcd_int.o
    0x0816f532   0x0816f532   0x00000002   PAD
    0x0816f534   0x0816f534   0x0000000f   Data   RO         6368    .conststrlit        test_tcpip.o
    0x0816f543   0x0816f543   0x00000001   PAD
    0x0816f544   0x0816f544   0x0000000d   Data   RO         6437    .conststrlit        audio.o
    0x0816f551   0x0816f551   0x00000003   PAD
    0x0816f554   0x0816f554   0x00000026   Data   RO         8642    .conststrlit        baidu_ai_face.o
    0x0816f57a   0x0816f57a   0x00000002   PAD
    0x0816f57c   0x0816f57c   0x00000020   Data   RO         9695    Region$$Table       anon$$obj.o


    Execution Region RW_IRAM1 (Exec base: 0x20000000, Load base: 0x0816f59c, Size: 0x00004ad8, Max: 0x00030000, ABSOLUTE, COMPRESSED[0x00000270])

    Exec Addr    Load Addr    Size         Type   Attr      Idx    E Section Name        Object

    0x20000000   COMPRESSED   0x00000014   Data   RW            4    .data               system_stm32f4xx.o
    0x20000014   COMPRESSED   0x00000010   Data   RW          161    .data               stm32f4x7_eth.o
    0x20000024   COMPRESSED   0x00000010   Data   RW          542    .data               stm32f4xx_rcc.o
    0x20000034   COMPRESSED   0x0000005c   Data   RW          731    .data               os_core.o
    0x20000090   COMPRESSED   0x00000010   Data   RW          910    .data               os_cpu_c.o
    0x200000a0   COMPRESSED   0x00000020   Data   RW         1239    .data               memory.o
    0x200000c0   COMPRESSED   0x00000004   Data   RW         1305    .data               task.o
    0x200000c4   COMPRESSED   0x00000020   Data   RW         1322    .data               memory2.o
    0x200000e4   COMPRESSED   0x00000014   Data   RW         1646    .data               netdb.o
    0x200000f8   COMPRESSED   0x0000000c   Data   RW         1682    .data               sockets.o
    0x20000104   COMPRESSED   0x00000010   Data   RW         1735    .data               tcpip.o
    0x20000114   COMPRESSED   0x00000004   Data   RW         1775    .data               sys_arch.o
    0x20000118   COMPRESSED   0x00000004   Data   RW         1815    .data               dhcp.o
    0x2000011c   COMPRESSED   0x00000010   Data   RW         1858    .data               dns.o
    0x2000012c   COMPRESSED   0x00000009   Data   RW         1943    .data               netif.o
    0x20000135   COMPRESSED   0x00000001   Data   RW         1969    .data               pbuf.o
    0x20000136   COMPRESSED   0x00000002   PAD
    0x20000138   COMPRESSED   0x00000004   Data   RW         1997    .data               raw.o
    0x2000013c   COMPRESSED   0x00000024   Data   RW         2043    .data               tcp.o
    0x20000160   COMPRESSED   0x00000020   Data   RW         2069    .data               tcp_in.o
    0x20000180   COMPRESSED   0x00000008   Data   RW         2109    .data               _timers.o
    0x20000188   COMPRESSED   0x00000008   Data   RW         2154    .data               udp.o
    0x20000190   COMPRESSED   0x0000000c   Data   RW         2202    .data               igmp.o
    0x2000019c   COMPRESSED   0x00000012   Data   RW         2237    .data               ip.o
    0x200001ae   COMPRESSED   0x00000002   PAD
    0x200001b0   COMPRESSED   0x00000006   Data   RW         2310    .data               ip_frag.o
    0x200001b6   COMPRESSED   0x00000002   PAD
    0x200001b8   COMPRESSED   0x00000004   Data   RW         2326    .data               ethernetif.o
    0x200001bc   COMPRESSED   0x00000001   Data   RW         2376    .data               etharp.o
    0x200001bd   COMPRESSED   0x00000003   PAD
    0x200001c0   COMPRESSED   0x00000005   Data   RW         2420    .data               eth_ethernetif.o
    0x200001c5   COMPRESSED   0x00000003   PAD
    0x200001c8   COMPRESSED   0x0000002c   Data   RW         2451    .data               dhcpserver.o
    0x200001f4   COMPRESSED   0x00000032   Data   RW         2494    .data               moal_main.o
    0x20000226   COMPRESSED   0x00000002   PAD
    0x20000228   COMPRESSED   0x0000002c   Data   RW         2577    .data               moal_cfg80211.o
    0x20000254   COMPRESSED   0x0000002c   Data   RW         2578    .data               moal_cfg80211.o
    0x20000280   COMPRESSED   0x00000004   Data   RW         2579    .data               moal_cfg80211.o
    0x20000284   COMPRESSED   0x00000001   Data   RW         2949    .data               moal_shim.o
    0x20000285   COMPRESSED   0x00000003   PAD
    0x20000288   COMPRESSED   0x00000004   Data   RW         3037    .data               moal_uap.o
    0x2000028c   COMPRESSED   0x00000001   Data   RW         3231    .data               mlan_11n.o
    0x2000028d   COMPRESSED   0x00000003   PAD
    0x20000290   COMPRESSED   0x00000004   Data   RW         3368    .data               mlan_cmdevt.o
    0x20000294   COMPRESSED   0x00000001   Data   RW         3455    .data               mlan_meas.o
    0x20000295   COMPRESSED   0x00000010   Data   RW         3499    .data               mlan_scan.o
    0x200002a5   COMPRESSED   0x00000003   PAD
    0x200002a8   COMPRESSED   0x00000010   Data   RW         3558    .data               mlan_shim.o
    0x200002b8   COMPRESSED   0x00000014   Data   RW         3732    .data               mlan_wmm.o
    0x200002cc   COMPRESSED   0x00000004   Data   RW         3785    .data               usr_cfg.o
    0x200002d0   COMPRESSED   0x00000014   Data   RW         5022    .data               audio_low_level.o
    0x200002e4   COMPRESSED   0x00000017   Data   RW         5078    .data               dht11.o
    0x200002fb   COMPRESSED   0x00000001   PAD
    0x200002fc   COMPRESSED   0x00000004   Data   RW         5129    .data               hard_timer.o
    0x20000300   COMPRESSED   0x00000010   Data   RW         5167    .data               lan8720.o
    0x20000310   COMPRESSED   0x0000000c   Data   RW         5289    .data               sdcard.o
    0x2000031c   COMPRESSED   0x00000006   Data   RW         5317    .data               key.o
    0x20000322   COMPRESSED   0x00000002   PAD
    0x20000324   COMPRESSED   0x00000010   Data   RW         5345    .data               usart.o
    0x20000334   COMPRESSED   0x00000008   Data   RW         5459    .data               24l01.o
    0x2000033c   COMPRESSED   0x00000004   Data   RW         5504    .data               mq2.o
    0x20000340   COMPRESSED   0x00000018   Data   RW         5582    .data               net_cemera.o
    0x20000358   COMPRESSED   0x00000005   Data   RW         5652    .data               usbh_usr.o
    0x2000035d   COMPRESSED   0x00000003   PAD
    0x20000360   COMPRESSED   0x00000006   Data   RW         5705    .data               usbh_core.o
    0x20000366   COMPRESSED   0x00000002   PAD
    0x20000368   COMPRESSED   0x00000008   Data   RW         5890    .data               usbh_msc_bot.o
    0x20000370   COMPRESSED   0x00000001   Data   RW         5948    .data               usbh_msc_fatfs.o
    0x20000371   COMPRESSED   0x00000003   PAD
    0x20000374   COMPRESSED   0x00000006   Data   RW         5993    .data               ff.o
    0x2000037a   COMPRESSED   0x00000002   PAD
    0x2000037c   COMPRESSED   0x00000015   Data   RW         6160    .data               debug.o
    0x20000391   COMPRESSED   0x00000003   PAD
    0x20000394   COMPRESSED   0x0000000a   Data   RW         6198    .data               sys_misc.o
    0x2000039e   COMPRESSED   0x00000002   PAD
    0x200003a0   COMPRESSED   0x00000010   Data   RW         6262    .data               wifi.o
    0x200003b0   COMPRESSED   0x00000023   Data   RW         6299    .data               test_wifi.o
    0x200003d3   COMPRESSED   0x00000001   PAD
    0x200003d4   COMPRESSED   0x00000011   Data   RW         6369    .data               test_tcpip.o
    0x200003e5   COMPRESSED   0x00000003   PAD
    0x200003e8   COMPRESSED   0x0000000c   Data   RW         6496    .data               tcpapp.o
    0x200003f4   COMPRESSED   0x00000002   Data   RW         6597    .data               work.o
    0x200003f6   COMPRESSED   0x00000002   PAD
    0x200003f8   COMPRESSED   0x00000004   Data   RW         6676    .data               test.o
    0x200003fc   COMPRESSED   0x00000011   Data   RW         6704    .data               test_fs.o
    0x2000040d   COMPRESSED   0x00000003   PAD
    0x20000410   COMPRESSED   0x00000004   Data   RW         7195    .data               cipher.o
    0x20000414   COMPRESSED   0x00000004   Data   RW         7734    .data               ssl_ciphersuites.o
    0x20000418   COMPRESSED   0x00000028   Data   RW         7790    .data               ssl_tls.o
    0x20000440   COMPRESSED   0x00000020   Data   RW         7816    .data               threading.o
    0x20000460   COMPRESSED   0x00000150   Data   RW         8199    .data               aliyun_iot_platform_network.o
    0x200005b0   COMPRESSED   0x00000002   Data   RW         8217    .data               aliyun_iot_platform_pthread.o
    0x200005b2   COMPRESSED   0x00000002   PAD
    0x200005b4   COMPRESSED   0x00000004   Data   RW         8368    .data               aliyun_iot_ca.o
    0x200005b8   COMPRESSED   0x00000050   Data   RW         8399    .data               aliyun_iot_common_base64.o
    0x20000608   COMPRESSED   0x00000001   Data   RW         8520    .data               aliyun_iot_common_log.o
    0x20000609   COMPRESSED   0x00000003   PAD
    0x2000060c   COMPRESSED   0x00000008   Data   RW         8586    .data               aliyun_iot_common_timer.o
    0x20000614   COMPRESSED   0x00000010   Data   RW         8643    .data               baidu_ai_face.o
    0x20000624   COMPRESSED   0x00000008   Data   RW         8837    .data               baidu_ai_voice.o
    0x2000062c   COMPRESSED   0x00000026   Data   RW         8891    .data               web_server.o
    0x20000652   COMPRESSED   0x00000002   PAD
    0x20000654   COMPRESSED   0x00000004   Data   RW         9126    .data               interface.o
    0x20000658   COMPRESSED   0x00000004   Data   RW         9215    .data               mc_w.l(stdout.o)
    0x2000065c   COMPRESSED   0x00000004   Data   RW         9216    .data               mc_w.l(stderr.o)
    0x20000660   COMPRESSED   0x00000004   Data   RW         9250    .data               mc_w.l(rand.o)
    0x20000664   COMPRESSED   0x00000004   Data   RW         9659    .data               mc_w.l(errno.o)
    0x20000668   COMPRESSED   0x00000020   Data   RW         1240    monitor_item_table  memory.o
    0x20000688   COMPRESSED   0x00000010   Data   RW         2327    monitor_item_table  ethernetif.o
    0x20000698   COMPRESSED   0x00000008   Data   RW         3429    monitor_item_table  mlan_join.o
    0x200006a0   COMPRESSED   0x00000008   Data   RW         3500    monitor_item_table  mlan_scan.o
    0x200006a8   COMPRESSED   0x00000010   Data   RW         3531    monitor_item_table  mlan_sdio.o
    0x200006b8   COMPRESSED   0x00000030   Data   RW         5023    monitor_item_table  audio_low_level.o
    0x200006e8   COMPRESSED   0x00000068   Data   RW         5653    monitor_item_table  usbh_usr.o
    0x20000750   COMPRESSED   0x00000018   Data   RW         5843    monitor_item_table  usb_hcd_int.o
    0x20000768   COMPRESSED   0x00000008   Data   RW         6370    monitor_item_table  test_tcpip.o
    0x20000770   COMPRESSED   0x00000008   Data   RW         6438    monitor_item_table  audio.o
    0x20000778        -       0x0000000c   Zero   RW          160    .bss                stm32f4x7_eth.o
    0x20000784        -       0x00001a1c   Zero   RW          729    .bss                os_core.o
    0x200021a0        -       0x00000080   Zero   RW         1357    .bss                msg_q.o
    0x20002220        -       0x00000014   Zero   RW         1644    .bss                netdb.o
    0x20002234        -       0x000000c0   Zero   RW         1680    .bss                sockets.o
    0x200022f4        -       0x0000000c   Zero   RW         1773    .bss                sys_arch.o
    0x20002300        -       0x0000002d   Zero   RW         1812    .bss                dhcp.o
    0x2000232d   COMPRESSED   0x00000003   PAD
    0x20002330        -       0x000000b8   Zero   RW         1855    .bss                dns.o
    0x200023e8        -       0x000000ec   Zero   RW         2011    .bss                stats.o
    0x200024d4        -       0x00000010   Zero   RW         2068    .bss                tcp_in.o
    0x200024e4        -       0x00000010   Zero   RW         2286    .bss                ip_addr.o
    0x200024f4        -       0x00000050   Zero   RW         2373    .bss                etharp.o
    0x20002544        -       0x00000224   Zero   RW         2449    .bss                dhcpserver.o
    0x20002768        -       0x00000140   Zero   RW         2946    .bss                moal_shim.o
    0x200028a8        -       0x00000037   Zero   RW         3783    .bss                usr_cfg.o
    0x200028df   COMPRESSED   0x00000001   PAD
    0x200028e0        -       0x00000060   Zero   RW         4117    .bss                madlld.o
    0x20002940        -       0x00000054   Zero   RW         5019    .bss                audio_low_level.o
    0x20002994        -       0x0000003c   Zero   RW         5050    .bss                camera.o
    0x200029d0        -       0x0000003c   Zero   RW         5287    .bss                sdcard.o
    0x20002a0c        -       0x00000018   Zero   RW         5316    .bss                key.o
    0x20002a24        -       0x00000270   Zero   RW         5344    .bss                usart.o
    0x20002c94        -       0x00000018   Zero   RW         5376    .bss                w25p80.o
    0x20002cac        -       0x00000020   Zero   RW         5457    .bss                24l01.o
    0x20002ccc        -       0x0000000e   Zero   RW         5502    .bss                mq2.o
    0x20002cda        -       0x0000000e   Zero   RW         5556    .bss                dcmi.o
    0x20002ce8        -       0x00000018   Zero   RW         5580    .bss                net_cemera.o
    0x20002d00        -       0x00000054   Zero   RW         5649    .bss                usbh_usr.o
    0x20002d54        -       0x000002f8   Zero   RW         5703    .bss                usbh_core.o
    0x2000304c        -       0x00000030   Zero   RW         5888    .bss                usbh_msc_bot.o
    0x2000307c        -       0x00000010   Zero   RW         5920    .bss                usbh_msc_scsi.o
    0x2000308c        -       0x000003e2   Zero   RW         6120    .bss                web_cfg.o
    0x2000346e   COMPRESSED   0x00000002   PAD
    0x20003470        -       0x0000020c   Zero   RW         6435    .bss                audio.o
    0x2000367c        -       0x00000070   Zero   RW         6494    .bss                tcpapp.o
    0x200036ec        -       0x00000038   Zero   RW         6596    .bss                work.o
    0x20003724        -       0x00000064   Zero   RW         6675    .bss                test.o
    0x20003788        -       0x0000049c   Zero   RW         6702    .bss                test_fs.o
    0x20003c24        -       0x0000001c   Zero   RW         7219    .bss                cipher_wrap.o
    0x20003c40        -       0x00000014   Zero   RW         7731    .bss                ssl_ciphersuites.o
    0x20003c54        -       0x00000100   Zero   RW         8397    .bss                aliyun_iot_common_base64.o
    0x20003d54        -       0x000000f0   Zero   RW         8639    .bss                baidu_ai_face.o
    0x20003e44        -       0x0000086e   Zero   RW         8889    .bss                web_server.o
    0x200046b2        -       0x00000021   Zero   RW         9075    .bss                fontupd.o
    0x200046d3   COMPRESSED   0x00000005   PAD
    0x200046d8        -       0x00000400   Zero   RW          721    STACK               startup_stm32f4xx.o


==============================================================================

Image component sizes


      Code (inc. data)   RO Data    RW Data    ZI Data      Debug   Object Name

      2096        240         51          8         32       5575   24l01.o
      1064        302         18          8          0       4225   _timers.o
      3808         84       8744          0          0      16334   aes.o
         0          0          0          0          0       6380   aliyun_iot_auth.o
        12          6       1281          4          0        812   aliyun_iot_ca.o
       964        258         62         80        256       3508   aliyun_iot_common_base64.o
      8232       2858        502          0          0      14837   aliyun_iot_common_httpclient.o
        60         36          0          1          0       2870   aliyun_iot_common_log.o
      2736        566        202          0          0       7052   aliyun_iot_common_net.o
       208         10          0          8          0       3654   aliyun_iot_common_timer.o
      4064       1700        797          0          0      34539   aliyun_iot_network_ssl.o
        96         58          0          0          0        906   aliyun_iot_platform_memory.o
      1740        404        146        336          0       8977   aliyun_iot_platform_network.o
       280         24          0          2          0       5208   aliyun_iot_platform_pthread.o
         8          0          0          0          0        645   aliyun_iot_platform_timer.o
      3700        952         13          0          0      28647   api_lib.o
      6704       1256         32          0          0      50832   api_msg.o
      1178          0          0          0          0      10043   asn1parse.o
       280          6          0          0          0       3548   atomic.o
      2860        342         99          8        524       9622   audio.o
      4816        766        260         68         84      36621   audio_low_level.o
      6064       2536        361         16        240      12789   baidu_ai_face.o
      4380       1618        325          8          0       8508   baidu_ai_voice.o
       652         10        192          0          0       2942   base64.o
      9604         20          0          0          0      27209   bignum.o
       480          4        512          0          0       3433   bit.o
      1340        362         12          0          0      22522   bits.o
       268         90          0          0         60       3208   camera.o
      3416         36        132          0          0      11369   cb_search.o
       168         14       2232          0          0      14285   ccsbcs.o
      1384         32          0          4          0      13261   cipher.o
       152          0        324          0         28       9418   cipher_wrap.o
         0          0          0          0          0       2679   ctr_drbg.o
       628         30          0          0         14       2896   dcmi.o
         0          0         14         21          0       9602   debug.o
         0          0          0          0          0       6289   decoder.o
         0          0          4          0          0        251   def.o
      7538       1116        151          4         45      23871   dhcp.o
      2160         80         18         44        548      14075   dhcpserver.o
       572         32          0         23          0       3017   dht11.o
       234          0          0          0          0       3810   diskio.o
      2092        294         77         16        184       7037   dns.o
      1112        134          0          0          0      29053   driver_misc.o
         0          0          0          0          0        636   entropy.o
      1160        270         35          5          0      30505   eth_ethernetif.o
      4128        630         80          1         80      75682   etharp.o
       988        232         67         20          0      48436   ethernetif.o
         0          0        160          0          0        502   exc_10_16_table.o
         0          0        320          0          0        502   exc_10_32_table.o
         0          0        640          0          0        502   exc_20_32_table.o
         0          0       1280          0          0        502   exc_5_256_table.o
         0          0        320          0          0        497   exc_5_64_table.o
         0          0       1024          0          0        502   exc_8_128_table.o
      9958         58        141          6          0      43679   ff.o
      4804         52        202          0          0      15770   filters.o
        68          4          0          0         33       1412   fontupd.o
      1532         22        324          0          0       4860   frame.o
         0          0        512          0          0        487   gain_table.o
         0          0        128          0          0        492   gain_table_lbr.o
       228          8          0          4          0       2305   hard_timer.o
         0          0       1024          0          0        551   high_lsp_tables.o
         0          0       4648          0          0       2226   huffman.o
      1260        372          0          0          0       2842   icmp.o
      2316        420         18         12          0       7371   igmp.o
       724        100          0          0          0       3197   inet_chksum.o
        40          0          0          0          0      10133   init.o
       280         68          0          4          0       1222   interface.o
      1680        180          0         18          0      13790   ip.o
       840        108          8          0         16       9879   ip_addr.o
      2992        564         60          6          0       7100   ip_frag.o
        96          8     614416          0          0       1801   jpeg_pic.o
      1064        360          0          6         24       2083   key.o
         0          0          0          0          0      12292   kiss_fft.o
       992         80         15         16          0      30808   lan8720.o
      2176         44        845          0          0       5479   layer12.o
      9640        272      34569          0          0      21306   layer3.o
       332          0          0          0          0       1829   lpc.o
      2180         20         22          0          0       6460   lsp.o
         0          0       1920          0          0        696   lsp_tables_nb.o
      3980         26         82          0          0      12120   ltp.o
      2276        146          8          0          0       6543   mad_timer.o
      2160        446        139          0         96      33788   madlld.o
       820        186         99          0          0       1007   main.o
      1036         58         20          0          0      10186   md.o
      2812        266         64          0          0       5831   md5.o
       426          0        219          0          0       8501   md_wrap.o
      4724        942        112         64          0      12353   memory.o
      1104        152        312         32          0       4486   memory2.o
         0          0         32          0          0       1825   memp.o
       224         20          0          0          0       1965   misc.o
      2506         22        588          0          0     177390   mlan_11d.o
      5568         96         16          0          0      49865   mlan_11h.o
      4236         40          0          1          0      46032   mlan_11n.o
      1304         18          8          0          0      28013   mlan_11n_aggr.o
      2282          4          0          0          0      31348   mlan_11n_rxreorder.o
      2144         86       4195          0          0      89160   mlan_cfp.o
      6404         72         44          4          0      51703   mlan_cmdevt.o
      2684         14         33          0          0      30770   mlan_init.o
      5172        186         96          8          0      33656   mlan_join.o
       244         10          0          1          0      21561   mlan_meas.o
      5908         72          0          0          0      45465   mlan_misc.o
      9900         62         16         24          0      57282   mlan_scan.o
      2444         86         51         16          0      14773   mlan_sdio.o
      2230         28         64         16          0      29704   mlan_shim.o
      3976         34          0          0          0      15977   mlan_sta_cmd.o
      3172         30          0          0          0      12819   mlan_sta_cmdresp.o
      1434         46          0          0          0       3811   mlan_sta_event.o
     11148        488         63          0          0      44436   mlan_sta_ioctl.o
       572         30          0          0          0      21583   mlan_sta_rx.o
       564          6          0          0          0      21559   mlan_sta_tx.o
       944         30          0          0          0      24715   mlan_txrx.o
      8616         90          0          0          0      26696   mlan_uap_cmdevent.o
      2772         76         21          0          0      12533   mlan_uap_ioctl.o
      1324          4          0          0          0       4931   mlan_uap_txrx.o
      6532        124         29         20          0      56467   mlan_wmm.o
      3240         90       1902         92          0     179617   moal_cfg80211.o
         0          0          0          0          0       8809   moal_debug.o
      7996        232        111          0          0     127593   moal_ioctl.o
      6320        316     249983         50          0     123214   moal_main.o
      1944        166         40          0          0     207552   moal_sdio_mmc.o
      2064        124        175          1        320      47837   moal_shim.o
      4412         78        143          0          0      19066   moal_sta_cfg80211.o
      5560        272         20          4          0      30138   moal_uap.o
      1648         76        163          0          0       6819   moal_uap_cfg80211.o
       160          0          0          0          0       1477   moal_uap_priv.o
         0          0        819          0          0       8160   modes.o
         0          0          0          0          0       1412   modes_wb.o
     19878        164       6080          4         14      24869   mq2.o
      1044        228          7          0        128       2986   msg_q.o
       364         84          0          0          0       1399   mutex.o
     13128        706        248          0          0      24264   nb_celp.o
      1112        248         62          0          0      35850   net.o
      1576        444         37         24         24       4754   net_cemera.o
      1052        346         11          0          0       8093   netbuf.o
       776        180         17         20         20      13013   netdb.o
       904        120          0          9          0       6941   netif.o
      1004         42       3839          0          0      20383   oid.o
      3240        268        256         92       6684      23832   os_core.o
       184         32          0          0          0        412   os_cpu_a.o
       412         24          0         16          0     359013   os_cpu_c.o
      2044         40          0          0          0      17516   os_flag.o
      1512         36          0          0          0       5885   os_q.o
       936         20          0          0          0       4202   os_sem.o
      2120         74          0          0          0      11469   os_task.o
       408         24          0          0          0       1918   os_time.o
      1816        180          0          0          0       8451   os_tmr.o
      3364        160       5552          0          0       8076   ov2640.o
      4808       1272         11          1          0      11111   pbuf.o
      1156        128          0          0          0       9876   pem.o
       764         30          0          0          0       9961   pk.o
       392         28         48          0          0       7387   pk_wrap.o
      1544        204          0          0          0       8090   pkparse.o
      1708         32          0          0          0       5539   quant_lsp.o
       596        138          8          4          0       3585   raw.o
      3892         96          0          0          0      13808   rsa.o
       596         12          0          0          0       2404   sccb.o
      5220        646         22         12         60      20581   sdcard.o
       468         88          0          0          0       2166   sem.o
      6956         42         64          0          0       6463   sha1_1.o
      4288         84        320          0          0       6259   sha256.o
      4480        270        283          0          0      28927   skbuff.o
      8392        796         64         12        192      33164   sockets.o
       788        132          0          0          0       5240   speex.o
       378          0          0          0          0       6641   speex_callbacks.o
       240         36        941          4         20      13235   ssl_ciphersuites.o
      2932         84          0          0          0      22688   ssl_cli.o
      9878        366          0         40          0      66250   ssl_tls.o
        36          8        392          0       1024        884   startup_stm32f4xx.o
        20         10          0          0        236       3786   stats.o
      3684        106          0         16         12      20842   stm32f4x7_eth.o
      1144         26          0          0          0      11169   stm32f4xx_adc.o
       528          6          0          0          0       5185   stm32f4xx_dac.o
       400          6          0          0          0       3626   stm32f4xx_dcmi.o
       936         32          0          0          0       6545   stm32f4xx_dma.o
       284         10          0          0          0       2471   stm32f4xx_exti.o
      1688         32         28          0          0       6218   stm32f4xx_fsmc.o
       604         36          0          0          0       4277   stm32f4xx_gpio.o
       522        248          0          0          0       2467   stm32f4xx_it.o
      1628         52          0         16          0      13240   stm32f4xx_rcc.o
       160          4          0          0          0       1872   stm32f4xx_rng.o
       476         16          0          0          0       7568   stm32f4xx_sdio.o
      1016         22          0          0          0       6993   stm32f4xx_spi.o
       140         12          0          0          0       1743   stm32f4xx_syscfg.o
      3234         60          0          0          0      23164   stm32f4xx_tim.o
      1050         26          0          0          0       8008   stm32f4xx_usart.o
      1000        570          0          0          0       2666   stream.o
      5240         12       2176          0          0       9984   synth.o
        36          0          0          0          0        645   sys.o
      1440        220         31          4         12       7125   sys_arch.o
      1564        278          0         10          0      34519   sys_misc.o
       108         10         27          0          0       2049   syscall.o
       528         46          0         20          0     389455   system_stm32f4xx.o
      1184        158         17          4          0       6007   task.o
      5724       1188        244         36          0      22660   tcp.o
      8460       1116          0         32         16      16227   tcp_in.o
      5144        746        104          0          0       9431   tcp_out.o
      4608        580        137         12        112      30052   tcpapp.o
      1016        234         90         16          0      10887   tcpip.o
         0          0          0          4        100        764   test.o
      5444       1156         99         17       1180       7254   test_fs.o
      4944        848        215         25          0      27487   test_tcpip.o
      3376        570        175         35          0      94417   test_wifi.o
       768         30          0          0          0       3237   text.o
       114          0          0         32          0       3195   threading.o
      1136        204          0          0          0       3709   timer.o
      1904        218          8          8          0      15065   udp.o
      1616        188          0         16        624      32403   usart.o
       252          8          0          0          0       3328   usb_bsp.o
      4080         96         21          0          0      12405   usb_core.o
       496         48          0          0          0       3900   usb_hcd.o
      4280        106         99         24          0       6855   usb_hcd_int.o
      2348        378         73          6        760      10086   usbh_core.o
       438          0          0          0          0       3268   usbh_hcs.o
      1416         88         18          0          0       5956   usbh_ioreq.o
       740        166         14          8         48       5527   usbh_msc_bot.o
       588         82          9          0          0       2975   usbh_msc_core.o
       340         12          0          1          0       4406   usbh_msc_fatfs.o
      1452        110         32          0         16       6768   usbh_msc_scsi.o
      4464        724         69          0          0       8672   usbh_stdreq.o
      2372        356        231        109         84      12778   usbh_usr.o
      3840        586        184          4         55     370288   usr_cfg.o
      4252        248        704          0          0       3777   vbr.o
       398          0          0          0          0       2817   vq.o
      1836        168         27          0         24       8272   w25p80.o
       596        128          0          0          0       1898   wait.o
      1520        476         55          0        994      10457   web_cfg.o
      1876        670       2139         38       2158      12921   web_server.o
      3844        470        179         16          0      10133   wifi.o
         0          0        422          0          0        664   window.o
      1524        310          0          2         56       3234   work.o
      1936         94          0          0          0      13063   x509.o
      8184        962       1268          0          0      23053   x509_crt.o

    ----------------------------------------------------------------------
    525972      48772     966296       1896      17248    4940741   Object Totals
         0          0         32          0          0          0   (incl. Generated)
        32          0        101         57         11          0   (incl. Padding)

    ----------------------------------------------------------------------

      Code (inc. data)   RO Data    RW Data    ZI Data      Debug   Library Member Name

       184         44          0          0          0        744   dunder.o
        44          0          0          0          0        248   fabs.o
       280         28          0          0          0        156   floor.o
        48          0          0          0          0        124   fpclassify.o
       964         92         56          0          0        316   log.o
       248          0          0          0          0        152   poly.o
      3152        296        136          0          0        352   pow.o
         0          0          8          0          0          0   qnan.o
       110          0          0          0          0        148   sqrt.o
        56          8          0          0          0         84   __0sscanf.o
        86          0          0          0          0          0   __dczerorl2.o
        28          0          0          0          0         68   _chval.o
       812          4          0          0          0        112   _scanf.o
       332          0          0          0          0         96   _scanf_int.o
       224          0          0          0          0         96   _scanf_str.o
        64          0          0          0          0         84   _sgetc.o
       158          0          0          0          0         92   _strtoul.o
        26          0          0          0          0         80   atoi.o
         8          4        133          0          0         68   ctype_o.o
         0          0          0          0          0          0   entry.o
         0          0          0          0          0          0   entry10a.o
         0          0          0          0          0          0   entry11a.o
         8          4          0          0          0          0   entry2.o
         4          0          0          0          0          0   entry5.o
         0          0          0          0          0          0   entry7b.o
         0          0          0          0          0          0   entry8b.o
         8          4          0          0          0          0   entry9a.o
        20         10          0          4          0        136   errno.o
        30          0          0          0          0          0   handlers.o
        36          8          0          0          0         68   init.o
        18          0          0          0          0         76   isspace_o.o
         0          0          0          0          0          0   iusefp.o
        30          0          0          0          0         68   llshl.o
        36          0          0          0          0         68   llsshr.o
        32          0          0          0          0         68   llushr.o
        26          0          0          0          0         80   memcmp.o
        66          0          0          0          0         76   memmove.o
        36          0          0          0          0        108   memseta.o
      2406        106          0          0          0        840   printfa.o
        36         10          0          4          0        136   rand.o
        40          8          0          0          0         84   scanf_char.o
         0          0          0          4          0          0   stderr.o
         0          0          0          4          0          0   stdout.o
        24          0          0          0          0         68   strcat.o
        20          0          0          0          0         68   strchr.o
        28          0          0          0          0         76   strcmp.o
        18          0          0          0          0         68   strcpy.o
       228        196          0          0          0         68   strerror.o
        14          0          0          0          0         68   strlen.o
        30          0          0          0          0         80   strncmp.o
        24          0          0          0          0         76   strncpy.o
        36          0          0          0          0         80   strstr.o
       112          0          0          0          0         88   strtol.o
        12          0          0          0          0         68   tolower.o
        44          0          0          0          0         80   uidiv.o
        98          0          0          0          0         92   uldiv.o
        48          0          0          0          0         68   cdcmple.o
        48          0          0          0          0         68   cdrcmple.o
        56          0          0          0          0         88   d2f.o
       334          0          0          0          0        148   dadd.o
       222          0          0          0          0        100   ddiv.o
       186          0          0          0          0        176   depilogue.o
        62          0          0          0          0         80   dfixi.o
        50          0          0          0          0         76   dfixui.o
        48          0          0          0          0         68   dfixul.o
        34          0          0          0          0         76   dflti.o
        26          0          0          0          0         76   dfltui.o
       228          0          0          0          0         96   dmul.o
        46          0          0          0          0         80   dscalb.o
       162          0          0          0          0        100   dsqrt.o
        38          0          0          0          0         68   f2d.o
       110          0          0          0          0        168   fepilogue.o

    ----------------------------------------------------------------------
     12064        826        336         16          0       7344   Library Totals
        22          4          3          0          0          0   (incl. Padding)

    ----------------------------------------------------------------------

      Code (inc. data)   RO Data    RW Data    ZI Data      Debug   Library Name

      5030        460        200          0          0       2240   m_wm.l
      5314        362        133         16          0       3568   mc_w.l
      1698          0          0          0          0       1536   mf_w.l

    ----------------------------------------------------------------------
     12064        826        336         16          0       7344   Library Totals

    ----------------------------------------------------------------------

==============================================================================


      Code (inc. data)   RO Data    RW Data    ZI Data      Debug   

    538036      49598     966632       1912      17248    4901105   Grand Totals
    538036      49598     966632        624      17248    4901105   ELF Image Totals (compressed)
    538036      49598     966632        624          0          0   ROM Totals

==============================================================================

    Total RO  Size (Code + RO Data)              1504668 (1469.40kB)
    Total RW  Size (RW Data + ZI Data)             19160 (  18.71kB)
    Total ROM Size (Code + RO Data + RW Data)    1505292 (1470.01kB)

==============================================================================

