Component: ARM Compiler 5.05 update 2 (build 169) Tool: armlink [4d0f33]

==============================================================================

Section Cross References

    system_stm32f4xx.o(.text) refers to system_stm32f4xx.o(.data) for SystemCoreClock
    stm32f4x7_eth.o(.text) refers to timer.o(.text) for sleep
    stm32f4x7_eth.o(.text) refers to stm32f4x7_eth.o(.data) for DMARxDescToGet
    stm32f4x7_eth.o(.text) refers to stm32f4x7_eth.o(.bss) for RX_Frame_Descriptor
    stm32f4xx_adc.o(.text) refers to stm32f4xx_rcc.o(.text) for RCC_APB2PeriphResetCmd
    stm32f4xx_can.o(.text) refers to stm32f4xx_rcc.o(.text) for RCC_APB1PeriphResetCmd
    stm32f4xx_dac.o(.text) refers to stm32f4xx_rcc.o(.text) for RCC_APB1PeriphResetCmd
    stm32f4xx_gpio.o(.text) refers to stm32f4xx_rcc.o(.text) for RCC_AHB1PeriphResetCmd
    stm32f4xx_i2c.o(.text) refers to stm32f4xx_rcc.o(.text) for RCC_APB1PeriphResetCmd
    stm32f4xx_pwr.o(.text) refers to stm32f4xx_rcc.o(.text) for RCC_APB1PeriphResetCmd
    stm32f4xx_rcc.o(.text) refers to stm32f4xx_rcc.o(.data) for APBAHBPrescTable
    stm32f4xx_rng.o(.text) refers to stm32f4xx_rcc.o(.text) for RCC_AHB2PeriphResetCmd
    stm32f4xx_sdio.o(.text) refers to stm32f4xx_rcc.o(.text) for RCC_APB2PeriphResetCmd
    stm32f4xx_spi.o(.text) refers to stm32f4xx_rcc.o(.text) for RCC_APB2PeriphResetCmd
    stm32f4xx_syscfg.o(.text) refers to stm32f4xx_rcc.o(.text) for RCC_APB2PeriphResetCmd
    stm32f4xx_tim.o(.text) refers to stm32f4xx_rcc.o(.text) for RCC_APB2PeriphResetCmd
    stm32f4xx_usart.o(.text) refers to stm32f4xx_rcc.o(.text) for RCC_APB2PeriphResetCmd
    stm32f4xx_wwdg.o(.text) refers to stm32f4xx_rcc.o(.text) for RCC_APB1PeriphResetCmd
    startup_stm32f4xx.o(RESET) refers to startup_stm32f4xx.o(STACK) for __initial_sp
    startup_stm32f4xx.o(RESET) refers to startup_stm32f4xx.o(.text) for Reset_Handler
    startup_stm32f4xx.o(RESET) refers to os_cpu_a.o(.text) for PendSV_Handler
    startup_stm32f4xx.o(RESET) refers to os_cpu_c.o(.text) for SysTick_Handler
    startup_stm32f4xx.o(RESET) refers to usart.o(.text) for USART1_IRQHandler
    startup_stm32f4xx.o(RESET) refers to sdcard.o(.text) for SDIO_IRQHandler
    startup_stm32f4xx.o(.text) refers to system_stm32f4xx.o(.text) for SystemInit
    startup_stm32f4xx.o(.text) refers to entry.o(.ARM.Collect$$$$00000000) for __main
    os_core.o(.text) refers to os_cpu_a.o(.text) for OS_CPU_SR_Save
    os_core.o(.text) refers to os_core.o(.data) for OSIntNesting
    os_core.o(.text) refers to os_core.o(.constdata) for OSUnMapTbl
    os_core.o(.text) refers to os_core.o(.bss) for OSTCBPrioTbl
    os_core.o(.text) refers to os_task.o(.text) for OSTaskStkChk
    os_core.o(.text) refers to os_time.o(.text) for OSTimeDly
    os_core.o(.text) refers to os_cpu_c.o(.text) for OSTaskStatHook
    os_core.o(.text) refers to os_flag.o(.text) for OS_FlagInit
    os_core.o(.text) refers to os_q.o(.text) for OS_QInit
    os_core.o(.text) refers to os_tmr.o(.text) for OSTmr_Init
    os_flag.o(.text) refers to os_cpu_a.o(.text) for OS_CPU_SR_Save
    os_flag.o(.text) refers to os_core.o(.text) for OS_Sched
    os_flag.o(.text) refers to os_core.o(.data) for OSIntNesting
    os_flag.o(.text) refers to os_core.o(.bss) for OSFlagTbl
    os_mbox.o(.text) refers to os_cpu_a.o(.text) for OS_CPU_SR_Save
    os_mbox.o(.text) refers to os_core.o(.text) for OS_EventWaitListInit
    os_mbox.o(.text) refers to os_core.o(.data) for OSIntNesting
    os_mutex.o(.text) refers to os_cpu_a.o(.text) for OS_CPU_SR_Save
    os_mutex.o(.text) refers to os_core.o(.text) for OS_EventWaitListInit
    os_mutex.o(.text) refers to os_core.o(.data) for OSIntNesting
    os_mutex.o(.text) refers to os_core.o(.bss) for OSTCBPrioTbl
    os_q.o(.text) refers to os_cpu_a.o(.text) for OS_CPU_SR_Save
    os_q.o(.text) refers to os_core.o(.text) for OS_EventWaitListInit
    os_q.o(.text) refers to os_core.o(.data) for OSIntNesting
    os_q.o(.text) refers to os_core.o(.bss) for OSQTbl
    os_sem.o(.text) refers to os_cpu_a.o(.text) for OS_CPU_SR_Save
    os_sem.o(.text) refers to os_core.o(.text) for OS_EventWaitListInit
    os_sem.o(.text) refers to os_core.o(.data) for OSIntNesting
    os_task.o(.text) refers to os_cpu_a.o(.text) for OS_CPU_SR_Save
    os_task.o(.text) refers to os_core.o(.text) for OS_Sched
    os_task.o(.text) refers to os_cpu_c.o(.text) for OSTaskStkInit
    os_task.o(.text) refers to os_flag.o(.text) for OS_FlagUnlink
    os_task.o(.text) refers to os_core.o(.bss) for OSTCBPrioTbl
    os_task.o(.text) refers to os_core.o(.data) for OSTCBCur
    os_task.o(.text) refers to memory2.o(.text) for mem_free2
    os_time.o(.text) refers to os_cpu_a.o(.text) for OS_CPU_SR_Save
    os_time.o(.text) refers to os_core.o(.text) for OS_Sched
    os_time.o(.text) refers to os_core.o(.data) for OSIntNesting
    os_time.o(.text) refers to os_core.o(.bss) for OSTCBPrioTbl
    os_tmr.o(.text) refers to timer.o(.text) for os_time_get
[...]
    wlan_11h_issue_radar_detect              0x0801108b   Thumb Code    86  mlan_11h.o(.text)
    wlan_11h_check_chan_report               0x080110e1   Thumb Code    58  mlan_11h.o(.text)
    wlan_11h_process_start                   0x0801111b   Thumb Code   214  mlan_11h.o(.text)
    wlan_11h_process_join                    0x080111f1   Thumb Code   198  mlan_11h.o(.text)
    wlan_11h_cmd_process                     0x080112b7   Thumb Code   136  mlan_11h.o(.text)
    wlan_11h_cmdresp_process                 0x0801133f   Thumb Code    64  mlan_11h.o(.text)
    wlan_11h_process_bss_elem                0x0801137f   Thumb Code   278  mlan_11h.o(.text)
    wlan_11h_handle_event_chanswann          0x08011495   Thumb Code   106  mlan_11h.o(.text)
    wlan_11h_handle_event_chanrpt_ready      0x080114ff   Thumb Code   124  mlan_11h.o(.text)
    wlan_11h_radar_detected_tx_blocked       0x0801157b   Thumb Code    22  mlan_11h.o(.text)
    wlan_11h_radar_detected_handling         0x08011591   Thumb Code  1254  mlan_11h.o(.text)
    wlan_11h_radar_detected_callback         0x08011a77   Thumb Code     4  mlan_11h.o(.text)
    wlan_11h_dfs_event_preprocessing         0x08011a7b   Thumb Code   106  mlan_11h.o(.text)
    wlan_11h_switch_non_dfs_chan             0x08011ae5   Thumb Code   192  mlan_11h.o(.text)
    wlan_send_addba                          0x08011db5   Thumb Code   124  mlan_11n.o(.text)
    wlan_send_delba                          0x08011e31   Thumb Code   114  mlan_11n.o(.text)
    wlan_fill_ht_cap_tlv                     0x08012169   Thumb Code   104  mlan_11n.o(.text)
    wlan_show_dot11ndevcap                   0x080121d1   Thumb Code     2  mlan_11n.o(.text)
    wlan_show_devmcssupport                  0x080121d3   Thumb Code     2  mlan_11n.o(.text)
    wlan_11n_get_txbastream_tbl              0x080121d5   Thumb Code    72  mlan_11n.o(.text)
    wlan_11n_create_txbastream_tbl           0x0801221d   Thumb Code   116  mlan_11n.o(.text)
    wlan_ret_11n_delba                       0x08012291   Thumb Code   108  mlan_11n.o(.text)
    wlan_ret_11n_addba_req                   0x080122fd   Thumb Code   172  mlan_11n.o(.text)
    wlan_cmd_recfg_tx_buf                    0x080123a9   Thumb Code    36  mlan_11n.o(.text)
    wlan_cmd_amsdu_aggr_ctrl                 0x080123cd   Thumb Code    34  mlan_11n.o(.text)
    wlan_ret_amsdu_aggr_ctrl                 0x080123ef   Thumb Code    18  mlan_11n.o(.text)
    wlan_cmd_11n_cfg                         0x08012401   Thumb Code    32  mlan_11n.o(.text)
    wlan_ret_11n_cfg                         0x08012421   Thumb Code    26  mlan_11n.o(.text)
    wlan_cmd_reject_addba_req                0x0801243b   Thumb Code    28  mlan_11n.o(.text)
    wlan_ret_reject_addba_req                0x08012457   Thumb Code    20  mlan_11n.o(.text)
    wlan_cmd_tx_bf_cfg                       0x0801246b   Thumb Code   176  mlan_11n.o(.text)
    wlan_ret_tx_bf_cfg                       0x0801251b   Thumb Code   226  mlan_11n.o(.text)
    wlan_cmd_append_11n_tlv                  0x080125fd   Thumb Code   432  mlan_11n.o(.text)
    wlan_11n_cfg_ioctl                       0x080127ad   Thumb Code   530  mlan_11n.o(.text)
    wlan_11n_delete_txbastream_tbl_entry     0x080129bf   Thumb Code    98  mlan_11n.o(.text)
    wlan_11n_deleteall_txbastream_tbl        0x08012a21   Thumb Code    62  mlan_11n.o(.text)
    wlan_11n_delete_bastream                 0x08012a5f   Thumb Code    26  mlan_11n.o(.text)
    wlan_get_rxreorder_tbl                   0x08012a79   Thumb Code   130  mlan_11n.o(.text)
    wlan_get_txbastream_tbl                  0x08012afb   Thumb Code    82  mlan_11n.o(.text)
    wlan_11n_cleanup_txbastream_tbl          0x08012b4d   Thumb Code    38  mlan_11n.o(.text)
    wlan_11n_deaggregate_pkt                 0x08012de5   Thumb Code   330  mlan_11n_aggr.o(.text)
    wlan_11n_aggregate_pkt                   0x08012f2f   Thumb Code   818  mlan_11n_aggr.o(.text)
    wlan_11n_get_rxreorder_tbl               0x080134af   Thumb Code    80  mlan_11n_rxreorder.o(.text)
    wlan_cmd_11n_addba_req                   0x0801361d   Thumb Code    34  mlan_11n_rxreorder.o(.text)
    wlan_cmd_11n_addba_rspgen                0x0801363f   Thumb Code   190  mlan_11n_rxreorder.o(.text)
    wlan_cmd_11n_delba                       0x080136fd   Thumb Code    34  mlan_11n_rxreorder.o(.text)
    mlan_11n_rxreorder_pkt                   0x0801371f   Thumb Code   316  mlan_11n_rxreorder.o(.text)
    mlan_11n_delete_bastream_tbl             0x0801385b   Thumb Code    68  mlan_11n_rxreorder.o(.text)
    wlan_ret_11n_addba_resp                  0x0801389f   Thumb Code    98  mlan_11n_rxreorder.o(.text)
    wlan_11n_ba_stream_timeout               0x08013901   Thumb Code   100  mlan_11n_rxreorder.o(.text)
    wlan_11n_cleanup_reorder_tbl             0x08013965   Thumb Code    66  mlan_11n_rxreorder.o(.text)
    wlan_11n_rxba_sync_event                 0x080139a7   Thumb Code   142  mlan_11n_rxreorder.o(.text)
    wlan_cleanup_reorder_tbl                 0x08013a35   Thumb Code    38  mlan_11n_rxreorder.o(.text)
    wlan_set_rxreorder_tbl_no_drop_flag      0x08013a5b   Thumb Code    42  mlan_11n_rxreorder.o(.text)
    wlan_update_rxreorder_tbl                0x08013a85   Thumb Code    36  mlan_11n_rxreorder.o(.text)
    wlan_misc_country_2_cfp_table_code       0x08013cc7   Thumb Code    72  mlan_cfp.o(.text)
    wlan_index_to_data_rate                  0x08013d0f   Thumb Code   118  mlan_cfp.o(.text)
    wlan_data_rate_to_index                  0x08013d85   Thumb Code    48  mlan_cfp.o(.text)
    wlan_get_supported_rates                 0x08013db5   Thumb Code   178  mlan_cfp.o(.text)
    wlan_get_active_data_rates               0x08013e67   Thumb Code    34  mlan_cfp.o(.text)
    wlan_get_txpwr_of_chan_from_cfp          0x08013e89   Thumb Code   172  mlan_cfp.o(.text)
    wlan_get_cfp_by_band_and_channel         0x08013f35   Thumb Code   120  mlan_cfp.o(.text)
    wlan_find_cfp_by_band_and_channel        0x08013fad   Thumb Code    42  mlan_cfp.o(.text)
    wlan_find_cfp_by_band_and_freq           0x08013fd7   Thumb Code   170  mlan_cfp.o(.text)
    wlan_is_rate_auto                        0x08014081   Thumb Code    32  mlan_cfp.o(.text)
    wlan_get_rate_index                      0x080140a1   Thumb Code    48  mlan_cfp.o(.text)
    wlan_set_regiontable                     0x080140d1   Thumb Code   370  mlan_cfp.o(.text)
    wlan_get_cfp_radar_detect                0x08014243   Thumb Code    94  mlan_cfp.o(.text)
    wlan_bg_scan_type_is_passive             0x080142a1   Thumb Code    94  mlan_cfp.o(.text)
    wlan_is_chan_blacklisted                 0x080142ff   Thumb Code    94  mlan_cfp.o(.text)
    wlan_set_chan_blacklist                  0x0801435d   Thumb Code   100  mlan_cfp.o(.text)
    wlan_atox                                0x080144ab   Thumb Code    68  mlan_cmdevt.o(.text)
    wlan_release_cmd_lock                    0x08014595   Thumb Code    14  mlan_cmdevt.o(.text)
    wlan_request_cmd_lock                    0x080145a3   Thumb Code    14  mlan_cmdevt.o(.text)
    wlan_insert_cmd_to_free_q                0x080145b1   Thumb Code   150  mlan_cmdevt.o(.text)
    wlan_recv_event                          0x0801479d   Thumb Code    64  mlan_cmdevt.o(.text)
    wlan_host_sleep_activated_event          0x080147dd   Thumb Code    60  mlan_cmdevt.o(.text)
    wlan_alloc_cmd_buffer                    0x080148e9   Thumb Code   176  mlan_cmdevt.o(.text)
    wlan_free_cmd_buffer                     0x08014999   Thumb Code    84  mlan_cmdevt.o(.text)
    wlan_process_event                       0x080149ed   Thumb Code   172  mlan_cmdevt.o(.text)
    wlan_insert_cmd_to_pending_q             0x08014a99   Thumb Code   108  mlan_cmdevt.o(.text)
    wlan_prepare_cmd                         0x08014b05   Thumb Code   306  mlan_cmdevt.o(.text)
    wlan_exec_next_cmd                       0x08014c37   Thumb Code   154  mlan_cmdevt.o(.text)
    wlan_ret_802_11_hs_cfg                   0x08014cd1   Thumb Code    88  mlan_cmdevt.o(.text)
    wlan_process_cmdresp                     0x08014d29   Thumb Code   570  mlan_cmdevt.o(.text)
    wlan_cmd_timeout_func                    0x08014f63   Thumb Code   188  mlan_cmdevt.o(.text)
    wlan_flush_scan_queue                    0x0801501f   Thumb Code    80  mlan_cmdevt.o(.text)
    wlan_cancel_all_pending_cmd              0x0801506f   Thumb Code   140  mlan_cmdevt.o(.text)
    wlan_cancel_pending_ioctl                0x080150fb   Thumb Code   186  mlan_cmdevt.o(.text)
    wlan_ret_ver_ext                         0x080151b5   Thumb Code    36  mlan_cmdevt.o(.text)
    wlan_ret_rx_mgmt_ind                     0x080151d9   Thumb Code    14  mlan_cmdevt.o(.text)
    wlan_check_ps_cond                       0x080151e7   Thumb Code    46  mlan_cmdevt.o(.text)
    wlan_host_sleep_wakeup_event             0x08015215   Thumb Code    20  mlan_cmdevt.o(.text)
    wlan_process_hs_config                   0x08015229   Thumb Code    14  mlan_cmdevt.o(.text)
    wlan_process_sleep_confirm_resp          0x08015237   Thumb Code    70  mlan_cmdevt.o(.text)
    wlan_cmd_enh_power_mode                  0x0801527d   Thumb Code   242  mlan_cmdevt.o(.text)
    wlan_ret_enh_power_mode                  0x0801536f   Thumb Code   300  mlan_cmdevt.o(.text)
    wlan_ret_802_11_tx_rate_query            0x0801549b   Thumb Code   234  mlan_cmdevt.o(.text)
    wlan_cmd_tx_rate_cfg                     0x08015585   Thumb Code   110  mlan_cmdevt.o(.text)
    wlan_ret_tx_rate_cfg                     0x080155f3   Thumb Code   220  mlan_cmdevt.o(.text)
    wlan_adapter_init_cmd                    0x080156cf   Thumb Code   250  mlan_cmdevt.o(.text)
    wlan_cmd_get_hw_spec                     0x080157c9   Thumb Code    34  mlan_cmdevt.o(.text)
    wlan_cmd_cfg_data                        0x080157eb   Thumb Code   142  mlan_cmdevt.o(.text)
    wlan_ret_cfg_data                        0x08015879   Thumb Code    12  mlan_cmdevt.o(.text)
    wlan_ret_get_hw_spec                     0x08015885   Thumb Code   480  mlan_cmdevt.o(.text)
    wlan_cmd_802_11_radio_control            0x08015a65   Thumb Code    42  mlan_cmdevt.o(.text)
    wlan_ret_802_11_radio_control            0x08015a8f   Thumb Code    22  mlan_cmdevt.o(.text)
    wlan_cmd_hs_wakeup_reason                0x08015aa5   Thumb Code    14  mlan_cmdevt.o(.text)
    wlan_ret_hs_wakeup_reason                0x08015ab3   Thumb Code    14  mlan_cmdevt.o(.text)
    wlan_cmd_802_11_rf_antenna               0x08015ac1   Thumb Code    98  mlan_cmdevt.o(.text)
    wlan_ret_802_11_rf_antenna               0x08015b23   Thumb Code    34  mlan_cmdevt.o(.text)
    wlan_cmd_reg_access                      0x08015b45   Thumb Code    90  mlan_cmdevt.o(.text)
    wlan_ret_reg_access                      0x08015b9f   Thumb Code   124  mlan_cmdevt.o(.text)
    wlan_cmd_mem_access                      0x08015c1b   Thumb Code    28  mlan_cmdevt.o(.text)
    wlan_ret_mem_access                      0x08015c37   Thumb Code    18  mlan_cmdevt.o(.text)
    wlan_allocate_adapter                    0x08015cc5   Thumb Code   132  mlan_init.o(.text)
    wlan_init_priv                           0x08015d49   Thumb Code   450  mlan_init.o(.text)
    wlan_init_adapter                        0x08015f0b   Thumb Code   650  mlan_init.o(.text)
    wlan_init_lock_list                      0x08016195   Thumb Code   386  mlan_init.o(.text)
    wlan_free_lock_list                      0x08016317   Thumb Code   328  mlan_init.o(.text)
    wlan_init_timer                          0x0801645f   Thumb Code    30  mlan_init.o(.text)
    wlan_free_timer                          0x0801647d   Thumb Code    20  mlan_init.o(.text)
    wlan_init_fw                             0x08016491   Thumb Code   156  mlan_init.o(.text)
    wlan_free_adapter                        0x0801652d   Thumb Code   116  mlan_init.o(.text)
    wlan_free_priv                           0x080165a1   Thumb Code    30  mlan_init.o(.text)
    wlan_init_fw_complete                    0x080165bf   Thumb Code    20  mlan_init.o(.text)
    wlan_shutdown_fw_complete                0x080165d3   Thumb Code    16  mlan_init.o(.text)
    wlan_band_to_radio_type                  0x080167ff   Thumb Code    22  mlan_join.o(.text)
    wlan_cmd_802_11_associate                0x08016815   Thumb Code  1058  mlan_join.o(.text)
    wlan_ret_802_11_associate                0x08016c37   Thumb Code   682  mlan_join.o(.text)
    wlan_cmd_802_11_ad_hoc_start             0x08016ee1   Thumb Code  1094  mlan_join.o(.text)
    wlan_cmd_802_11_ad_hoc_join              0x08017327   Thumb Code   802  mlan_join.o(.text)
    wlan_ret_802_11_ad_hoc                   0x08017649   Thumb Code   240  mlan_join.o(.text)
    wlan_associate                           0x08017739   Thumb Code    86  mlan_join.o(.text)
    wlan_adhoc_start                         0x0801778f   Thumb Code    86  mlan_join.o(.text)
    wlan_adhoc_join                          0x080177e5   Thumb Code    68  mlan_join.o(.text)
    wlan_disconnect                          0x08017829   Thumb Code   148  mlan_join.o(.text)
    wlan_meas_util_send_req                  0x08017b15   Thumb Code    50  mlan_meas.o(.text)
    wlan_meas_cmd_process                    0x08017b47   Thumb Code   102  mlan_meas.o(.text)
    wlan_meas_cmdresp_process                0x08017bad   Thumb Code    74  mlan_meas.o(.text)
    wlan_misc_ioctl_host_cmd                 0x08017eb7   Thumb Code    36  mlan_misc.o(.text)
    wlan_misc_ioctl_init_shutdown            0x08017edb   Thumb Code    64  mlan_misc.o(.text)
    wlan_get_info_debug_info                 0x08017f1b   Thumb Code  1066  mlan_misc.o(.text)
    wlan_pm_wakeup_card                      0x08018345   Thumb Code    16  mlan_misc.o(.text)
    wlan_pm_reset_card                       0x08018355   Thumb Code    16  mlan_misc.o(.text)
    wlan_pm_ioctl_hscfg                      0x08018365   Thumb Code   180  mlan_misc.o(.text)
    wlan_alloc_mlan_buffer                   0x08018419   Thumb Code   134  mlan_misc.o(.text)
    wlan_free_mlan_buffer                    0x0801849f   Thumb Code    28  mlan_misc.o(.text)
    wlan_delay_func                          0x080184bb   Thumb Code   138  mlan_misc.o(.text)
    wlan_bss_ioctl_bss_role                  0x08018545   Thumb Code   300  mlan_misc.o(.text)
    wlan_misc_ioctl_custom_ie_list           0x08018671   Thumb Code  1002  mlan_misc.o(.text)
    wlan_reg_mem_ioctl_reg_rw                0x08018a5b   Thumb Code    88  mlan_misc.o(.text)
    wlan_reg_mem_ioctl_read_eeprom           0x08018ab3   Thumb Code    38  mlan_misc.o(.text)
    wlan_reg_mem_ioctl_mem_rw                0x08018ad9   Thumb Code    44  mlan_misc.o(.text)
    wlan_is_station_list_empty               0x08018b05   Thumb Code    30  mlan_misc.o(.text)
    wlan_get_station_entry                   0x08018b23   Thumb Code    74  mlan_misc.o(.text)
    wlan_add_station_entry                   0x08018b6d   Thumb Code   172  mlan_misc.o(.text)
    wlan_delete_station_entry                0x08018c19   Thumb Code    88  mlan_misc.o(.text)
    wlan_delete_station_list                 0x08018c71   Thumb Code    86  mlan_misc.o(.text)
    wlan_get_info_ver_ext                    0x08018cc7   Thumb Code    36  mlan_misc.o(.text)
    wlan_reg_rx_mgmt_ind                     0x08018ceb   Thumb Code    46  mlan_misc.o(.text)
    wlan_process_802dot11_mgmt_pkt           0x08018d19   Thumb Code   204  mlan_misc.o(.text)
    wlan_misc_otp_user_data                  0x08018de5   Thumb Code    58  mlan_misc.o(.text)
    wlan_is_wmm_ie_present                   0x08018e1f   Thumb Code    74  mlan_misc.o(.text)
    wlan_get_specific_ie                     0x08018e69   Thumb Code    38  mlan_misc.o(.text)
    wlan_get_pm_info                         0x08018e8f   Thumb Code    66  mlan_misc.o(.text)
    wlan_get_hs_wakeup_reason                0x08018ed1   Thumb Code    38  mlan_misc.o(.text)
    wlan_radio_ioctl_radio_ctl               0x08018ef7   Thumb Code    72  mlan_misc.o(.text)
    wlan_radio_ioctl_ant_cfg                 0x08018f3f   Thumb Code   168  mlan_misc.o(.text)
    wlan_rate_ioctl_cfg                      0x080191c9   Thumb Code    84  mlan_misc.o(.text)
    wlan_rate_ioctl_get_data_rate            0x0801921d   Thumb Code    44  mlan_misc.o(.text)
    wlan_misc_ioctl_txcontrol                0x08019249   Thumb Code    32  mlan_misc.o(.text)
    wlan_is_network_compatible               0x080193c7   Thumb Code   544  mlan_scan.o(.text)
    wlan_save_curr_bcn                       0x0801a67d   Thumb Code   132  mlan_scan.o(.text)
    wlan_ssid_cmp                            0x0801a701   Thumb Code    42  mlan_scan.o(.text)
    wlan_find_ssid_in_list                   0x0801a72b   Thumb Code   234  mlan_scan.o(.text)
    wlan_flush_scan_table                    0x0801aaa3   Thumb Code    58  mlan_scan.o(.text)
    wlan_scan_networks                       0x0801aadd   Thumb Code   352  mlan_scan.o(.text)
    wlan_cmd_802_11_scan                     0x0801ac3d   Thumb Code    74  mlan_scan.o(.text)
    wlan_ret_802_11_scan                     0x0801ac87   Thumb Code   738  mlan_scan.o(.text)
    wlan_cmd_802_11_scan_ext                 0x0801af69   Thumb Code    48  mlan_scan.o(.text)
    wlan_ret_802_11_scan_ext                 0x0801af99   Thumb Code     4  mlan_scan.o(.text)
    wlan_handle_event_ext_scan_report        0x0801b1cb   Thumb Code   180  mlan_scan.o(.text)
    wlan_cmd_802_11_bg_scan_query            0x0801b27f   Thumb Code    20  mlan_scan.o(.text)
    wlan_cmd_bgscan_config                   0x0801b451   Thumb Code   574  mlan_scan.o(.text)
    wlan_ret_bgscan_config                   0x0801b68f   Thumb Code    14  mlan_scan.o(.text)
    wlan_ret_802_11_bgscan_query             0x0801b69d   Thumb Code    42  mlan_scan.o(.text)
    wlan_find_bssid_in_list                  0x0801b6c7   Thumb Code   162  mlan_scan.o(.text)
    wlan_queue_scan_cmd                      0x0801b769   Thumb Code    60  mlan_scan.o(.text)
    wlan_find_best_network                   0x0801b7a5   Thumb Code   106  mlan_scan.o(.text)
    wlan_scan_specific_ssid                  0x0801b80f   Thumb Code   162  mlan_scan.o(.text)
    wlan_free_curr_bcn                       0x0801b8b1   Thumb Code    34  mlan_scan.o(.text)
    wlan_check_winner_status                 0x0801bd05   Thumb Code    36  mlan_sdio.o(.text)
    wlan_check_fw_status                     0x0801bd29   Thumb Code   106  mlan_sdio.o(.text)
    wlan_dnld_fw                             0x0801bd93   Thumb Code    16  mlan_sdio.o(.text)
    wlan_sdio_probe                          0x0801bda3   Thumb Code    76  mlan_sdio.o(.text)
    read_int_status                          0x0801bdef   Thumb Code    62  mlan_sdio.o(.text)
    wlan_interrupt                           0x0801be2d   Thumb Code   114  mlan_sdio.o(.text)
    wlan_enable_host_int                     0x0801be9f   Thumb Code    26  mlan_sdio.o(.text)
    wlan_process_int_status                  0x0801beb9   Thumb Code   576  mlan_sdio.o(.text)
    wlan_sdio_host_to_card                   0x0801c0f9   Thumb Code   224  mlan_sdio.o(.text)
    wlan_set_sdio_gpio_int                   0x0801c1d9   Thumb Code    68  mlan_sdio.o(.text)
    wlan_cmd_sdio_gpio_int                   0x0801c21d   Thumb Code    66  mlan_sdio.o(.text)
    mlan_register                            0x0801c33f   Thumb Code   784  mlan_shim.o(.text)
    mlan_unregister                          0x0801c64f   Thumb Code    66  mlan_shim.o(.text)
    mlan_dnld_fw                             0x0801c691   Thumb Code   114  mlan_shim.o(.text)
    mlan_set_init_param                      0x0801c703   Thumb Code    66  mlan_shim.o(.text)
    mlan_init_fw                             0x0801c745   Thumb Code    30  mlan_shim.o(.text)
    mlan_shutdown_fw                         0x0801c763   Thumb Code   122  mlan_shim.o(.text)
    mlan_main_process                        0x0801c7dd   Thumb Code   744  mlan_shim.o(.text)
    mlan_send_packet                         0x0801cac5   Thumb Code   114  mlan_shim.o(.text)
    mlan_ioctl                               0x0801cb37   Thumb Code    44  mlan_shim.o(.text)
    mlan_recv_packet_complete                0x0801cb63   Thumb Code    10  mlan_shim.o(.text)
    mlan_select_wmm_queue                    0x0801cb6d   Thumb Code    12  mlan_shim.o(.text)
    mlan_interrupt                           0x0801cb79   Thumb Code    28  mlan_shim.o(.text)
    wlan_ops_sta_prepare_cmd                 0x0801d19f   Thumb Code  1588  mlan_sta_cmd.o(.text)
    wlan_ops_sta_init_cmd                    0x0801d7d3   Thumb Code   216  mlan_sta_cmd.o(.text)
    wlan_ops_sta_process_cmdresp             0x0801de83   Thumb Code  1622  mlan_sta_cmdresp.o(.text)
    wlan_reset_connect_state                 0x0801e6f1   Thumb Code   298  mlan_sta_event.o(.text)
    wlan_2040_coex_event                     0x0801e81b   Thumb Code    74  mlan_sta_event.o(.text)
    wlan_ops_sta_process_event               0x0801e865   Thumb Code  1048  mlan_sta_event.o(.text)
    wlan_find_bss                            0x0801f393   Thumb Code   208  mlan_sta_ioctl.o(.text)
    wlan_bss_ioctl_find_bss                  0x0801f463   Thumb Code    42  mlan_sta_ioctl.o(.text)
    wlan_misc_ioctl_mac_control              0x08020575   Thumb Code    56  mlan_sta_ioctl.o(.text)
    wlan_misc_ioctl_thermal                  0x080205ad   Thumb Code    68  mlan_sta_ioctl.o(.text)
    wlan_misc_ioctl_subscribe_evt            0x080205f1   Thumb Code    44  mlan_sta_ioctl.o(.text)
    wlan_ipaddr_arp_filter                   0x0802061d   Thumb Code   332  mlan_sta_ioctl.o(.text)
    wlan_ipaddr_auto_arp_resp                0x08020769   Thumb Code   226  mlan_sta_ioctl.o(.text)
    wlan_misc_ioctl_mef_cfg                  0x0802084b   Thumb Code   268  mlan_sta_ioctl.o(.text)
    wlan_misc_ioctl_ipaddr_cfg               0x08020957   Thumb Code   186  mlan_sta_ioctl.o(.text)
    wlan_misc_ioctl_cfp_code_cfg             0x08020a11   Thumb Code   236  mlan_sta_ioctl.o(.text)
    wlan_misc_ioctl_country_code             0x08020afd   Thumb Code   288  mlan_sta_ioctl.o(.text)
    wlan_set_ewpa_mode                       0x08020f5d   Thumb Code    30  mlan_sta_ioctl.o(.text)
    wlan_ops_sta_ioctl                       0x08020f7b   Thumb Code   452  mlan_sta_ioctl.o(.text)
    wlan_process_rx_packet                   0x08021811   Thumb Code   272  mlan_sta_rx.o(.text)
    wlan_ops_sta_process_rx_packet           0x08021921   Thumb Code   260  mlan_sta_rx.o(.text)
    wlan_check_last_packet_indication        0x08021a41   Thumb Code   108  mlan_sta_tx.o(.text)
    wlan_ops_sta_process_txpd                0x08021aad   Thumb Code   260  mlan_sta_tx.o(.text)
    wlan_send_null_packet                    0x08021bb1   Thumb Code   190  mlan_sta_tx.o(.text)
    wlan_handle_rx_packet                    0x08021ce3   Thumb Code   108  mlan_txrx.o(.text)
    wlan_write_data_complete                 0x08021d4f   Thumb Code    84  mlan_txrx.o(.text)
    wlan_process_tx                          0x08021da3   Thumb Code   152  mlan_txrx.o(.text)
    wlan_recv_packet_complete                0x08021e3b   Thumb Code   104  mlan_txrx.o(.text)
    wlan_add_buf_bypass_txqueue              0x08021ea3   Thumb Code    66  mlan_txrx.o(.text)
    wlan_bypass_tx_list_empty                0x08021ee5   Thumb Code    32  mlan_txrx.o(.text)
    wlan_cleanup_bypass_txq                  0x08021f05   Thumb Code    88  mlan_txrx.o(.text)
    wlan_process_bypass_tx                   0x08021f5d   Thumb Code   132  mlan_txrx.o(.text)
    wlan_check_specific_ie                   0x080232ed   Thumb Code   132  mlan_uap_cmdevent.o(.text)
    wlan_ops_uap_prepare_cmd                 0x08023435   Thumb Code   826  mlan_uap_cmdevent.o(.text)
    wlan_ops_uap_process_cmdresp             0x0802376f   Thumb Code   860  mlan_uap_cmdevent.o(.text)
    wlan_ops_uap_process_event               0x08023acb   Thumb Code  1010  mlan_uap_cmdevent.o(.text)
    wlan_ops_uap_init_cmd                    0x08023ebd   Thumb Code    56  mlan_uap_cmdevent.o(.text)
    wlan_uap_set_channel                     0x0802417d   Thumb Code    74  mlan_uap_ioctl.o(.text)
    wlan_uap_get_channel                     0x08024253   Thumb Code    58  mlan_uap_ioctl.o(.text)
    wlan_uap_get_beacon_dtim                 0x08024475   Thumb Code    74  mlan_uap_ioctl.o(.text)
    wlan_ops_uap_ioctl                       0x080244bf   Thumb Code  1384  mlan_uap_ioctl.o(.text)
    wlan_ops_uap_process_txpd                0x08024ca3   Thumb Code   234  mlan_uap_txrx.o(.text)
    wlan_process_uap_rx_packet               0x08024d8d   Thumb Code   348  mlan_uap_txrx.o(.text)
    wlan_ops_uap_process_rx_packet           0x08024ee9   Thumb Code   304  mlan_uap_txrx.o(.text)
    wlan_uap_recv_packet                     0x08025019   Thumb Code   334  mlan_uap_txrx.o(.text)
    wlan_wmm_get_ralist_node                 0x08025357   Thumb Code    74  mlan_wmm.o(.text)
    wlan_get_random_ba_threshold             0x080253a1   Thumb Code    48  mlan_wmm.o(.text)
    wlan_ralist_add                          0x080253d1   Thumb Code   242  mlan_wmm.o(.text)
    wlan_is_ralist_valid                     0x08025723   Thumb Code    48  mlan_wmm.o(.text)
    wlan_updata_ralist_tx_pause              0x08025be1   Thumb Code   136  mlan_wmm.o(.text)
    wlan_clean_txrx                          0x08025c69   Thumb Code   182  mlan_wmm.o(.text)
    wlan_wmm_default_queue_priorities        0x08025d1f   Thumb Code    26  mlan_wmm.o(.text)
    wlan_wmm_setup_queue_priorities          0x08025d39   Thumb Code   182  mlan_wmm.o(.text)
    wlan_wmm_setup_ac_downgrade              0x08025def   Thumb Code    88  mlan_wmm.o(.text)
    wlan_wmm_init                            0x08025e47   Thumb Code   192  mlan_wmm.o(.text)
    wlan_wmm_setup_queues                    0x08025f07   Thumb Code    18  mlan_wmm.o(.text)
    wlan_cmd_wmm_status_change               0x08025f19   Thumb Code    20  mlan_wmm.o(.text)
    wlan_wmm_lists_empty                     0x08025f2d   Thumb Code    62  mlan_wmm.o(.text)
    wlan_ralist_update                       0x08025f6b   Thumb Code   118  mlan_wmm.o(.text)
    wlan_wmm_add_buf_txqueue                 0x08025fe1   Thumb Code   336  mlan_wmm.o(.text)
    wlan_ret_wmm_get_status                  0x08026131   Thumb Code   236  mlan_wmm.o(.text)
    wlan_wmm_process_association_req         0x0802621d   Thumb Code   132  mlan_wmm.o(.text)
    wlan_wmm_compute_driver_packet_delay     0x080262a1   Thumb Code    64  mlan_wmm.o(.text)
    wlan_wmm_process_tx                      0x080262e1   Thumb Code    42  mlan_wmm.o(.text)
    wlan_wmm_select_queue                    0x0802630b   Thumb Code    46  mlan_wmm.o(.text)
    wlan_drop_tx_pkts                        0x08026339   Thumb Code    90  mlan_wmm.o(.text)
    wlan_wmm_delete_peer_ralist              0x08026393   Thumb Code   194  mlan_wmm.o(.text)
    wlan_cmd_wmm_addts_req                   0x08026455   Thumb Code    56  mlan_wmm.o(.text)
    wlan_ret_wmm_addts_req                   0x0802648d   Thumb Code    64  mlan_wmm.o(.text)
    wlan_cmd_wmm_delts_req                   0x080264cd   Thumb Code    84  mlan_wmm.o(.text)
    wlan_ret_wmm_delts_req                   0x08026521   Thumb Code    48  mlan_wmm.o(.text)
    wlan_cmd_wmm_queue_stats                 0x08026551   Thumb Code    92  mlan_wmm.o(.text)
    wlan_ret_wmm_queue_stats                 0x080265ad   Thumb Code    74  mlan_wmm.o(.text)
    wlan_cmd_wmm_ts_status                   0x080265f7   Thumb Code    36  mlan_wmm.o(.text)
    wlan_ret_wmm_ts_status                   0x0802661b   Thumb Code    30  mlan_wmm.o(.text)
    wlan_cmd_wmm_queue_config                0x08026639   Thumb Code    32  mlan_wmm.o(.text)
    wlan_ret_wmm_queue_config                0x08026659   Thumb Code    22  mlan_wmm.o(.text)
    wlan_wmm_cfg_ioctl                       0x0802666f   Thumb Code   316  mlan_wmm.o(.text)
    put_page                                 0x08026ae1   Thumb Code    78  skbuff.o(.text)
    __kfree_skb                              0x08026c67   Thumb Code    18  skbuff.o(.text)
    kfree_skb                                0x08026c79   Thumb Code    32  skbuff.o(.text)
    skb_clone                                0x08026dd1   Thumb Code   104  skbuff.o(.text)
    skb_copy_from_linear_data_offset         0x08026e39   Thumb Code    30  skbuff.o(.text)
    skb_copy_bits                            0x08026e57   Thumb Code   556  skbuff.o(.text)
    get_page                                 0x080270a5   Thumb Code   142  skbuff.o(.text)
    pskb_expand_head                         0x08027133   Thumb Code   514  skbuff.o(.text)
    __pskb_pull_tail                         0x08027335   Thumb Code   714  skbuff.o(.text)
    skb_tailroom                             0x08027637   Thumb Code    20  skbuff.o(.text)
    skb_reserve                              0x0802764b   Thumb Code    18  skbuff.o(.text)
    skb_mac_header                           0x0802765d   Thumb Code     6  skbuff.o(.text)
    skb_reset_mac_header                     0x08027663   Thumb Code     8  skbuff.o(.text)
    __alloc_skb                              0x0802766b   Thumb Code   200  skbuff.o(.text)
    __dev_alloc_skb                          0x08027733   Thumb Code    40  skbuff.o(.text)
    skb_copy_from_linear_data                0x0802775b   Thumb Code    22  skbuff.o(.text)
    __netdev_alloc_skb                       0x08027855   Thumb Code    44  skbuff.o(.text)
    dev_alloc_skb                            0x08027881   Thumb Code    14  skbuff.o(.text)
    get_global_skb_alloc                     0x0802788f   Thumb Code     4  skbuff.o(.text)
    consume_skb                              0x08027893   Thumb Code    32  skbuff.o(.text)
    skb_recycle_check                        0x080278b3   Thumb Code   146  skbuff.o(.text)
    skb_morph                                0x08027945   Thumb Code    22  skbuff.o(.text)
    skb_put                                  0x0802798f   Thumb Code    52  skbuff.o(.text)
    skb_copy                                 0x080279c3   Thumb Code    98  skbuff.o(.text)
    pskb_copy                                0x08027a25   Thumb Code   260  skbuff.o(.text)
    skb_realloc_headroom                     0x08027b29   Thumb Code    76  skbuff.o(.text)
    skb_copy_expand                          0x08027b75   Thumb Code   148  skbuff.o(.text)
    skb_push                                 0x08027c09   Thumb Code    46  skbuff.o(.text)
    do_gettimeofday                          0x08027c61   Thumb Code    38  usr_cfg.o(.text)
    timeval_to_ktime                         0x08027c87   Thumb Code    26  usr_cfg.o(.text)
    INIT_LIST_HEAD                           0x08027ca1   Thumb Code     6  usr_cfg.o(.text)
    __list_add                               0x08027ca7   Thumb Code    10  usr_cfg.o(.text)
    list_add                                 0x08027cb1   Thumb Code    18  usr_cfg.o(.text)
    list_add_tail                            0x08027cc3   Thumb Code    18  usr_cfg.o(.text)
    __list_del                               0x08027cd5   Thumb Code     6  usr_cfg.o(.text)
    __list_del_entry                         0x08027cdb   Thumb Code    14  usr_cfg.o(.text)
    list_del                                 0x08027ce9   Thumb Code    20  usr_cfg.o(.text)
    copy_from_user                           0x08027cfd   Thumb Code    22  usr_cfg.o(.text)
    try_module_get                           0x08027d13   Thumb Code     4  usr_cfg.o(.text)
    module_put                               0x08027d17   Thumb Code     4  usr_cfg.o(.text)
    ieee80211_get_channel                    0x08027d1b   Thumb Code    76  usr_cfg.o(.text)
    wpa_parse_wpa_ie_rsn                     0x08027f59   Thumb Code   462  usr_cfg.o(.text)
    wpa_parse_wpa_ie                         0x0802845d   Thumb Code    40  usr_cfg.o(.text)
    wpa_sm_parse_own_wpa_ie                  0x08028485   Thumb Code    50  usr_cfg.o(.text)
    handle_user_scan_result                  0x080284b7   Thumb Code   236  usr_cfg.o(.text)
    cfg80211_inform_bss                      0x080285a3   Thumb Code   170  usr_cfg.o(.text)
    wiphy_free                               0x0802864d   Thumb Code    62  usr_cfg.o(.text)
    wiphy_unregister                         0x0802868b   Thumb Code    62  usr_cfg.o(.text)
    ieee80211_channel_to_frequency           0x080286c9   Thumb Code   172  usr_cfg.o(.text)
    ieee80211_frequency_to_channel           0x08028775   Thumb Code    76  usr_cfg.o(.text)
    strnicmp                                 0x080287c1   Thumb Code    76  usr_cfg.o(.text)
    cfg80211_scan_done                       0x0802880d   Thumb Code    92  usr_cfg.o(.text)
    cfg80211_connect_result                  0x08028869   Thumb Code    88  usr_cfg.o(.text)
    cfg80211_cqm_rssi_notify                 0x080288c1   Thumb Code    76  usr_cfg.o(.text)
    cfg80211_michael_mic_failure             0x0802890d   Thumb Code    82  usr_cfg.o(.text)
    cfg80211_ibss_joined                     0x0802895f   Thumb Code    76  usr_cfg.o(.text)
    cfg80211_put_bss                         0x080289ab   Thumb Code    22  usr_cfg.o(.text)
    cfg80211_remain_on_channel_expired       0x080289c1   Thumb Code    80  usr_cfg.o(.text)
    cfg80211_ready_on_channel                0x08028a11   Thumb Code    82  usr_cfg.o(.text)
    eth_type_trans                           0x08028a63   Thumb Code    46  usr_cfg.o(.text)
    netif_rx                                 0x08028a91   Thumb Code    44  usr_cfg.o(.text)
    _mem_init                                0x08028b25   Thumb Code    34  driver_misc.o(.text)
    init_systick                             0x08028b47   Thumb Code    90  driver_misc.o(.text)
    init_rng                                 0x08028ba1   Thumb Code    18  driver_misc.o(.text)
    get_random                               0x08028bb3   Thumb Code     8  driver_misc.o(.text)
    gpio_cfg                                 0x08028bbb   Thumb Code   254  driver_misc.o(.text)
    driver_gpio_init                         0x08028cb9   Thumb Code    40  driver_misc.o(.text)
    check_rst_stat                           0x08028ce1   Thumb Code   432  driver_misc.o(.text)
    init_us_timer                            0x08028e91   Thumb Code    66  driver_misc.o(.text)
    get_us_count                             0x08028ed3   Thumb Code    16  driver_misc.o(.text)
    driver_misc_init                         0x08028ee3   Thumb Code    20  driver_misc.o(.text)
    enable_sdio_int                          0x08028f7d   Thumb Code    12  sdcard.o(.text)
    mmc_io_rw_direct_host                    0x08029061   Thumb Code   230  sdcard.o(.text)
    mmc_io_rw_direct                         0x08029147   Thumb Code    36  sdcard.o(.text)
    mmc_sdio_switch_hs                       0x0802916b   Thumb Code   194  sdcard.o(.text)
    sdio_read_common_cis                     0x08029471   Thumb Code    10  sdcard.o(.text)
    sdio_read_cccr                           0x0802947b   Thumb Code   384  sdcard.o(.text)
    SD_SelectDeselect                        0x08029737   Thumb Code   110  sdcard.o(.text)
    mmc_send_relative_addr                   0x0802984f   Thumb Code   224  sdcard.o(.text)
    mmc_send_io_op_cond                      0x08029973   Thumb Code   166  sdcard.o(.text)
    mmc_go_idle                              0x08029a45   Thumb Code    40  sdcard.o(.text)
    SD_Init                                  0x08029ae7   Thumb Code   364  sdcard.o(.text)
    dma_start_send_data                      0x08029ddb   Thumb Code   162  sdcard.o(.text)
    SDIO_IRQHandler                          0x08029e7d   Thumb Code   276  sdcard.o(.text)
    mmc_io_rw_extended                       0x08029f91   Thumb Code   830  sdcard.o(.text)
    sdio_enable_wide                         0x0802a2cf   Thumb Code   182  sdcard.o(.text)
    uart1_init                               0x0802a3f5   Thumb Code   272  usart.o(.text)
    uart3_init                               0x0802a505   Thumb Code   266  usart.o(.text)
    select_debug_uart                        0x0802a60f   Thumb Code    24  usart.o(.text)
    fputc                                    0x0802a627   Thumb Code   108  usart.o(.text)
    uart3_send_next                          0x0802a693   Thumb Code    66  usart.o(.text)
    uart3_send                               0x0802a6d5   Thumb Code   170  usart.o(.text)
    uart1_send_next                          0x0802a77f   Thumb Code    76  usart.o(.text)
    uart1_send                               0x0802a7cb   Thumb Code   334  usart.o(.text)
    uart1_read_data                          0x0802a919   Thumb Code    20  usart.o(.text)
    send_cmd_to_self                         0x0802a92d   Thumb Code    16  usart.o(.text)
    USART1_IRQHandler                        0x0802a93d   Thumb Code    78  usart.o(.text)
    USART3_IRQHandler                        0x0802a98b   Thumb Code    80  usart.o(.text)
    delay_1us                                0x0802aa21   Thumb Code    14  sys_misc.o(.text)
    delay_us                                 0x0802aa2f   Thumb Code    20  sys_misc.o(.text)
    led_scan                                 0x0802aa43   Thumb Code    36  sys_misc.o(.text)
    led_switch                               0x0802aa67   Thumb Code    80  sys_misc.o(.text)
    led_bright                               0x0802aab7   Thumb Code    88  sys_misc.o(.text)
    button_stat_callback                     0x0802ab0f   Thumb Code    88  sys_misc.o(.text)
    assert_failed                            0x0802ab67   Thumb Code    74  sys_misc.o(.text)
    ind2_timer_callback                      0x0802abb1   Thumb Code    48  sys_misc.o(.text)
    indicate_led_twink_start                 0x0802abe1   Thumb Code    24  sys_misc.o(.text)
    indicate_led_twink_stop                  0x0802abf9   Thumb Code    24  sys_misc.o(.text)
    misc_init                                0x0802ac11   Thumb Code    32  sys_misc.o(.text)
    show_sys_info                            0x0802ac31   Thumb Code   106  sys_misc.o(.text)
    soft_reset                               0x0802ac9b   Thumb Code    88  sys_misc.o(.text)
    App_TaskCreateHook                       0x0802acf3   Thumb Code     4  sys_misc.o(.text)
    App_TaskDelHook                          0x0802acf7   Thumb Code     4  sys_misc.o(.text)
    App_TaskReturnHook                       0x0802acfb   Thumb Code     4  sys_misc.o(.text)
    App_TCBInitHook                          0x0802acff   Thumb Code     4  sys_misc.o(.text)
    App_TaskSwHook                           0x0802ad03   Thumb Code     2  sys_misc.o(.text)
    App_TimeTickHook                         0x0802ad05   Thumb Code     2  sys_misc.o(.text)
    App_TaskStatHook                         0x0802ad07   Thumb Code    10  sys_misc.o(.text)
    switch_dbg                               0x0802ad11   Thumb Code   160  sys_misc.o(.text)
    usr_gpio_init                            0x0802adb1   Thumb Code    38  sys_misc.o(.text)
    wifi_init_priv                           0x0802aebd   Thumb Code    72  wifi.o(.text)
    get_wifi_dev                             0x0802af05   Thumb Code     6  wifi.o(.text)
    is_hw_ok                                 0x0802af0b   Thumb Code    14  wifi.o(.text)
    wifi_get_mode                            0x0802af19   Thumb Code    22  wifi.o(.text)
    wifi_disconnect                          0x0802af2f   Thumb Code   122  wifi.o(.text)
    wifi_stop_ap                             0x0802afa9   Thumb Code   182  wifi.o(.text)
    wifi_set_mode                            0x0802b05f   Thumb Code   408  wifi.o(.text)
    wifi_set_multicast                       0x0802b1f7   Thumb Code    66  wifi.o(.text)
    wifi_set_promisc                         0x0802b239   Thumb Code    12  wifi.o(.text)
    wifi_set_channel                         0x0802b245   Thumb Code   314  wifi.o(.text)
    wifi_ap_cfg                              0x0802b37f   Thumb Code   374  wifi.o(.text)
    wifi_join_adhoc                          0x0802b4f5   Thumb Code   238  wifi.o(.text)
    wifi_leave_adhoc                         0x0802b5e3   Thumb Code   126  wifi.o(.text)
    wifi_get_sta_list                        0x0802b661   Thumb Code   142  wifi.o(.text)
    new_scan_req                             0x0802b6ef   Thumb Code   486  wifi.o(.text)
    wifi_scan                                0x0802b8d5   Thumb Code   150  wifi.o(.text)
    is_wifi_connected                        0x0802b96b   Thumb Code    18  wifi.o(.text)
    wifi_connect                             0x0802b97d   Thumb Code   398  wifi.o(.text)
    wifi_get_mac                             0x0802bb0b   Thumb Code    20  wifi.o(.text)
    wifi_get_stats                           0x0802bb1f   Thumb Code   136  wifi.o(.text)
    wifi_power_cfg                           0x0802bba7   Thumb Code   356  wifi.o(.text)
    event_callback                           0x0802bd0b   Thumb Code     6  wifi.o(.text)
    register_netdev                          0x0802bd11   Thumb Code   100  wifi.o(.text)
    init_wifi                                0x0802bd75   Thumb Code    44  wifi.o(.text)
    read_firmware                            0x0802bdc1   Thumb Code    72  main.o(.text)
    send_work_event                          0x0802be09   Thumb Code     2  main.o(.text)
    show_tcpip_info                          0x0802be0b   Thumb Code     2  main.o(.text)
    dev_monitor_task                         0x0802be0d   Thumb Code    12  main.o(.text)
    ethernetif_input                         0x0802be19   Thumb Code   126  main.o(.text)
    main_thread                              0x0802be97   Thumb Code   510  main.o(.text)
    main                                     0x0802c095   Thumb Code    46  main.o(.text)
    __rt_ctype_table                         0x0802c1b9   Thumb Code     4  ctype_o.o(.text)
    tolower                                  0x0802c1c1   Thumb Code    12  tolower.o(.text)
    ____aeabi_memcpy8$ret$move               0x0802c1cd   Thumb Code     0  memmove.o(.text)
    ___aeabi_memmove4$ret                    0x0802c1cd   Thumb Code     0  memmove.o(.text)
    ___aeabi_memmove8$ret                    0x0802c1cd   Thumb Code     0  memmove.o(.text)
    __aeabi_memcpy                           0x0802c1cd   Thumb Code    66  memmove.o(.text)
    __aeabi_memcpy4                          0x0802c1cd   Thumb Code     0  memmove.o(.text)
    __aeabi_memmove                          0x0802c1cd   Thumb Code     0  memmove.o(.text)
    memcpy                                   0x0802c1cd   Thumb Code     0  memmove.o(.text)
    memmove                                  0x0802c1cd   Thumb Code     0  memmove.o(.text)
    __aeabi_memset                           0x0802c20f   Thumb Code    14  memseta.o(.text)
    __aeabi_memset4                          0x0802c20f   Thumb Code     0  memseta.o(.text)
    __aeabi_memset8                          0x0802c20f   Thumb Code     0  memseta.o(.text)
    __aeabi_memclr                           0x0802c21d   Thumb Code     4  memseta.o(.text)
    __aeabi_memclr4                          0x0802c21d   Thumb Code     0  memseta.o(.text)
    __aeabi_memclr8                          0x0802c21d   Thumb Code     0  memseta.o(.text)
    memset                                   0x0802c221   Thumb Code    18  memseta.o(.text)
    strcat                                   0x0802c233   Thumb Code    24  strcat.o(.text)
    strncpy                                  0x0802c24b   Thumb Code    24  strncpy.o(.text)
    strlen                                   0x0802c263   Thumb Code    14  strlen.o(.text)
    strcmp                                   0x0802c271   Thumb Code    28  strcmp.o(.text)
    memcmp                                   0x0802c28d   Thumb Code    26  memcmp.o(.text)
    strcpy                                   0x0802c2a7   Thumb Code    18  strcpy.o(.text)
    strncmp                                  0x0802c2b9   Thumb Code    30  strncmp.o(.text)
    __aeabi_uidiv                            0x0802c2d7   Thumb Code     0  uidiv.o(.text)
    __aeabi_uidivmod                         0x0802c2d7   Thumb Code    44  uidiv.o(.text)
    __aeabi_uldivmod                         0x0802c303   Thumb Code    98  uldiv.o(.text)
    __I$use$fp                               0x0802c365   Thumb Code     0  iusefp.o(.text)
    __aeabi_dadd                             0x0802c365   Thumb Code   322  dadd.o(.text)
    __aeabi_dsub                             0x0802c4a7   Thumb Code     6  dadd.o(.text)
    __aeabi_drsub                            0x0802c4ad   Thumb Code     6  dadd.o(.text)
    __aeabi_dmul                             0x0802c4b3   Thumb Code   228  dmul.o(.text)
    __aeabi_ddiv                             0x0802c597   Thumb Code   222  ddiv.o(.text)
    __aeabi_d2ulz                            0x0802c675   Thumb Code    48  dfixul.o(.text)
    __aeabi_cdrcmple                         0x0802c6a5   Thumb Code    48  cdrcmple.o(.text)
    __scatterload                            0x0802c6d5   Thumb Code    28  init.o(.text)
    __scatterload_rt2                        0x0802c6d5   Thumb Code     0  init.o(.text)
    __aeabi_llsl                             0x0802c6f9   Thumb Code    30  llshl.o(.text)
    _ll_shift_l                              0x0802c6f9   Thumb Code     0  llshl.o(.text)
    __aeabi_llsr                             0x0802c717   Thumb Code    32  llushr.o(.text)
    _ll_ushift_r                             0x0802c717   Thumb Code     0  llushr.o(.text)
    __aeabi_lasr                             0x0802c737   Thumb Code    36  llsshr.o(.text)
    _ll_sshift_r                             0x0802c737   Thumb Code     0  llsshr.o(.text)
    _double_round                            0x0802c75b   Thumb Code    30  depilogue.o(.text)
    _double_epilogue                         0x0802c779   Thumb Code   156  depilogue.o(.text)
    __decompress                             0x0802c815   Thumb Code     0  __dczerorl2.o(.text)
    __decompress1                            0x0802c815   Thumb Code    86  __dczerorl2.o(.text)
    __0printf$8                              0x0802c86d   Thumb Code    22  printf8.o(i.__0printf$8)
    __1printf$8                              0x0802c86d   Thumb Code     0  printf8.o(i.__0printf$8)
    __2printf                                0x0802c86d   Thumb Code     0  printf8.o(i.__0printf$8)
    __0snprintf                              0x0802c88d   Thumb Code    36  printfa.o(i.__0snprintf)
    __1snprintf                              0x0802c88d   Thumb Code     0  printfa.o(i.__0snprintf)
    __2snprintf$full                         0x0802c88d   Thumb Code     0  printfa.o(i.__0snprintf)
    __c89snprintf                            0x0802c88d   Thumb Code     0  printfa.o(i.__0snprintf)
    snprintf                                 0x0802c88d   Thumb Code     0  printfa.o(i.__0snprintf)
    __0snprintf$8                            0x0802c8b5   Thumb Code    36  printf8.o(i.__0snprintf$8)
    __1snprintf$8                            0x0802c8b5   Thumb Code     0  printf8.o(i.__0snprintf$8)
    __2snprintf                              0x0802c8b5   Thumb Code     0  printf8.o(i.__0snprintf$8)
    __0sprintf$8                             0x0802c8dd   Thumb Code    34  printf8.o(i.__0sprintf$8)
    __1sprintf$8                             0x0802c8dd   Thumb Code     0  printf8.o(i.__0sprintf$8)
    __2sprintf                               0x0802c8dd   Thumb Code     0  printf8.o(i.__0sprintf$8)
    __scatterload_copy                       0x0802c905   Thumb Code    14  handlers.o(i.__scatterload_copy)
    __scatterload_null                       0x0802c913   Thumb Code     2  handlers.o(i.__scatterload_null)
    __scatterload_zeroinit                   0x0802c915   Thumb Code    14  handlers.o(i.__scatterload_zeroinit)
    enter_interrupt                          0x0802d651   Thumb Code    12  usart.o(i.enter_interrupt)
    exit_interrupt                           0x0802d661   Thumb Code    24  os_cpu_c.o(i.exit_interrupt)
    local_irq_restore                        0x0802d67d   Thumb Code    12  atomic.o(i.local_irq_restore)
    local_irq_save                           0x0802d689   Thumb Code    12  atomic.o(i.local_irq_save)
    OSUnMapTbl                               0x0802d694   Data         256  os_core.o(.constdata)
    not_used_name                            0x0802d794   Data           9  memory.o(.constdata)
    fm_88w                                   0x0802d7f8   Data       249580  moal_main.o(.constdata)
    woal_netdev_ops                          0x0806a6e4   Data          40  moal_main.o(.constdata)
    woal_uap_netdev_ops                      0x0806a70c   Data          40  moal_main.o(.constdata)
    cfg80211_wext                            0x0806a874   Data           4  moal_main.o(.constdata)
    cfg80211_rates                           0x0806a878   Data         168  moal_cfg80211.o(.constdata)
    cfg80211_channels_2ghz                   0x0806a920   Data         504  moal_cfg80211.o(.constdata)
    cfg80211_channels_5ghz                   0x0806ab18   Data        1116  moal_cfg80211.o(.constdata)
    cfg80211_cipher_suites                   0x0806af74   Data          40  moal_cfg80211.o(.constdata)
    woal_callbacks                           0x0806b080   Data         132  moal_shim.o(.constdata)
    woal_cfg80211_sta_ops                    0x0806b130   Data          96  moal_sta_cfg80211.o(.constdata)
    woal_cfg80211_uap_ops                    0x0806b1e8   Data          96  moal_uap_cfg80211.o(.constdata)
    SupportedRates_N                         0x0806b4dc   Data           3  mlan_cfp.o(.constdata)
    AdhocRates_B                             0x0806b4df   Data           5  mlan_cfp.o(.constdata)
    SupportedRates_B                         0x0806b4e4   Data           5  mlan_cfp.o(.constdata)
    AdhocRates_G                             0x0806b6bc   Data           9  mlan_cfp.o(.constdata)
    AdhocRates_BG                            0x0806b6c5   Data          13  mlan_cfp.o(.constdata)
    AdhocRates_A                             0x0806b6d2   Data           9  mlan_cfp.o(.constdata)
    SupportedRates_A                         0x0806b6db   Data           9  mlan_cfp.o(.constdata)
    WlanDataRates                            0x0806b6e4   Data          64  mlan_cfp.o(.constdata)
    SupportedRates_G                         0x0806b724   Data           9  mlan_cfp.o(.constdata)
    SupportedRates_BG                        0x0806b72d   Data          13  mlan_cfp.o(.constdata)
    region_code_index                        0x0806c524   Data          18  mlan_cfp.o(.constdata)
    cfp_code_index_bg                        0x0806c536   Data           2  mlan_cfp.o(.constdata)
    cfp_code_index_a                         0x0806c538   Data          10  mlan_cfp.o(.constdata)
    mlan_sta_ops                             0x0806c5f8   Data          32  mlan_shim.o(.constdata)
    mlan_uap_ops                             0x0806c618   Data          32  mlan_shim.o(.constdata)
    ac_to_tid                                0x0806c690   Data           8  mlan_wmm.o(.constdata)
    __ctype_table                            0x0806c8ae   Data         129  ctype_o.o(.constdata)
    Region$$Table$$Base                      0x0806cbe0   Number         0  anon$$obj.o(Region$$Table)
    Region$$Table$$Limit                     0x0806cc00   Number         0  anon$$obj.o(Region$$Table)
    SystemCoreClock                          0x20000000   Data           4  system_stm32f4xx.o(.data)
    AHBPrescTable                            0x20000004   Data          16  system_stm32f4xx.o(.data)
    OSCtxSwCtr                               0x20000024   Data           4  os_core.o(.data)
    OSEventFreeList                          0x20000028   Data           4  os_core.o(.data)
    OSFlagFreeList                           0x2000002c   Data           4  os_core.o(.data)
    OSCPUUsage                               0x20000030   Data           1  os_core.o(.data)
    OSIdleCtrMax                             0x20000034   Data           4  os_core.o(.data)
    OSIdleCtrRun                             0x20000038   Data           4  os_core.o(.data)
    OSStatRdy                                0x2000003c   Data           1  os_core.o(.data)
    OSIntNesting                             0x2000003d   Data           1  os_core.o(.data)
    OSLockNesting                            0x2000003e   Data           1  os_core.o(.data)
    OSPrioCur                                0x2000003f   Data           1  os_core.o(.data)
    OSPrioHighRdy                            0x20000040   Data           1  os_core.o(.data)
    OSRdyGrp                                 0x20000041   Data           1  os_core.o(.data)
    OSRdyTbl                                 0x20000042   Data           5  os_core.o(.data)
    OSRunning                                0x20000047   Data           1  os_core.o(.data)
    OSTaskCtr                                0x20000048   Data           1  os_core.o(.data)
    OSIdleCtr                                0x2000004c   Data           4  os_core.o(.data)
    OSTCBCur                                 0x20000050   Data           4  os_core.o(.data)
    OSTCBFreeList                            0x20000054   Data           4  os_core.o(.data)
    OSTCBHighRdy                             0x20000058   Data           4  os_core.o(.data)
    OSTCBList                                0x2000005c   Data           4  os_core.o(.data)
    OSTickStepState                          0x20000060   Data           1  os_core.o(.data)
    OSQFreeList                              0x20000064   Data           4  os_core.o(.data)
    OSTime                                   0x20000068   Data           4  os_core.o(.data)
    OSTmrFree                                0x2000006c   Data           2  os_core.o(.data)
    OSTmrUsed                                0x2000006e   Data           2  os_core.o(.data)
    OSTmrTime                                0x20000070   Data           4  os_core.o(.data)
    OSTmrSem                                 0x20000074   Data           4  os_core.o(.data)
    OSTmrSemSignal                           0x20000078   Data           4  os_core.o(.data)
    OSTmrFreeList                            0x2000007c   Data           4  os_core.o(.data)
    jiffies                                  0x20000084   Data           4  os_cpu_c.o(.data)
    tick_ms                                  0x20000088   Data           4  os_cpu_c.o(.data)
    fw_name                                  0x200000d4   Data           4  moal_main.o(.data)
    mac_addr                                 0x200000d8   Data           4  moal_main.o(.data)
    max_sta_bss                              0x200000dc   Data           4  moal_main.o(.data)
    sta_name                                 0x200000e0   Data           4  moal_main.o(.data)
    max_uap_bss                              0x200000e4   Data           4  moal_main.o(.data)
    uap_name                                 0x200000e8   Data           4  moal_main.o(.data)
    cal_data_cfg                             0x200000ec   Data           4  moal_main.o(.data)
    drv_mode                                 0x200000f0   Data           4  moal_main.o(.data)
    AddRemoveCardSem                         0x200000f4   Data           4  moal_main.o(.data)
    m_handle                                 0x200000f8   Data           4  moal_main.o(.data)
    driver_version                           0x200000fc   Data          10  moal_main.o(.data)
    cfg80211_band_2ghz                       0x20000108   Data          44  moal_cfg80211.o(.data)
    cfg80211_band_5ghz                       0x20000134   Data          44  moal_cfg80211.o(.data)
    assert_callback                          0x20000188   Data           4  mlan_shim.o(.data)
    mlan_ops                                 0x2000018c   Data          12  mlan_shim.o(.data)
    tos_to_tid                               0x2000019c   Data           8  mlan_wmm.o(.data)
    tos_to_tid_inv                           0x200001a4   Data           8  mlan_wmm.o(.data)
    usr_scan_result_callback                 0x200001ac   Data           4  usr_cfg.o(.data)
    uart1_rx_waitq                           0x200001bc   Data           4  usart.o(.data)
    uart1_cnt                                0x200001c0   Data           4  usart.o(.data)
    uart1_cnt_ex                             0x200001c4   Data           4  usart.o(.data)
    dbg_uart                                 0x200001c8   Data           4  usart.o(.data)
    ind1_timer                               0x200001cc   Data           4  sys_misc.o(.data)
    led_value                                0x200001d0   Data           1  sys_misc.o(.data)
    led_bright_value                         0x200001d1   Data           1  sys_misc.o(.data)
    g_switch                                 0x200001d2   Data           1  sys_misc.o(.data)
    sta_wifi_dev                             0x200001d8   Data           4  wifi.o(.data)
    ap_wifi_dev                              0x200001dc   Data           4  wifi.o(.data)
    direct_wifi_dev                          0x200001e0   Data           4  wifi.o(.data)
    wifi_dev                                 0x200001e4   Data           4  wifi.o(.data)
    command                                  0x200001e8   Data           1  main.o(.data)
    dbg_level                                0x200001ec   Data           4  main.o(.data)
    monitor_enable                           0x200001f0   Data           4  main.o(.data)
    p_netif                                  0x200001f4   Data           4  main.o(.data)
    __stdout                                 0x200001f8   Data           4  stdout.o(.data)
    mem_used                                 0x200001fc   Data           8  memory.o(monitor_item_table)
    mem_max                                  0x20000204   Data           8  memory.o(monitor_item_table)
    mem_err                                  0x2000020c   Data           8  memory.o(monitor_item_table)
    mem_block                                0x20000214   Data           8  memory.o(monitor_item_table)
    assoc_rsp_size                           0x2000021c   Data           8  mlan_join.o(monitor_item_table)
    max_beacon_size                          0x20000224   Data           8  mlan_scan.o(monitor_item_table)
    event_body_size                          0x2000022c   Data           8  mlan_sdio.o(monitor_item_table)
    data_pkt_cnt                             0x20000234   Data           8  mlan_sdio.o(monitor_item_table)
    OSEventTbl                               0x2000023c   Data        2000  os_core.o(.bss)
    OSFlagTbl                                0x20000a0c   Data          80  os_core.o(.bss)
    OSTaskStatStk                            0x20000a5c   Data         256  os_core.o(.bss)
    OSTaskIdleStk                            0x20000b5c   Data         128  os_core.o(.bss)
    OSTCBPrioTbl                             0x20000bdc   Data         132  os_core.o(.bss)
    OSTCBTbl                                 0x20000c60   Data        2024  os_core.o(.bss)
    OSQTbl                                   0x20001448   Data         384  os_core.o(.bss)
    OSTmrTbl                                 0x200015c8   Data        1360  os_core.o(.bss)
    OSTmrTaskStk                             0x20001b18   Data         256  os_core.o(.bss)
    OSTmrWheelTbl                            0x20001c18   Data          64  os_core.o(.bss)
    q_man                                    0x20001c58   Data         128  msg_q.o(.bss)
    lastest_scan_result                      0x20001e18   Data          55  usr_cfg.o(.bss)
    cccr                                     0x20001e50   Data          12  sdcard.o(.bss)
    func                                     0x20001e5c   Data          48  sdcard.o(.bss)
    u1_recv                                  0x20001e8c   Data         576  usart.o(.bss)
    u3_send                                  0x200020cc   Data          24  usart.o(.bss)
    u1_send                                  0x200020e4   Data          24  usart.o(.bss)
    Image$$RW_IRAM1$$ZI$$Limit               0x20002500   Number         0  anon$$obj.o ABSOLUTE
    __initial_sp                             0x20002500   Data           0  startup_stm32f4xx.o(STACK)



==============================================================================

Memory Map of the image

  Image Entry point : 0x08000189

  Load Region LR_IROM1 (Base: 0x08000000, Size: 0x0006ce3c, Max: 0x00100000, ABSOLUTE, COMPRESSED[0x0006cc90])

    Execution Region ER_IROM1 (Base: 0x08000000, Size: 0x0006cc00, Max: 0x00100000, ABSOLUTE)

    Base Addr    Size         Type   Attr      Idx    E Section Name        Object

    0x08000000   0x00000188   Data   RO          716    RESET               startup_stm32f4xx.o
    0x08000188   0x00000000   Code   RO         3087  * .ARM.Collect$$$$00000000  mc_w.l(entry.o)
    0x08000188   0x00000004   Code   RO         3416    .ARM.Collect$$$$00000001  mc_w.l(entry2.o)
    0x0800018c   0x00000004   Code   RO         3419    .ARM.Collect$$$$00000004  mc_w.l(entry5.o)
    0x08000190   0x00000000   Code   RO         3421    .ARM.Collect$$$$00000008  mc_w.l(entry7b.o)
    0x08000190   0x00000000   Code   RO         3423    .ARM.Collect$$$$0000000A  mc_w.l(entry8b.o)
    0x08000190   0x00000008   Code   RO         3424    .ARM.Collect$$$$0000000B  mc_w.l(entry9a.o)
    0x08000198   0x00000000   Code   RO         3426    .ARM.Collect$$$$0000000D  mc_w.l(entry10a.o)
    0x08000198   0x00000000   Code   RO         3428    .ARM.Collect$$$$0000000F  mc_w.l(entry11a.o)
    0x08000198   0x00000004   Code   RO         3417    .ARM.Collect$$$$00002712  mc_w.l(entry2.o)
    0x0800019c   0x00000210   Code   RO            3    .text               system_stm32f4xx.o
    0x080003ac   0x000000e0   Code   RO           51    .text               misc.o
    0x0800048c   0x000003a8   Code   RO          326    .text               stm32f4xx_dma.o
    0x08000834   0x0000025c   Code   RO          418    .text               stm32f4xx_gpio.o
    0x08000a90   0x00000588   Code   RO          510    .text               stm32f4xx_rcc.o
    0x08001018   0x000000a0   Code   RO          532    .text               stm32f4xx_rng.o
    0x080010b8   0x000001dc   Code   RO          578    .text               stm32f4xx_sdio.o
    0x08001294   0x00000ca2   Code   RO          647    .text               stm32f4xx_tim.o
    0x08001f36   0x00000002   PAD
    0x08001f38   0x0000041a   Code   RO          670    .text               stm32f4xx_usart.o
    0x08002352   0x00000002   PAD
    0x08002354   0x00000024   Code   RO          717    .text               startup_stm32f4xx.o
    0x08002378   0x00000ca8   Code   RO          721    .text               os_core.o
    0x08003020   0x000007fc   Code   RO          754    .text               os_flag.o
    0x0800381c   0x000005e8   Code   RO          800    .text               os_q.o
    0x08003e04   0x000003a8   Code   RO          812    .text               os_sem.o
    0x080041ac   0x00000848   Code   RO          824    .text               os_task.o
    0x080049f4   0x00000198   Code   RO          865    .text               os_time.o
    0x08004b8c   0x00000718   Code   RO          877    .text               os_tmr.o
    0x080052a4   0x000001ac   Code   RO          902    .text               os_cpu_c.o
    0x08005450   0x000000b8   Code   RO         1163    .text               os_cpu_a.o
    0x08005508   0x000000c6   Code   RO         1166    .text               atomic.o
    0x080055ce   0x00000002   PAD
    0x080055d0   0x000010f4   Code   RO         1200    .text               memory.o
    0x080066c4   0x000004a0   Code   RO         1257    .text               task.o
    0x08006b64   0x00000450   Code   RO         1274    .text               memory2.o
    0x08006fb4   0x00000414   Code   RO         1314    .text               msg_q.o
    0x080073c8   0x0000016c   Code   RO         1330    .text               mutex.o
    0x08007534   0x00000470   Code   RO         1354    .text               timer.o
    0x080079a4   0x00000254   Code   RO         1366    .text               wait.o
    0x08007bf8   0x000018b0   Code   RO         1378    .text               moal_main.o
    0x080094a8   0x00000ca8   Code   RO         1468    .text               moal_cfg80211.o
    0x0800a150   0x00001f3c   Code   RO         1614    .text               moal_ioctl.o
    0x0800c08c   0x00000794   Code   RO         1672    .text               moal_sdio_mmc.o
    0x0800c820   0x00000810   Code   RO         1826    .text               moal_shim.o
    0x0800d030   0x0000113c   Code   RO         1881    .text               moal_sta_cfg80211.o
    0x0800e16c   0x00000670   Code   RO         1901    .text               moal_uap_cfg80211.o
    0x0800e7dc   0x000015b8   Code   RO         1916    .text               moal_uap.o
    0x0800fd94   0x000000a0   Code   RO         1940    .text               moal_uap_priv.o
    0x0800fe34   0x000009c2   Code   RO         2024    .text               mlan_11d.o
    0x080107f6   0x00000002   PAD
    0x080107f8   0x000015bc   Code   RO         2086    .text               mlan_11h.o
    0x08011db4   0x00001030   Code   RO         2111    .text               mlan_11n.o
    0x08012de4   0x00000518   Code   RO         2143    .text               mlan_11n_aggr.o
    0x080132fc   0x000008aa   Code   RO         2172    .text               mlan_11n_rxreorder.o
    0x08013ba6   0x00000002   PAD
    0x08013ba8   0x0000085c   Code   RO         2194    .text               mlan_cfp.o
    0x08014404   0x000018c0   Code   RO         2247    .text               mlan_cmdevt.o
    0x08015cc4   0x00000a7c   Code   RO         2275    .text               mlan_init.o
    0x08016740   0x000013d2   Code   RO         2307    .text               mlan_join.o
    0x08017b12   0x00000002   PAD
    0x08017b14   0x000000ec   Code   RO         2335    .text               mlan_meas.o
    0x08017c00   0x00001710   Code   RO         2352    .text               mlan_misc.o
    0x08019310   0x00002678   Code   RO         2378    .text               mlan_scan.o
    0x0801b988   0x0000097c   Code   RO         2409    .text               mlan_sdio.o
    0x0801c304   0x000008b6   Code   RO         2436    .text               mlan_shim.o
    0x0801cbba   0x00000002   PAD
    0x0801cbbc   0x00000f16   Code   RO         2463    .text               mlan_sta_cmd.o
    0x0801dad2   0x00000002   PAD
    0x0801dad4   0x00000c1c   Code   RO         2475    .text               mlan_sta_cmdresp.o
    0x0801e6f0   0x00000596   Code   RO         2487    .text               mlan_sta_event.o
    0x0801ec86   0x00000002   PAD
    0x0801ec88   0x00002b88   Code   RO         2499    .text               mlan_sta_ioctl.o
    0x08021810   0x00000230   Code   RO         2519    .text               mlan_sta_rx.o
    0x08021a40   0x00000234   Code   RO         2535    .text               mlan_sta_tx.o
    0x08021c74   0x000003b0   Code   RO         2554    .text               mlan_txrx.o
    0x08022024   0x00002158   Code   RO         2573    .text               mlan_uap_cmdevent.o
    0x0802417c   0x00000ac4   Code   RO         2585    .text               mlan_uap_ioctl.o
    0x08024c40   0x00000526   Code   RO         2599    .text               mlan_uap_txrx.o
    0x08025166   0x00000002   PAD
    0x08025168   0x00001978   Code   RO         2611    .text               mlan_wmm.o
    0x08026ae0   0x00001180   Code   RO         2641    .text               skbuff.o
    0x08027c60   0x00000ec4   Code   RO         2661    .text               usr_cfg.o
    0x08028b24   0x00000458   Code   RO         2803    .text               driver_misc.o
    0x08028f7c   0x00001478   Code   RO         2835    .text               sdcard.o
    0x0802a3f4   0x0000062c   Code   RO         2888    .text               usart.o
    0x0802aa20   0x0000049c   Code   RO         2925    .text               sys_misc.o
    0x0802aebc   0x00000f04   Code   RO         2967    .text               wifi.o
    0x0802bdc0   0x000003f8   Code   RO         3003    .text               main.o
    0x0802c1b8   0x00000008   Code   RO         3091    .text               mc_w.l(ctype_o.o)
    0x0802c1c0   0x0000000c   Code   RO         3119    .text               mc_w.l(tolower.o)
    0x0802c1cc   0x00000042   Code   RO         3125    .text               mc_w.l(memmove.o)
    0x0802c20e   0x00000024   Code   RO         3131    .text               mc_w.l(memseta.o)
    0x0802c232   0x00000018   Code   RO         3133    .text               mc_w.l(strcat.o)
    0x0802c24a   0x00000018   Code   RO         3135    .text               mc_w.l(strncpy.o)
    0x0802c262   0x0000000e   Code   RO         3137    .text               mc_w.l(strlen.o)
    0x0802c270   0x0000001c   Code   RO         3139    .text               mc_w.l(strcmp.o)
    0x0802c28c   0x0000001a   Code   RO         3141    .text               mc_w.l(memcmp.o)
    0x0802c2a6   0x00000012   Code   RO         3143    .text               mc_w.l(strcpy.o)
    0x0802c2b8   0x0000001e   Code   RO         3145    .text               mc_w.l(strncmp.o)
    0x0802c2d6   0x0000002c   Code   RO         3431    .text               mc_w.l(uidiv.o)
    0x0802c302   0x00000062   Code   RO         3433    .text               mc_w.l(uldiv.o)
    0x0802c364   0x00000000   Code   RO         3435    .text               mc_w.l(iusefp.o)
    0x0802c364   0x0000014e   Code   RO         3436    .text               mf_w.l(dadd.o)
    0x0802c4b2   0x000000e4   Code   RO         3438    .text               mf_w.l(dmul.o)
    0x0802c596   0x000000de   Code   RO         3440    .text               mf_w.l(ddiv.o)
    0x0802c674   0x00000030   Code   RO         3442    .text               mf_w.l(dfixul.o)
    0x0802c6a4   0x00000030   Code   RO         3444    .text               mf_w.l(cdrcmple.o)
    0x0802c6d4   0x00000024   Code   RO         3446    .text               mc_w.l(init.o)
    0x0802c6f8   0x0000001e   Code   RO         3448    .text               mc_w.l(llshl.o)
    0x0802c716   0x00000020   Code   RO         3450    .text               mc_w.l(llushr.o)
    0x0802c736   0x00000024   Code   RO         3452    .text               mc_w.l(llsshr.o)
    0x0802c75a   0x000000ba   Code   RO         3454    .text               mf_w.l(depilogue.o)
    0x0802c814   0x00000056   Code   RO         3464    .text               mc_w.l(__dczerorl2.o)
    0x0802c86a   0x00000002   PAD
    0x0802c86c   0x00000020   Code   RO         3362    i.__0printf$8       mc_w.l(printf8.o)
    0x0802c88c   0x00000028   Code   RO         3389    i.__0snprintf       mc_w.l(printfa.o)
    0x0802c8b4   0x00000028   Code   RO         3363    i.__0snprintf$8     mc_w.l(printf8.o)
    0x0802c8dc   0x00000028   Code   RO         3364    i.__0sprintf$8      mc_w.l(printf8.o)
    0x0802c904   0x0000000e   Code   RO         3458    i.__scatterload_copy  mc_w.l(handlers.o)
    0x0802c912   0x00000002   Code   RO         3459    i.__scatterload_null  mc_w.l(handlers.o)
    0x0802c914   0x0000000e   Code   RO         3460    i.__scatterload_zeroinit  mc_w.l(handlers.o)
    0x0802c922   0x00000002   PAD
    0x0802c924   0x00000164   Code   RO         3395    i._fp_digits        mc_w.l(printfa.o)
    0x0802ca88   0x00000410   Code   RO         3369    i._printf_core      mc_w.l(printf8.o)
    0x0802ce98   0x000006dc   Code   RO         3396    i._printf_core      mc_w.l(printfa.o)
    0x0802d574   0x00000024   Code   RO         3370    i._printf_post_padding  mc_w.l(printf8.o)
    0x0802d598   0x00000024   Code   RO         3397    i._printf_post_padding  mc_w.l(printfa.o)
    0x0802d5bc   0x0000002e   Code   RO         3371    i._printf_pre_padding  mc_w.l(printf8.o)
    0x0802d5ea   0x0000002e   Code   RO         3398    i._printf_pre_padding  mc_w.l(printfa.o)
    0x0802d618   0x00000016   Code   RO         3372    i._snputc           mc_w.l(printf8.o)
    0x0802d62e   0x00000016   Code   RO         3399    i._snputc           mc_w.l(printfa.o)
    0x0802d644   0x0000000a   Code   RO         3373    i._sputc            mc_w.l(printf8.o)
    0x0802d64e   0x00000002   PAD
    0x0802d650   0x00000010   Code   RO         2907    i.enter_interrupt   usart.o
    0x0802d660   0x0000001c   Code   RO          920    i.exit_interrupt    os_cpu_c.o
    0x0802d67c   0x0000000c   Code   RO         1180    i.local_irq_restore  atomic.o
    0x0802d688   0x0000000c   Code   RO         1175    i.local_irq_save    atomic.o
    0x0802d694   0x00000100   Data   RO          723    .constdata          os_core.o
    0x0802d794   0x0000004a   Data   RO         1201    .constdata          memory.o
    0x0802d7de   0x00000011   Data   RO         1258    .constdata          task.o
    0x0802d7ef   0x00000007   Data   RO         1316    .constdata          msg_q.o
    0x0802d7f6   0x00000002   PAD
    0x0802d7f8   0x0003d07b   Data   RO         1379    .constdata          moal_main.o
    0x0806a873   0x00000001   PAD
    0x0806a874   0x00000004   Data   RO         1386    .constdata          moal_main.o
    0x0806a878   0x000000a8   Data   RO         1469    .constdata          moal_cfg80211.o
    0x0806a920   0x000001f8   Data   RO         1470    .constdata          moal_cfg80211.o
    0x0806ab18   0x0000045c   Data   RO         1471    .constdata          moal_cfg80211.o
    0x0806af74   0x00000028   Data   RO         1472    .constdata          moal_cfg80211.o
    0x0806af9c   0x0000004a   Data   RO         1473    .constdata          moal_cfg80211.o
    0x0806afe6   0x0000006f   Data   RO         1615    .constdata          moal_ioctl.o
    0x0806b055   0x00000028   Data   RO         1673    .constdata          moal_sdio_mmc.o
    0x0806b07d   0x00000003   PAD
    0x0806b080   0x00000084   Data   RO         1828    .constdata          moal_shim.o
    0x0806b104   0x0000002b   Data   RO         1829    .constdata          moal_shim.o
    0x0806b12f   0x00000001   PAD
    0x0806b130   0x0000008f   Data   RO         1882    .constdata          moal_sta_cfg80211.o
    0x0806b1bf   0x00000001   PAD
    0x0806b1c0   0x000000a3   Data   RO         1902    .constdata          moal_uap_cfg80211.o
    0x0806b263   0x00000014   Data   RO         1917    .constdata          moal_uap.o
    0x0806b277   0x00000001   PAD
    0x0806b278   0x0000024c   Data   RO         2025    .constdata          mlan_11d.o
    0x0806b4c4   0x00000010   Data   RO         2087    .constdata          mlan_11h.o
    0x0806b4d4   0x00000008   Data   RO         2144    .constdata          mlan_11n_aggr.o
    0x0806b4dc   0x000002f5   Data   RO         2195    .constdata          mlan_cfp.o
    0x0806b7d1   0x00000003   PAD
    0x0806b7d4   0x00000084   Data   RO         2196    .constdata          mlan_cfp.o
    0x0806b858   0x0000009c   Data   RO         2197    .constdata          mlan_cfp.o
    0x0806b8f4   0x0000009c   Data   RO         2198    .constdata          mlan_cfp.o
    0x0806b990   0x0000009c   Data   RO         2199    .constdata          mlan_cfp.o
    0x0806ba2c   0x0000000c   Data   RO         2200    .constdata          mlan_cfp.o
    0x0806ba38   0x0000009c   Data   RO         2201    .constdata          mlan_cfp.o
    0x0806bad4   0x0000009c   Data   RO         2202    .constdata          mlan_cfp.o
    0x0806bb70   0x000000a8   Data   RO         2203    .constdata          mlan_cfp.o
    0x0806bc18   0x00000120   Data   RO         2204    .constdata          mlan_cfp.o
    0x0806bd38   0x000000fc   Data   RO         2205    .constdata          mlan_cfp.o
    0x0806be34   0x000000e4   Data   RO         2206    .constdata          mlan_cfp.o
    0x0806bf18   0x000000e4   Data   RO         2207    .constdata          mlan_cfp.o
    0x0806bffc   0x0000003c   Data   RO         2208    .constdata          mlan_cfp.o
    0x0806c038   0x0000000c   Data   RO         2209    .constdata          mlan_cfp.o
    0x0806c044   0x000000e4   Data   RO         2210    .constdata          mlan_cfp.o
    0x0806c128   0x00000030   Data   RO         2211    .constdata          mlan_cfp.o
    0x0806c158   0x00000030   Data   RO         2212    .constdata          mlan_cfp.o
    0x0806c188   0x00000060   Data   RO         2213    .constdata          mlan_cfp.o
    0x0806c1e8   0x00000084   Data   RO         2214    .constdata          mlan_cfp.o
    0x0806c26c   0x0000003c   Data   RO         2215    .constdata          mlan_cfp.o
    0x0806c2a8   0x00000084   Data   RO         2216    .constdata          mlan_cfp.o
    0x0806c32c   0x0000003c   Data   RO         2217    .constdata          mlan_cfp.o
    0x0806c368   0x00000030   Data   RO         2218    .constdata          mlan_cfp.o
    0x0806c398   0x00000030   Data   RO         2219    .constdata          mlan_cfp.o
    0x0806c3c8   0x00000030   Data   RO         2220    .constdata          mlan_cfp.o
    0x0806c3f8   0x00000084   Data   RO         2221    .constdata          mlan_cfp.o
    0x0806c47c   0x0000003c   Data   RO         2222    .constdata          mlan_cfp.o
    0x0806c4b8   0x0000006c   Data   RO         2223    .constdata          mlan_cfp.o
    0x0806c524   0x00000012   Data   RO         2224    .constdata          mlan_cfp.o
    0x0806c536   0x00000002   Data   RO         2225    .constdata          mlan_cfp.o
    0x0806c538   0x0000000a   Data   RO         2226    .constdata          mlan_cfp.o
    0x0806c542   0x0000002c   Data   RO         2248    .constdata          mlan_cmdevt.o
    0x0806c56e   0x00000021   Data   RO         2276    .constdata          mlan_init.o
    0x0806c58f   0x00000051   Data   RO         2308    .constdata          mlan_join.o
    0x0806c5e0   0x00000016   Data   RO         2410    .constdata          mlan_sdio.o
    0x0806c5f6   0x00000002   PAD
    0x0806c5f8   0x00000020   Data   RO         2437    .constdata          mlan_shim.o
    0x0806c618   0x00000020   Data   RO         2438    .constdata          mlan_shim.o
    0x0806c638   0x0000003f   Data   RO         2500    .constdata          mlan_sta_ioctl.o
    0x0806c677   0x00000015   Data   RO         2586    .constdata          mlan_uap_ioctl.o
    0x0806c68c   0x0000001d   Data   RO         2612    .constdata          mlan_wmm.o
    0x0806c6a9   0x00000076   Data   RO         2642    .constdata          skbuff.o
    0x0806c71f   0x000000b8   Data   RO         2663    .constdata          usr_cfg.o
    0x0806c7d7   0x00000016   Data   RO         2837    .constdata          sdcard.o
    0x0806c7ed   0x000000b3   Data   RO         2968    .constdata          wifi.o
    0x0806c8a0   0x0000000e   Data   RO         3004    .constdata          main.o
    0x0806c8ae   0x00000081   Data   RO         3092    .constdata          mc_w.l(ctype_o.o)
    0x0806c92f   0x00000001   PAD
    0x0806c930   0x00000004   Data   RO         3093    .constdata          mc_w.l(ctype_o.o)
    0x0806c934   0x00000138   Data   RO         1275    .conststring        memory2.o
    0x0806ca6c   0x000000a5   Data   RO         2643    .conststring        skbuff.o
    0x0806cb11   0x00000003   PAD
    0x0806cb14   0x00000061   Data   RO         3005    .conststring        main.o
    0x0806cb75   0x00000003   PAD
    0x0806cb78   0x00000026   Data   RO         1202    .conststrlit        memory.o
    0x0806cb9e   0x00000002   PAD
    0x0806cba0   0x0000000f   Data   RO         2309    .conststrlit        mlan_join.o
    0x0806cbaf   0x00000001   PAD
    0x0806cbb0   0x00000010   Data   RO         2379    .conststrlit        mlan_scan.o
    0x0806cbc0   0x0000001d   Data   RO         2411    .conststrlit        mlan_sdio.o
    0x0806cbdd   0x00000003   PAD
    0x0806cbe0   0x00000020   Data   RO         3456    Region$$Table       anon$$obj.o


    Execution Region RW_IRAM1 (Base: 0x20000000, Size: 0x00002500, Max: 0x00020000, ABSOLUTE, COMPRESSED[0x00000090])

    Base Addr    Size         Type   Attr      Idx    E Section Name        Object

    0x20000000   0x00000014   Data   RW            4    .data               system_stm32f4xx.o
    0x20000014   0x00000010   Data   RW          511    .data               stm32f4xx_rcc.o
    0x20000024   0x0000005c   Data   RW          724    .data               os_core.o
    0x20000080   0x00000010   Data   RW          903    .data               os_cpu_c.o
    0x20000090   0x00000020   Data   RW         1203    .data               memory.o
    0x200000b0   0x00000004   Data   RW         1259    .data               task.o
    0x200000b4   0x00000020   Data   RW         1276    .data               memory2.o
    0x200000d4   0x00000032   Data   RW         1388    .data               moal_main.o
    0x20000106   0x00000002   PAD
    0x20000108   0x0000002c   Data   RW         1474    .data               moal_cfg80211.o
    0x20000134   0x0000002c   Data   RW         1475    .data               moal_cfg80211.o
    0x20000160   0x00000004   Data   RW         1476    .data               moal_cfg80211.o
    0x20000164   0x00000001   Data   RW         1830    .data               moal_shim.o
    0x20000165   0x00000003   PAD
    0x20000168   0x00000004   Data   RW         1918    .data               moal_uap.o
    0x2000016c   0x00000001   Data   RW         2112    .data               mlan_11n.o
    0x2000016d   0x00000003   PAD
    0x20000170   0x00000004   Data   RW         2249    .data               mlan_cmdevt.o
    0x20000174   0x00000001   Data   RW         2336    .data               mlan_meas.o
    0x20000175   0x00000010   Data   RW         2380    .data               mlan_scan.o
    0x20000185   0x00000003   PAD
    0x20000188   0x00000010   Data   RW         2439    .data               mlan_shim.o
    0x20000198   0x00000014   Data   RW         2613    .data               mlan_wmm.o
    0x200001ac   0x00000004   Data   RW         2664    .data               usr_cfg.o
    0x200001b0   0x0000000c   Data   RW         2838    .data               sdcard.o
    0x200001bc   0x00000010   Data   RW         2890    .data               usart.o
    0x200001cc   0x00000009   Data   RW         2926    .data               sys_misc.o
    0x200001d5   0x00000003   PAD
    0x200001d8   0x00000010   Data   RW         2969    .data               wifi.o
    0x200001e8   0x00000010   Data   RW         3006    .data               main.o
    0x200001f8   0x00000004   Data   RW         3430    .data               mc_w.l(stdout.o)
    0x200001fc   0x00000020   Data   RW         1204    monitor_item_table  memory.o
    0x2000021c   0x00000008   Data   RW         2310    monitor_item_table  mlan_join.o
    0x20000224   0x00000008   Data   RW         2381    monitor_item_table  mlan_scan.o
    0x2000022c   0x00000010   Data   RW         2412    monitor_item_table  mlan_sdio.o
    0x2000023c   0x00001a1c   Zero   RW          722    .bss                os_core.o
    0x20001c58   0x00000080   Zero   RW         1315    .bss                msg_q.o
    0x20001cd8   0x00000140   Zero   RW         1827    .bss                moal_shim.o
    0x20001e18   0x00000037   Zero   RW         2662    .bss                usr_cfg.o
    0x20001e4f   0x00000001   PAD
    0x20001e50   0x0000003c   Zero   RW         2836    .bss                sdcard.o
    0x20001e8c   0x00000270   Zero   RW         2889    .bss                usart.o
    0x200020fc   0x00000004   PAD
    0x20002100   0x00000400   Zero   RW          714    STACK               startup_stm32f4xx.o


==============================================================================

Image component sizes


      Code (inc. data)   RO Data    RW Data    ZI Data      Debug   Object Name

       222          0          0          0          0       4919   atomic.o
      1112        134          0          0          0      29097   driver_misc.o
      1016        246        111         16          0      67744   main.o
      4340        816        112         64          0       8693   memory.o
      1104        152        312         32          0       4502   memory2.o
       224         20          0          0          0       3809   misc.o
      2498         24        588          0          0     177242   mlan_11d.o
      5564         96         16          0          0      48993   mlan_11h.o
      4144         38          0          1          0      44956   mlan_11n.o
      1304         18          8          0          0      27909   mlan_11n_aggr.o
      2218          6          0          0          0      30592   mlan_11n_rxreorder.o
      2140         84       4195          0          0      88896   mlan_cfp.o
      6336         68         44          4          0      50359   mlan_cmdevt.o
      2684         14         33          0          0      30586   mlan_init.o
      5074        186         96          8          0      33236   mlan_join.o
       236         10          0          1          0      21633   mlan_meas.o
      5904         72          0          0          0      44377   mlan_misc.o
      9848         64         16         24          0      55934   mlan_scan.o
      2428         86         51         16          0      14341   mlan_sdio.o
      2230         28         64         16          0      29676   mlan_shim.o
      3862         36          0          0          0      15537   mlan_sta_cmd.o
      3100         26          0          0          0      12679   mlan_sta_cmdresp.o
      1430         44          0          0          0       3811   mlan_sta_event.o
     11144        486         63          0          0      43332   mlan_sta_ioctl.o
       560         28          0          0          0      21607   mlan_sta_rx.o
       564          6          0          0          0      21611   mlan_sta_tx.o
       944         30          0          0          0      24591   mlan_txrx.o
      8536         94          0          0          0      26044   mlan_uap_cmdevent.o
      2756         80         21          0          0      12217   mlan_uap_ioctl.o
      1318          4          0          0          0       4935   mlan_uap_txrx.o
      6520        122         29         20          0      55031   mlan_wmm.o
      3240         90       1902         92          0     179241   moal_cfg80211.o
         0          0          0          0          0       8845   moal_debug.o
      7996        232        111          0          0     121587   moal_ioctl.o
      6320        316     249983         50          0     119710   moal_main.o
      1940        166         40          0          0     179189   moal_sdio_mmc.o
      2064        124        175          1        320      46549   moal_shim.o
      4412         78        143          0          0      18118   moal_sta_cfg80211.o
      5560        272         20          4          0      29254   moal_uap.o
      1648         76        163          0          0       6447   moal_uap_cfg80211.o
       160          0          0          0          0       1481   moal_uap_priv.o
      1044        228          7          0        128       3018   msg_q.o
       364         84          0          0          0       1395   mutex.o
      3240        268        256         92       6684      23728   os_core.o
       184         32          0          0          0        444   os_cpu_a.o
       456         34          0         16          0      71706   os_cpu_c.o
      2044         40          0          0          0      17312   os_flag.o
      1512         36          0          0          0       5705   os_q.o
       936         20          0          0          0       4094   os_sem.o
      2120         74          0          0          0      11133   os_task.o
       408         24          0          0          0       1882   os_time.o
      1816        180          0          0          0       8279   os_tmr.o
      5240        648         22         12         60      56106   sdcard.o
      4480        270        283          0          0      28231   skbuff.o
        36          8        392          0       1024        916   startup_stm32f4xx.o
         0          0          0          0          0        692   stm32f4x7_eth.o
         0          0          0          0          0      15108   stm32f4xx_adc.o
       936         32          0          0          0      19185   stm32f4xx_dma.o
       604         36          0          0          0      10257   stm32f4xx_gpio.o
      1416         48          0         16          0      11259   stm32f4xx_rcc.o
       160          4          0          0          0       1892   stm32f4xx_rng.o
       476         16          0          0          0      16996   stm32f4xx_sdio.o
      3234         60          0          0          0      42352   stm32f4xx_tim.o
      1050         26          0          0          0      14068   stm32f4xx_usart.o
      1180        230          0          9          0      34843   sys_misc.o
       528         46          0         20          0     214107   system_stm32f4xx.o
      1184        158         17          4          0       5903   task.o
      1136        204          0          0          0       3593   timer.o
      1596        188          0         16        624      32945   usart.o
      3780        574        184          4         55     178035   usr_cfg.o
       596        128          0          0          0       1870   wait.o
      3844        470        179         16          0       9969   wifi.o

    ----------------------------------------------------------------------
    180320       8638     259694        568       8900    2616333   Object Totals
         0          0         32          0          0          0   (incl. Generated)
        20          0         26         14          5          0   (incl. Padding)

    ----------------------------------------------------------------------

      Code (inc. data)   RO Data    RW Data    ZI Data      Debug   Library Member Name

        86          0          0          0          0          0   __dczerorl2.o
         8          4        133          0          0         68   ctype_o.o
         0          0          0          0          0          0   entry.o
         0          0          0          0          0          0   entry10a.o
         0          0          0          0          0          0   entry11a.o
         8          4          0          0          0          0   entry2.o
         4          0          0          0          0          0   entry5.o
         0          0          0          0          0          0   entry7b.o
         0          0          0          0          0          0   entry8b.o
         8          4          0          0          0          0   entry9a.o
        30          0          0          0          0          0   handlers.o
        36          8          0          0          0         68   init.o
         0          0          0          0          0          0   iusefp.o
        30          0          0          0          0         68   llshl.o
        36          0          0          0          0         68   llsshr.o
        32          0          0          0          0         68   llushr.o
        26          0          0          0          0         80   memcmp.o
        66          0          0          0          0         76   memmove.o
        36          0          0          0          0        108   memseta.o
      1266         64          0          0          0        656   printf8.o
      2256         84          0          0          0        512   printfa.o
         0          0          0          4          0          0   stdout.o
        24          0          0          0          0         68   strcat.o
        28          0          0          0          0         76   strcmp.o
        18          0          0          0          0         68   strcpy.o
        14          0          0          0          0         68   strlen.o
        30          0          0          0          0         80   strncmp.o
        24          0          0          0          0         76   strncpy.o
        12          0          0          0          0         68   tolower.o
        44          0          0          0          0         80   uidiv.o
        98          0          0          0          0         92   uldiv.o
        48          0          0          0          0         68   cdrcmple.o
       334          0          0          0          0        148   dadd.o
       222          0          0          0          0        100   ddiv.o
       186          0          0          0          0        176   depilogue.o
        48          0          0          0          0         68   dfixul.o
       228          0          0          0          0         96   dmul.o

    ----------------------------------------------------------------------
      5292        168        134          4          0       3104   Library Totals
         6          0          1          0          0          0   (incl. Padding)

    ----------------------------------------------------------------------

      Code (inc. data)   RO Data    RW Data    ZI Data      Debug   Library Name

      4220        168        133          4          0       2448   mc_w.l
      1066          0          0          0          0        656   mf_w.l

    ----------------------------------------------------------------------
      5292        168        134          4          0       3104   Library Totals

    ----------------------------------------------------------------------

==============================================================================


      Code (inc. data)   RO Data    RW Data    ZI Data      Debug   

    185612       8806     259828        572       8900    2602457   Grand Totals
    185612       8806     259828        144       8900    2602457   ELF Image Totals (compressed)
    185612       8806     259828        144          0          0   ROM Totals

==============================================================================

    Total RO  Size (Code + RO Data)               445440 ( 435.00kB)
    Total RW  Size (RW Data + ZI Data)              9472 (   9.25kB)
    Total ROM Size (Code + RO Data + RW Data)     445584 ( 435.14kB)

==============================================================================

