<html>
<body>
<pre>
<h1>礦ision Build Log</h1>
<h2>Tool Versions:</h2>
IDE-Version: μVision V5.14.2
Copyright (C) 2015 ARM Ltd and ARM Germany GmbH. All rights reserved.
License Information: Cortex-M4, SDFASD, LIC=R4HPC-7XK6Y-KTB3H-WI9T3-YKSDL-KKBCS
 
Tool Versions:
Toolchain:       MDK-ARM Professional  Version: 5.14.0.0
Toolchain Path:  F:\Program Files (x86)\MDK5\ARM\ARMCC\Bin
C Compiler:      Armcc.exe V5.05 update 1 (build 106)
Assembler:       Armasm.exe V5.05 update 1 (build 106)
Linker/Locator:  ArmLink.exe V5.05 update 1 (build 106)
Library Manager: ArmAr.exe V5.05 update 1 (build 106)
Hex Converter:   FromElf.exe V5.05 update 1 (build 106)
CPU DLL:         SARMCM3.DLL V5.14.0.0
Dialog DLL:      DCM.DLL V1.13.1.0
Target DLL:      Segger\JL2CM3.dll V2.99.13.0
Dialog DLL:      TCM.DLL V1.14.4.0
 
<h2>Project:</h2>
I:\项目\物体识别\easy-IoT-object\easy-IoT-object3\project\keil_project_freertos\wifi.uvprojx
Project File Date:  07/19/2018

<h2>Output:</h2>
*** Using Compiler 'V5.05 update 1 (build 106)', folder: 'F:\Program Files (x86)\MDK5\ARM\ARMCC\Bin'
Build target 'mcu_wifi'
compiling audio_low_level.c...
..\..\drivers\stm32f4xx\src\audio_low_level.c(65): warning:  #167-D: argument of type "char *" is incompatible with parameter of type "u_char *"
      ret = m25p80_read(AUDIO_RECORD_BASE_ADDR + offset, len, data);
..\..\drivers\stm32f4xx\src\audio_low_level.c(133): warning:  #167-D: argument of type "char **" is incompatible with parameter of type "void **"
        int ret  = msgrcv(audio_cfg.ai_queue, data, 0);   //接收消息队列       audio_cfg.ai_queue
..\..\drivers\stm32f4xx\src\audio_low_level.c(797): warning:  #167-D: argument of type "char *" is incompatible with parameter of type "const u_char *"
                                m25p80_write(audio_cfg.recording_to_flash_addr, src_len*2, (char *)src_data);
..\..\drivers\stm32f4xx\src\audio_low_level.c(766): warning:  #177-D: variable "frames" was declared but never referenced
                        int frames = src_len/SPEEX_ENC_FRAME_SIZE;
..\..\drivers\stm32f4xx\src\audio_low_level.c: 4 warnings, 0 errors
compiling audio.c...
..\..\app\src\audio\audio.c(391): warning:  #223-D: function "update_ai_event" declared implicitly
      update_ai_event();
..\..\app\src\audio\audio.c: 1 warning, 0 errors
compiling baidu_ai_voice.c...
..\..\app\inc\debug.h(59): warning:  #47-D: incompatible redefinition of macro "assert" (declared at line 72 of "F:\Program Files (x86)\MDK5\ARM\ARMCC\Bin\..\include\assert.h")
                                                                                                                                                                                                                                                                                                                                                                                                                                                                                                                                                                                                                                                                                                                                                                                                                                                                                                                                                                                                                                                                
..\..\libmad-0.15.1b\mad.h(840): warning:  #231-D: declaration is not visible outside of function
  extern int MpegAudioDecoder(struct AUDIO_DEC_INPUT *input);
..\..\baidu-ai\baidu_ai_voice.c(257): warning:  #223-D: function "get_ai_audio_pcm_data" declared implicitly
              ret = get_ai_audio_pcm_data(len, send_len, senddata);
..\..\baidu-ai\baidu_ai_voice.c(247): warning:  #177-D: variable "rawdata" was declared but never referenced
      char *rawdata = NULL;
..\..\baidu-ai\baidu_ai_voice.c(341): warning:  #223-D: function "get_ai_audio_pcm_data_len" declared implicitly
          rawlen = get_ai_audio_pcm_data_len();   //rawlen   音频存放的地址
..\..\baidu-ai\baidu_ai_voice.c(510): warning:  #223-D: function "update_relay_status" declared implicitly
          update_relay_status(5, 1);
..\..\baidu-ai\baidu_ai_voice.c(522): warning:  #223-D: function "update_relay_status" declared implicitly
          update_relay_status(5, 0);
..\..\baidu-ai\baidu_ai_voice.c(580): warning:  #223-D: function "send_and_encode_text_event" declared implicitly
                      send_and_encode_text_event(pH, length);    //send the translated text to queue     发送转换后的信息到队列上
..\..\baidu-ai\baidu_ai_voice.c(886): warning:  #223-D: function "get_voice_ai_event" declared implicitly
              if( get_voice_ai_event(&data) < 0)     //等待消息队列中数据的到来
..\..\baidu-ai\baidu_ai_voice.c: 9 warnings, 0 errors
linking...
Program Size: Code=576188 RO-data=347168 RW-data=1920 ZI-data=9992  
FromELF: creating hex file...
After Build - User command #1: hex2bin.exe   .\out\wifi.hex
hex2bin v1.0.9, Copyright (C) 2012 Jacques Pelletier
checksum extensions Copyright (C) 2004 Rockwell Automation
improved P.G. 2007, modified Danny Schneider,2012
Lowest address  = 00000000
Highest address = 000E194F
Pad Byte        = FF
8-bit Checksum = B0
".\out\wifi.axf" - 0 Error(s), 14 Warning(s).

<h2>Software Packages used:</h2>

Package Vendor: ARM
                http://www.keil.com/pack/ARM.CMSIS.5.2.0.pack
                ARM::CMSIS:CORE:5.0.2
                CMSIS (Cortex Microcontroller Software Interface Standard)
   * Component: CORE Version: 5.0.2

<h2>Collection of Component include folders:</h2>
  I:\项目\物体识别\easy-IoT-object\easy-IoT-object3\project\keil_project_freertos\RTE
  F:\Program Files (x86)\MDK5\ARM\PACK\ARM\CMSIS\5.2.0\CMSIS\Include
  F:\Program Files (x86)\MDK5\ARM\PACK\Keil\STM32F4xx_DFP\2.11.0\Drivers\CMSIS\Device\ST\STM32F4xx\Include

<h2>Collection of Component Files used:</h2>

   * Component: ARM::CMSIS:CORE:5.0.2
</pre>
</body>
</html>
