<html>
<body>
<pre>
<h1>礦ision Build Log</h1>
<h2>Tool Versions:</h2>
IDE-Version: μVision V5.30.0.0
Copyright (C) 2020 ARM Ltd and ARM Germany GmbH. All rights reserved.
License Information: veis 1256639585@qq.com,   , LIC=3UURY-IT3EC-4A0DE-5QEIK-3ATN8-9DDFL
 
Tool Versions:
Toolchain:       MDK-ARM Professional  Version: 5.30.0.0
Toolchain Path:  C:\Keil_v5\ARM\ARMCC\Bin
C Compiler:      Armcc.exe V5.06 update 6 (build 750)
Assembler:       Armasm.exe V5.06 update 6 (build 750)
Linker/Locator:  ArmLink.exe V5.06 update 6 (build 750)
Library Manager: ArmAr.exe V5.06 update 6 (build 750)
Hex Converter:   FromElf.exe V5.06 update 6 (build 750)
CPU DLL:         SARMCM3.DLL V5.30.0.0
Dialog DLL:      DCM.DLL V1.17.3.0
Target DLL:      STLink\ST-LINKIII-KEIL_SWO.dll V3.0.7.0
Dialog DLL:      TCM.DLL V1.42.0.0
 
<h2>Project:</h2>
F:\创新项目\Finish\easy-IoT-object4\project\keil_project_ucos2_25M\easyIoT.uvprojx
Project File Date:  05/12/2020

<h2>Output:</h2>
*** Using Compiler 'V5.06 update 6 (build 750)', folder: 'C:\Keil_v5\ARM\ARMCC\Bin'
Build target 'code'
Note: source file '..\..\iotx-sdk-c\src\libs\mbedtls\library\debug.c' - object file renamed from '.\out\debug.o' to '.\out\debug_1.o'.
Note: source file '..\..\iotx-sdk-c\src\libs\mbedtls\library\sha1.c' - object file renamed from '.\out\sha1.o' to '.\out\sha1_1.o'.
Note: source file '..\..\iotx-sdk-c\src\libs\mbedtls\library\version.c' - object file renamed from '.\out\version.o' to '.\out\version_1.o'.
compiling sys_arch.c...
compiling sockets.c...
compiling ethernetif.c...
compiling os_cpu_c.c...
..\..\use\fontupd.h(10): warning:  #3108-D: attribute "packed" does not apply here
  __packed typedef struct 
..\..\kernel\ucos\uCOS-II\Ports\ARM-Cortex-M3\IAR\os_cpu_c.c: 1 warning, 0 errors
compiling eth_ethernetif.c...
..\..\use\fontupd.h(10): warning:  #3108-D: attribute "packed" does not apply here
  __packed typedef struct 
..\..\net\lwip\src\netif\eth_ethernetif.c: 1 warning, 0 errors
compiling moal_sdio_mmc.c...
..\..\use\fontupd.h(10): warning:  #3108-D: attribute "packed" does not apply here
  __packed typedef struct 
..\..\net\wlan_src\mlinux\moal_sdio_mmc.c: 1 warning, 0 errors
compiling madlld.c...
..\..\use\fontupd.h(10): warning:  #3108-D: attribute "packed" does not apply here
  __packed typedef struct 
..\..\libmad-0.15.1b\madlld.c: 1 warning, 0 errors
compiling audio_low_level.c...
..\..\use\fontupd.h(10): warning:  #3108-D: attribute "packed" does not apply here
  __packed typedef struct 
..\..\drivers\stm32f4xx\src\audio_low_level.c(64): warning:  #167-D: argument of type "char *" is incompatible with parameter of type "u_char *"
      ret = m25p80_read(AUDIO_RECORD_BASE_ADDR + offset, len, data);     //读出保存的进过压缩后的音频数据
..\..\drivers\stm32f4xx\src\audio_low_level.c(803): warning:  #167-D: argument of type "char *" is incompatible with parameter of type "const u_char *"
  				m25p80_write(audio_cfg.recording_to_flash_addr, src_len*2, (char *)src_data);
..\..\drivers\stm32f4xx\src\audio_low_level.c(772): warning:  #177-D: variable "frames"  was declared but never referenced
  			int frames = src_len/SPEEX_ENC_FRAME_SIZE;
..\..\drivers\stm32f4xx\src\audio_low_level.c: 4 warnings, 0 errors
compiling camera.c...
..\..\use\fontupd.h(10): warning:  #3108-D: attribute "packed" does not apply here
  __packed typedef struct 
..\..\drivers\stm32f4xx\src\camera.c: 1 warning, 0 errors
compiling dht11.c...
..\..\use\fontupd.h(10): warning:  #3108-D: attribute "packed" does not apply here
  __packed typedef struct 
..\..\drivers\stm32f4xx\src\dht11.c: 1 warning, 0 errors
compiling driver_misc.c...
..\..\use\fontupd.h(10): warning:  #3108-D: attribute "packed" does not apply here
  __packed typedef struct 
..\..\drivers\stm32f4xx\src\driver_misc.c: 1 warning, 0 errors
compiling lan8720.c...
..\..\use\fontupd.h(10): warning:  #3108-D: attribute "packed" does not apply here
  __packed typedef struct 
..\..\drivers\stm32f4xx\src\lan8720.c: 1 warning, 0 errors
compiling MFRC522.C...
..\..\use\fontupd.h(10): warning:  #3108-D: attribute "packed" does not apply here
  __packed typedef struct 
..\..\drivers\stm32f4xx\src\MFRC522.C: 1 warning, 0 errors
compiling rtc.c...
..\..\use\fontupd.h(10): warning:  #3108-D: attribute "packed" does not apply here
  __packed typedef struct 
..\..\drivers\stm32f4xx\src\rtc.c: 1 warning, 0 errors
compiling sdcard.c...
..\..\use\fontupd.h(10): warning:  #3108-D: attribute "packed" does not apply here
  __packed typedef struct 
..\..\drivers\stm32f4xx\src\sdcard.c: 1 warning, 0 errors
compiling usart.c...
..\..\use\fontupd.h(10): warning:  #3108-D: attribute "packed" does not apply here
  __packed typedef struct 
..\..\drivers\stm32f4xx\src\usart.c: 1 warning, 0 errors
compiling key.c...
..\..\use\fontupd.h(10): warning:  #3108-D: attribute "packed" does not apply here
  __packed typedef struct 
..\..\drivers\stm32f4xx\src\key.c(33): warning:  #111-D: statement is unreachable
          break;
..\..\drivers\stm32f4xx\src\key.c(36): warning:  #111-D: statement is unreachable
          break;
..\..\drivers\stm32f4xx\src\key.c(39): warning:  #940-D: missing return statement at end of non-void function "BUTTON_STAT_rev" 
  }
..\..\drivers\stm32f4xx\src\key.c: 4 warnings, 0 errors
compiling w25p80.c...
..\..\use\fontupd.h(10): warning:  #3108-D: attribute "packed" does not apply here
  __packed typedef struct 
..\..\drivers\stm32f4xx\src\w25p80.c(597): warning:  #550-D: variable "id"  was set but never used
  	uint32_t id;
..\..\drivers\stm32f4xx\src\w25p80.c: 2 warnings, 0 errors
compiling usb_bsp.c...
..\..\use\fontupd.h(10): warning:  #3108-D: attribute "packed" does not apply here
  __packed typedef struct 
..\..\drivers\stm32f4xx\usb\src\usb_bsp.c: 1 warning, 0 errors
compiling net_cemera.c...
..\..\use\fontupd.h(10): warning:  #3108-D: attribute "packed" does not apply here
  __packed typedef struct 
..\..\use\net_cemera.c(38): warning:  #550-D: variable "b"  was set but never used
      int b, irq_flag1, i, j;
..\..\use\net_cemera.c(38): warning:  #177-D: variable "irq_flag1"  was declared but never referenced
      int b, irq_flag1, i, j;
..\..\use\net_cemera.c(38): warning:  #177-D: variable "i"  was declared but never referenced
      int b, irq_flag1, i, j;
..\..\use\net_cemera.c(38): warning:  #177-D: variable "j"  was declared but never referenced
      int b, irq_flag1, i, j;
..\..\use\net_cemera.c(39): warning:  #177-D: variable "K_FIFO_BUF"  was declared but never referenced
      static int  K_FIFO_BUF = 0;
..\..\use\net_cemera.c(40): warning:  #177-D: variable "p"  was declared but never referenced
      u8 *p;
..\..\use\net_cemera.c(213): warning:  #177-D: variable "fac"  was declared but never referenced
      u8 fac;
..\..\use\net_cemera.c: 8 warnings, 0 errors
compiling usbh_usr.c...
..\..\use\fontupd.h(10): warning:  #3108-D: attribute "packed" does not apply here
  __packed typedef struct 
..\..\drivers\stm32f4xx\usb\src\usbh_usr.c(369): warning:  #223-D: function "test_mount_fs" declared implicitly
  					test_mount_fs();
..\..\drivers\stm32f4xx\usb\src\usbh_usr.c(384): warning:  #223-D: function "test_unmount_fs" declared implicitly
  		test_unmount_fs();
..\..\drivers\stm32f4xx\usb\src\usbh_usr.c: 3 warnings, 0 errors
compiling usbh_core.c...
..\..\use\fontupd.h(10): warning:  #3108-D: attribute "packed" does not apply here
  __packed typedef struct 
..\..\drivers\stm32f4xx\usb\STM32_USB_HOST_Library\src\usbh_core.c: 1 warning, 0 errors
compiling usbh_hcs.c...
..\..\use\fontupd.h(10): warning:  #3108-D: attribute "packed" does not apply here
  __packed typedef struct 
..\..\drivers\stm32f4xx\usb\STM32_USB_HOST_Library\src\usbh_hcs.c: 1 warning, 0 errors
compiling usbh_ioreq.c...
..\..\use\fontupd.h(10): warning:  #3108-D: attribute "packed" does not apply here
  __packed typedef struct 
..\..\drivers\stm32f4xx\usb\STM32_USB_HOST_Library\src\usbh_ioreq.c: 1 warning, 0 errors
compiling usbh_stdreq.c...
..\..\use\fontupd.h(10): warning:  #3108-D: attribute "packed" does not apply here
  __packed typedef struct 
..\..\drivers\stm32f4xx\usb\STM32_USB_HOST_Library\src\usbh_stdreq.c: 1 warning, 0 errors
compiling usb_core.c...
..\..\use\fontupd.h(10): warning:  #3108-D: attribute "packed" does not apply here
  __packed typedef struct 
..\..\drivers\stm32f4xx\usb\STM32_USB_OTG_Driver\src\usb_core.c: 1 warning, 0 errors
compiling usb_hcd.c...
..\..\use\fontupd.h(10): warning:  #3108-D: attribute "packed" does not apply here
  __packed typedef struct 
..\..\drivers\stm32f4xx\usb\STM32_USB_OTG_Driver\src\usb_hcd.c: 1 warning, 0 errors
compiling usb_hcd_int.c...
..\..\use\fontupd.h(10): warning:  #3108-D: attribute "packed" does not apply here
  __packed typedef struct 
..\..\drivers\stm32f4xx\usb\STM32_USB_OTG_Driver\src\usb_hcd_int.c: 1 warning, 0 errors
compiling usbh_msc_core.c...
..\..\use\fontupd.h(10): warning:  #3108-D: attribute "packed" does not apply here
  __packed typedef struct 
..\..\drivers\stm32f4xx\usb\Class\MSC\Src\usbh_msc_core.c: 1 warning, 0 errors
compiling usbh_msc_bot.c...
..\..\use\fontupd.h(10): warning:  #3108-D: attribute "packed" does not apply here
  __packed typedef struct 
..\..\drivers\stm32f4xx\usb\Class\MSC\Src\usbh_msc_bot.c: 1 warning, 0 errors
compiling usbh_msc_scsi.c...
..\..\use\fontupd.h(10): warning:  #3108-D: attribute "packed" does not apply here
  __packed typedef struct 
..\..\drivers\stm32f4xx\usb\Class\MSC\Src\usbh_msc_scsi.c: 1 warning, 0 errors
compiling usbh_msc_fatfs.c...
..\..\use\fontupd.h(10): warning:  #3108-D: attribute "packed" does not apply here
  __packed typedef struct 
..\..\drivers\stm32f4xx\usb\Class\MSC\Src\usbh_msc_fatfs.c: 1 warning, 0 errors
compiling web_cfg.c...
..\..\use\fontupd.h(10): warning:  #3108-D: attribute "packed" does not apply here
  __packed typedef struct 
..\..\app\src\httpd\web_cfg.c(200): warning:  #940-D: missing return statement at end of non-void function "read_web_cfg" 
  }
..\..\app\src\httpd\web_cfg.c(221): warning:  #111-D: statement is unreachable
      reset_ctl_cfg(cfg);
..\..\app\src\httpd\web_cfg.c: 3 warnings, 0 errors
compiling sys_misc.c...
..\..\use\fontupd.h(10): warning:  #3108-D: attribute "packed" does not apply here
  __packed typedef struct 
..\..\app\src\sys_misc.c: 1 warning, 0 errors
compiling debug.c...
..\..\use\fontupd.h(10): warning:  #3108-D: attribute "packed" does not apply here
  __packed typedef struct 
..\..\app\src\debug.c: 1 warning, 0 errors
compiling wifi.c...
..\..\use\fontupd.h(10): warning:  #3108-D: attribute "packed" does not apply here
  __packed typedef struct 
..\..\app\src\wifi.c: 1 warning, 0 errors
compiling test_tcpip.c...
..\..\use\fontupd.h(10): warning:  #3108-D: attribute "packed" does not apply here
  __packed typedef struct 
..\..\app\src\test_tcpip.c: 1 warning, 0 errors
compiling test_wifi.c...
..\..\use\fontupd.h(10): warning:  #3108-D: attribute "packed" does not apply here
  __packed typedef struct 
..\..\app\src\test_wifi.c: 1 warning, 0 errors
compiling audio.c...
..\..\use\fontupd.h(10): warning:  #3108-D: attribute "packed" does not apply here
  __packed typedef struct 
..\..\app\src\audio\audio.c(391): warning:  #223-D: function "update_ai_event" declared implicitly
      update_ai_event();                         //释放信号量  ai_audio_wait
..\..\app\src\audio\audio.c: 2 warnings, 0 errors
compiling adpcm.c...
..\..\use\fontupd.h(10): warning:  #3108-D: attribute "packed" does not apply here
  __packed typedef struct 
..\..\app\src\audio\adpcm.c: 1 warning, 0 errors
compiling sensers.c...
..\..\use\fontupd.h(10): warning:  #3108-D: attribute "packed" does not apply here
  __packed typedef struct 
..\..\app\src\sensers.c: 1 warning, 0 errors
compiling tcpapp.c...
..\..\use\fontupd.h(10): warning:  #3108-D: attribute "packed" does not apply here
  __packed typedef struct 
..\..\net\dhcpd\dhcpserver.h(48): warning:  #47-D: incompatible redefinition of macro "DHCP_REQUEST"  (declared at line 183 of "..\..\net\lwip\src\include\lwip/dhcp.h")
  #define DHCP_REQUEST        1
..\..\net\dhcpd\dhcpserver.h(87): warning:  #1295-D: Deprecated declaration dhcps_start - give arg types
  void dhcps_start();
..\..\app\src\tcpapp.c: 3 warnings, 0 errors
compiling test.c...
..\..\use\fontupd.h(10): warning:  #3108-D: attribute "packed" does not apply here
  __packed typedef struct 
..\..\app\src\test.c(24): warning:  #167-D: argument of type "u8_t *" is incompatible with parameter of type "char *"
      send_and_encode_text_event(command, cmd_index);
..\..\app\src\test.c: 2 warnings, 0 errors
compiling work.c...
..\..\use\fontupd.h(10): warning:  #3108-D: attribute "packed" does not apply here
  __packed typedef struct 
..\..\app\src\work.c: 1 warning, 0 errors
compiling test_fs.c...
..\..\use\fontupd.h(10): warning:  #3108-D: attribute "packed" does not apply here
  __packed typedef struct 
..\..\app\src\test_fs.c(255): warning:  #223-D: function "disk_read" declared implicitly
  		ret = disk_read(0, test_buff, i, 1);
..\..\app\src\test_fs.c(343): warning:  #550-D: variable "flag"  was set but never used
  	int flag = 0;
..\..\app\src\test_fs.c(512): warning:  #127-D: expected a statement
  	}
..\..\app\src\test_fs.c: 4 warnings, 0 errors
compiling onenet_http_control.c...
compiling web_server.c...
..\..\use\fontupd.h(10): warning:  #3108-D: attribute "packed" does not apply here
  __packed typedef struct 
..\..\use\web_server.c(85): warning:  #177-D: variable "state"  was declared but never referenced
      static u8 state = 0;
..\..\use\web_server.c(87): warning:  #177-D: variable "buflen"  was declared but never referenced
      u16_t buflen;
..\..\use\web_server.c(88): warning:  #177-D: variable "err"  was declared but never referenced
      err_t err;
..\..\use\web_server.c(188): warning:  #177-D: variable "a"  was declared but never referenced
      char a;
..\..\use\web_server.c(246): warning:  #177-D: variable "my_ret"  was declared but never referenced
  	int my_ret;
..\..\use\web_server.c(248): warning:  #177-D: variable "b"  was declared but never referenced
      char * b;
..\..\use\web_server.c: 7 warnings, 0 errors
compiling interface.c...
..\..\use\fontupd.h(10): warning:  #3108-D: attribute "packed" does not apply here
  __packed typedef struct 
..\..\use\interface.c: 1 warning, 0 errors
linking...
Program Size: Code=538036 RO-data=966632 RW-data=1912 ZI-data=17248  
FromELF: creating hex file...
After Build - User command #1: hex2bin.exe   .\out\wifi.hex
hex2bin v1.0.9, Copyright (C) 2012 Jacques Pelletier
checksum extensions Copyright (C) 2004 Rockwell Automation
improved P.G. 2007, modified Danny Schneider,2012
Lowest address  = 00000000
Highest address = 0016F80B
Pad Byte        = FF
8-bit Checksum = CE
".\out\wifi.axf" - 0 Error(s), 75 Warning(s).

<h2>Software Packages used:</h2>

Package Vendor: ARM
                http://www.keil.com/pack/ARM.CMSIS.5.7.0.pack
                ARM.CMSIS.5.7.0
                CMSIS (Cortex Microcontroller Software Interface Standard)
   * Component: CORE Version: 5.4.0

Package Vendor: Keil
                http://www.keil.com/pack/Keil.STM32F4xx_DFP.2.14.0.pack
                Keil.STM32F4xx_DFP.2.14.0
                STMicroelectronics STM32F4 Series Device Support, Drivers and Examples

<h2>Collection of Component include folders:</h2>
  .\RTE\_code
  C:\Keil_v5\ARM\PACK\ARM\CMSIS\5.7.0\CMSIS\Core\Include
  C:\Keil_v5\ARM\PACK\Keil\STM32F4xx_DFP\2.14.0\Drivers\CMSIS\Device\ST\STM32F4xx\Include

<h2>Collection of Component Files used:</h2>

   * Component: ARM::CMSIS:CORE:5.4.0
Build Time Elapsed:  00:01:10
</pre>
</body>
</html>
